2023-11-15 04:22:30.127 T:7528    debug <general>: CSMBFile::Open - opened smb://USERNAME:PASSWORD@192.168.1.10/Films/Kodi Backup/Android/data/org.xbmc.kodi/files/.kodi/userdata/playlists/video/Comedy.xsp, fd=10000
2023-11-15 04:22:30.135 T:7528    debug <general>: CSMBFile::Close closing fd 10000
2023-11-15 04:22:30.136 T:7488    debug <general>: CSMBFile::Open - opened smb://USERNAME:PASSWORD@192.168.1.10/Films/Kodi Backup/Android/data/org.xbmc.kodi/files/.kodi/userdata/playlists/video/Adventure and Fantasy.xsp, fd=10001
2023-11-15 04:22:30.136 T:7528    debug <general>: connect replacing configured host 192.168.1.10 with resolved host 192.168.1.10
2023-11-15 04:22:30.143 T:7475     info <general>: WEATHER: Downloading weather
2023-11-15 04:22:30.143 T:7529    debug <general>: Thread LanguageInvoker start, auto delete: false
2023-11-15 04:22:30.143 T:7529    debug <general>: initializing python engine.
2023-11-15 04:22:30.143 T:7529    debug <general>: CPythonInvoker(12, /storage/emulated/0/Android/data/org.xbmc.kodi/files/.kodi/addons/weather.gismeteo/default.py): start processing
2023-11-15 04:22:30.144 T:7488    debug <general>: CSMBFile::Close closing fd 10001
2023-11-15 04:22:30.153 T:7488    debug <general>: CSMBFile::Open - opened smb://USERNAME:PASSWORD@192.168.1.10/Films/Kodi Backup/Android/data/org.xbmc.kodi/files/.kodi/userdata/playlists/video/Cartoons EN.xsp, fd=10001
2023-11-15 04:22:30.160 T:7488    debug <general>: CSMBFile::Close closing fd 10001
2023-11-15 04:22:30.162 T:7488    debug <general>: CSMBFile::Open - opened smb://USERNAME:PASSWORD@192.168.1.10/Films/Kodi Backup/Android/data/org.xbmc.kodi/files/.kodi/userdata/playlists/video/Cartoons EN.xsp, fd=10001
2023-11-15 04:22:30.169 T:7488    debug <general>: CSMBFile::Close closing fd 10001
2023-11-15 04:22:30.170 T:7488    debug <general>: connect replacing configured host 192.168.1.10 with resolved host 192.168.1.10
2023-11-15 04:22:30.176 T:7516    debug <general>: CRecentlyAddedJob::UpdateTotal() - Running RecentlyAdded home screen update
2023-11-15 04:22:30.177 T:7516    debug <general>: connect replacing configured host 192.168.1.10 with resolved host 192.168.1.10
2023-11-15 04:22:30.183 T:7529    debug <general>: -->Python Interpreter Initialized<--
2023-11-15 04:22:30.183 T:7529    debug <general>: 
                                                   
2023-11-15 04:22:30.183 T:7529    debug <general>: CPythonInvoker(12, /storage/emulated/0/Android/data/org.xbmc.kodi/files/.kodi/addons/weather.gismeteo/default.py): the source file to load is "/storage/emulated/0/Android/data/org.xbmc.kodi/files/.kodi/addons/weather.gismeteo/default.py"
2023-11-15 04:22:30.183 T:7529    debug <general>: CPythonInvoker(12): full python path:
2023-11-15 04:22:30.183 T:7529    debug <general>: CPythonInvoker(12):   custom python path:
2023-11-15 04:22:30.183 T:7529    debug <general>: CPythonInvoker(12):     /storage/emulated/0/Android/data/org.xbmc.kodi/files/.kodi/addons/script.module.certifi/lib
2023-11-15 04:22:30.183 T:7529    debug <general>: CPythonInvoker(12):     /storage/emulated/0/Android/data/org.xbmc.kodi/files/.kodi/addons/script.module.chardet/lib
2023-11-15 04:22:30.183 T:7529    debug <general>: CPythonInvoker(12):     /storage/emulated/0/Android/data/org.xbmc.kodi/files/.kodi/addons/script.module.future/lib
2023-11-15 04:22:30.183 T:7529    debug <general>: CPythonInvoker(12):     /storage/emulated/0/Android/data/org.xbmc.kodi/files/.kodi/addons/script.module.idna/lib
2023-11-15 04:22:30.183 T:7529    debug <general>: CPythonInvoker(12):     /storage/emulated/0/Android/data/org.xbmc.kodi/files/.kodi/addons/script.module.requests/lib
2023-11-15 04:22:30.183 T:7529    debug <general>: CPythonInvoker(12):     /storage/emulated/0/Android/data/org.xbmc.kodi/files/.kodi/addons/script.module.simpleplugin3/libs
2023-11-15 04:22:30.183 T:7529    debug <general>: CPythonInvoker(12):     /storage/emulated/0/Android/data/org.xbmc.kodi/files/.kodi/addons/script.module.urllib3/lib
2023-11-15 04:22:30.184 T:7529    debug <general>: CPythonInvoker(12):     /storage/emulated/0/Android/data/org.xbmc.kodi/files/.kodi/addons/weather.gismeteo
2023-11-15 04:22:30.184 T:7529    debug <general>: CPythonInvoker(12):   default python path:
2023-11-15 04:22:30.184 T:7529    debug <general>: CPythonInvoker(12):     /data/user/0/org.xbmc.kodi/cache/apk/assets/python3.11/lib/python311.zip
2023-11-15 04:22:30.184 T:7529    debug <general>: CPythonInvoker(12):     /data/user/0/org.xbmc.kodi/cache/apk/assets/python3.11
2023-11-15 04:22:30.184 T:7529    debug <general>: CPythonInvoker(12):     /data/user/0/org.xbmc.kodi/cache/apk/assets/python3.11/site-packages
2023-11-15 04:22:30.184 T:7529    debug <general>: CPythonInvoker(12):     /data/user/0/org.xbmc.kodi/cache/apk/assets/python3.11/lib/python3.11
2023-11-15 04:22:30.184 T:7529    debug <general>: CPythonInvoker(12):     /data/user/0/org.xbmc.kodi/cache/apk/assets/python3.11/lib/python3.11/lib-dynload
2023-11-15 04:22:30.184 T:7529    debug <general>: CPythonInvoker(12):     /data/user/0/org.xbmc.kodi/cache/apk/assets/python3.11/lib/python3.11/site-packages
2023-11-15 04:22:30.184 T:7529    debug <general>: CPythonInvoker(12):     /data/user/0/org.xbmc.kodi/cache/apk/assets/python3.11/lib/python3.11/site-packages/setuptools-65.5.0.post20230629-py3.11.egg
2023-11-15 04:22:30.184 T:7529    debug <general>: CPythonInvoker(12): adding args:
2023-11-15 04:22:30.184 T:7529    debug <general>: CPythonInvoker(12):  /storage/emulated/0/Android/data/org.xbmc.kodi/files/.kodi/addons/weather.gismeteo/default.py
2023-11-15 04:22:30.184 T:7529    debug <general>: CPythonInvoker(12):  1
2023-11-15 04:22:30.184 T:7529    debug <general>: CPythonInvoker(12, /storage/emulated/0/Android/data/org.xbmc.kodi/files/.kodi/addons/weather.gismeteo/default.py): entering source directory /storage/emulated/0/Android/data/org.xbmc.kodi/files/.kodi/addons/weather.gismeteo
2023-11-15 04:22:30.184 T:7529    debug <general>: CPythonInvoker(12, /storage/emulated/0/Android/data/org.xbmc.kodi/files/.kodi/addons/weather.gismeteo/default.py): instantiating addon using automatically obtained id of "weather.gismeteo" dependent on version 3.0.0 of the xbmc.python api
2023-11-15 04:22:30.197 T:7488    debug <general>: This query part contains a like, we will double backslash in the next field:  LIKE '
2023-11-15 04:22:30.205 T:7516     info <general>: Skipped 1 duplicate messages..
2023-11-15 04:22:30.205 T:7516    debug <general>: connect replacing configured host 192.168.1.10 with resolved host 192.168.1.10
2023-11-15 04:22:30.207 T:7528    debug <general>: This query part contains a like, we will double backslash in the next field:  LIKE '
2023-11-15 04:22:30.450 T:7528     info <general>: Skipped 1 duplicate messages..
2023-11-15 04:22:30.450 T:7528    debug <general>: connect replacing configured host 192.168.1.10 with resolved host 192.168.1.10
2023-11-15 04:22:30.496 T:7488    debug <general>: CSMBFile::Open - opened smb://USERNAME:PASSWORD@192.168.1.10/Films/Kodi Backup/Android/data/org.xbmc.kodi/files/.kodi/userdata/playlists/video/Cartoons EN.xsp, fd=10001
2023-11-15 04:22:30.503 T:7488    debug <general>: CSMBFile::Close closing fd 10001
2023-11-15 04:22:30.529 T:7488    debug <general>: CSMBFile::Open - opened smb://USERNAME:PASSWORD@192.168.1.10/Films/Kodi Backup/Android/data/org.xbmc.kodi/files/.kodi/userdata/playlists/video/Cartoons EN.xsp, fd=10001
2023-11-15 04:22:30.537 T:7488    debug <general>: CSMBFile::Close closing fd 10001
2023-11-15 04:22:30.562 T:7488    debug <general>: CSMBFile::Open - opened smb://USERNAME:PASSWORD@192.168.1.10/Films/Kodi Backup/Android/data/org.xbmc.kodi/files/.kodi/userdata/playlists/video/Cartoons EN.xsp, fd=10001
2023-11-15 04:22:30.569 T:7488    debug <general>: CSMBFile::Close closing fd 10001
2023-11-15 04:22:30.595 T:7488    debug <general>: CSMBFile::Open - opened smb://USERNAME:PASSWORD@192.168.1.10/Films/Kodi Backup/Android/data/org.xbmc.kodi/files/.kodi/userdata/playlists/video/Cartoons RU.xsp, fd=10001
2023-11-15 04:22:30.602 T:7488    debug <general>: CSMBFile::Close closing fd 10001
2023-11-15 04:22:30.604 T:7488    debug <general>: CSMBFile::Open - opened smb://USERNAME:PASSWORD@192.168.1.10/Films/Kodi Backup/Android/data/org.xbmc.kodi/files/.kodi/userdata/playlists/video/Cartoons RU.xsp, fd=10001
2023-11-15 04:22:30.611 T:7488    debug <general>: CSMBFile::Close closing fd 10001
2023-11-15 04:22:30.612 T:7488    debug <general>: connect replacing configured host 192.168.1.10 with resolved host 192.168.1.10
2023-11-15 04:22:30.640 T:7488    debug <general>: This query part contains a like, we will double backslash in the next field:  LIKE '
2023-11-15 04:22:30.650 T:7434     info <general>: Skipped 1 duplicate messages..
2023-11-15 04:22:30.650 T:7434    debug <general>: Keyboard: scancode: 0x17, sym: 0x0d, unicode: 0x00, modifier: 0x0
2023-11-15 04:22:30.722 T:7488    debug <general>: CSMBFile::Open - opened smb://USERNAME:PASSWORD@192.168.1.10/Films/Kodi Backup/Android/data/org.xbmc.kodi/files/.kodi/userdata/playlists/video/Cartoons RU.xsp, fd=10001
2023-11-15 04:22:30.725 T:7528    debug <general>: connect replacing configured host 192.168.1.10 with resolved host 192.168.1.10
2023-11-15 04:22:30.729 T:7488    debug <general>: CSMBFile::Close closing fd 10001
2023-11-15 04:22:30.733 T:7488    debug <general>: CSMBFile::Open - opened smb://USERNAME:PASSWORD@192.168.1.10/Films/Kodi Backup/Android/data/org.xbmc.kodi/files/.kodi/userdata/playlists/video/Cartoons RU.xsp, fd=10001
2023-11-15 04:22:30.740 T:7488    debug <general>: CSMBFile::Close closing fd 10001
2023-11-15 04:22:30.744 T:7488    debug <general>: CSMBFile::Open - opened smb://USERNAME:PASSWORD@192.168.1.10/Films/Kodi Backup/Android/data/org.xbmc.kodi/files/.kodi/userdata/playlists/video/Cartoons RU.xsp, fd=10001
2023-11-15 04:22:30.751 T:7488    debug <general>: CSMBFile::Close closing fd 10001
2023-11-15 04:22:30.755 T:7488    debug <general>: CSMBFile::Open - opened smb://USERNAME:PASSWORD@192.168.1.10/Films/Kodi Backup/Android/data/org.xbmc.kodi/files/.kodi/userdata/playlists/video/Cartoons RU TV.xsp, fd=10001
2023-11-15 04:22:30.762 T:7488    debug <general>: CSMBFile::Close closing fd 10001
2023-11-15 04:22:30.764 T:7488    debug <general>: CSMBFile::Open - opened smb://USERNAME:PASSWORD@192.168.1.10/Films/Kodi Backup/Android/data/org.xbmc.kodi/files/.kodi/userdata/playlists/video/Cartoons RU TV.xsp, fd=10001
2023-11-15 04:22:30.772 T:7488    debug <general>: CSMBFile::Close closing fd 10001
2023-11-15 04:22:30.772 T:7488    debug <general>: connect replacing configured host 192.168.1.10 with resolved host 192.168.1.10
2023-11-15 04:22:30.799 T:7488     info <general>: Skipped 1 duplicate messages..
2023-11-15 04:22:30.799 T:7488    debug <general>: This query part contains a like, we will double backslash in the next field:  LIKE '
2023-11-15 04:22:30.813 T:7488     info <general>: Skipped 1 duplicate messages..
2023-11-15 04:22:30.813 T:7488    debug <general>: CSMBFile::Open - opened smb://USERNAME:PASSWORD@192.168.1.10/Films/Kodi Backup/Android/data/org.xbmc.kodi/files/.kodi/userdata/playlists/video/Cartoons RU TV.xsp, fd=10001
2023-11-15 04:22:30.820 T:7488    debug <general>: CSMBFile::Close closing fd 10001
2023-11-15 04:22:30.823 T:7488    debug <general>: CSMBFile::Open - opened smb://USERNAME:PASSWORD@192.168.1.10/Films/Kodi Backup/Android/data/org.xbmc.kodi/files/.kodi/userdata/playlists/video/Cartoons RU TV.xsp, fd=10001
2023-11-15 04:22:30.834 T:7488    debug <general>: CSMBFile::Close closing fd 10001
2023-11-15 04:22:30.837 T:7488    debug <general>: CSMBFile::Open - opened smb://USERNAME:PASSWORD@192.168.1.10/Films/Kodi Backup/Android/data/org.xbmc.kodi/files/.kodi/userdata/playlists/video/Cartoons RU TV.xsp, fd=10001
2023-11-15 04:22:30.841 T:7528    debug <general>: connect replacing configured host 192.168.1.10 with resolved host 192.168.1.10
2023-11-15 04:22:30.845 T:7488    debug <general>: CSMBFile::Close closing fd 10001
2023-11-15 04:22:30.845 T:7434    debug <general>: Keyboard: scancode: 0x17, sym: 0x0d, unicode: 0x00, modifier: 0x0
2023-11-15 04:22:30.845 T:7434    debug <general>: HandleKey: return (0xf00d) pressed, window 10106, action is Select
2023-11-15 04:22:30.849 T:7488    debug <general>: CSMBFile::Open - opened smb://USERNAME:PASSWORD@192.168.1.10/Films/Kodi Backup/Android/data/org.xbmc.kodi/files/.kodi/userdata/playlists/video/CCCP.xsp, fd=10001
2023-11-15 04:22:30.858 T:7488    debug <general>: CSMBFile::Close closing fd 10001
2023-11-15 04:22:30.859 T:7488    debug <general>: CSMBFile::Open - opened smb://USERNAME:PASSWORD@192.168.1.10/Films/Kodi Backup/Android/data/org.xbmc.kodi/files/.kodi/userdata/playlists/video/CCCP.xsp, fd=10001
2023-11-15 04:22:30.867 T:7488    debug <general>: CSMBFile::Close closing fd 10001
2023-11-15 04:22:30.871 T:7488    debug <general>: connect replacing configured host 192.168.1.10 with resolved host 192.168.1.10
2023-11-15 04:22:30.900 T:7488    debug <general>: This query part contains a like, we will double backslash in the next field:  LIKE '
2023-11-15 04:22:30.906 T:7528     info <general>: Skipped 1 duplicate messages..
2023-11-15 04:22:30.906 T:7528    debug <general>: connect replacing configured host 192.168.1.10 with resolved host 192.168.1.10
2023-11-15 04:22:30.964 T:7488    debug <general>: CSMBFile::Open - opened smb://USERNAME:PASSWORD@192.168.1.10/Films/Kodi Backup/Android/data/org.xbmc.kodi/files/.kodi/userdata/playlists/video/CCCP.xsp, fd=10001
2023-11-15 04:22:30.972 T:7488    debug <general>: CSMBFile::Close closing fd 10001
2023-11-15 04:22:30.975 T:7488    debug <general>: CSMBFile::Open - opened smb://USERNAME:PASSWORD@192.168.1.10/Films/Kodi Backup/Android/data/org.xbmc.kodi/files/.kodi/userdata/playlists/video/CCCP.xsp, fd=10001
2023-11-15 04:22:30.977 T:7528    debug <general>: connect replacing configured host 192.168.1.10 with resolved host 192.168.1.10
2023-11-15 04:22:30.983 T:7488    debug <general>: CSMBFile::Close closing fd 10001
2023-11-15 04:22:30.988 T:7488    debug <general>: CSMBFile::Open - opened smb://USERNAME:PASSWORD@192.168.1.10/Films/Kodi Backup/Android/data/org.xbmc.kodi/files/.kodi/userdata/playlists/video/CCCP.xsp, fd=10001
2023-11-15 04:22:30.996 T:7488    debug <general>: CSMBFile::Close closing fd 10001
2023-11-15 04:22:30.999 T:7488    debug <general>: CSMBFile::Open - opened smb://USERNAME:PASSWORD@192.168.1.10/Films/Kodi Backup/Android/data/org.xbmc.kodi/files/.kodi/userdata/playlists/video/Comedy.xsp, fd=10001
2023-11-15 04:22:31.003 T:7529    debug <CAddonSettings[0@weather.gismeteo]>: trying to load setting definitions from old format...
2023-11-15 04:22:31.007 T:7488    debug <general>: CSMBFile::Close closing fd 10001
2023-11-15 04:22:31.010 T:7529    debug <general>: CSMBFile::Open - opened smb://USERNAME:PASSWORD@192.168.1.10/Films/Kodi Backup/Android/data/org.xbmc.kodi/files/.kodi/userdata/addon_data/weather.gismeteo/settings.xml, fd=10001
2023-11-15 04:22:31.018 T:7529    debug <general>: CSMBFile::Close closing fd 10001
2023-11-15 04:22:31.019 T:7529    debug <CSettingsManager>: requested setting (label3) was not found.
2023-11-15 04:22:31.019 T:7529    debug <CSettingsManager>: requested setting (label5) was not found.
2023-11-15 04:22:31.019 T:7529    debug <CSettingsManager>: requested setting (label7) was not found.
2023-11-15 04:22:31.029 T:7488    debug <general>: CSMBFile::Open - opened smb://USERNAME:PASSWORD@192.168.1.10/Films/Kodi Backup/Android/data/org.xbmc.kodi/files/.kodi/userdata/playlists/video/Comedy.xsp, fd=10001
2023-11-15 04:22:31.038 T:7488    debug <general>: CSMBFile::Close closing fd 10001
2023-11-15 04:22:31.043 T:7528    debug <general>: connect replacing configured host 192.168.1.10 with resolved host 192.168.1.10
2023-11-15 04:22:31.044 T:7529    debug <general>: weather.gismeteo [v.0.6.3+matrix.1]: <Weather ['/storage/emulated/0/Android/data/org.xbmc.kodi/files/.kodi/addons/weather.gismeteo/default.py', '1']>
2023-11-15 04:22:31.045 T:7529    debug <general>: weather.gismeteo [v.0.6.3+matrix.1]: Actions: ['root', 'location']
2023-11-15 04:22:31.045 T:7529    debug <general>: weather.gismeteo [v.0.6.3+matrix.1]: Called action root with params <Params {'id': '1'}>
2023-11-15 04:22:31.045 T:7529    debug <general>: weather.gismeteo [v.0.6.3+matrix.1]: Cache miss: _ip_locations('en',){}
2023-11-15 04:22:31.056 T:7488    debug <general>: CSMBFile::Open - opened smb://USERNAME:PASSWORD@192.168.1.10/Films/Kodi Backup/Android/data/org.xbmc.kodi/files/.kodi/userdata/playlists/video/Comedy.xsp, fd=10001
2023-11-15 04:22:31.064 T:7488    debug <general>: CSMBFile::Close closing fd 10001
2023-11-15 04:22:31.083 T:7488    debug <general>: CSMBFile::Open - opened smb://USERNAME:PASSWORD@192.168.1.10/Films/Kodi Backup/Android/data/org.xbmc.kodi/files/.kodi/userdata/playlists/video/Comedy.xsp, fd=10001
2023-11-15 04:22:31.093 T:7488    debug <general>: CSMBFile::Close closing fd 10001
2023-11-15 04:22:31.096 T:7434    debug <general>: ------ Window Deinit (DialogContextMenu.xml) ------
2023-11-15 04:22:31.108 T:7434    debug <general>: connect replacing configured host 192.168.1.10 with resolved host 192.168.1.10
2023-11-15 04:22:31.112 T:7488    debug <general>: CSMBFile::Open - opened smb://USERNAME:PASSWORD@192.168.1.10/Films/Kodi Backup/Android/data/org.xbmc.kodi/files/.kodi/userdata/playlists/video/Crime.xsp, fd=10001
2023-11-15 04:22:31.114 T:7528    debug <general>: connect replacing configured host 192.168.1.10 with resolved host 192.168.1.10
2023-11-15 04:22:31.120 T:7488    debug <general>: CSMBFile::Close closing fd 10001
2023-11-15 04:22:31.121 T:7488    debug <general>: CSMBFile::Open - opened smb://USERNAME:PASSWORD@192.168.1.10/Films/Kodi Backup/Android/data/org.xbmc.kodi/files/.kodi/userdata/playlists/video/Crime.xsp, fd=10001
2023-11-15 04:22:31.128 T:7488    debug <general>: CSMBFile::Close closing fd 10001
2023-11-15 04:22:31.129 T:7488    debug <general>: connect replacing configured host 192.168.1.10 with resolved host 192.168.1.10
2023-11-15 04:22:31.142 T:7434    debug <general>: CPlayerCoreFactory::GetPlayers(smb://192.168.1.10/Films/- Cartoons -/- Ru -/- CCCP -/Movies/Приключения капитана Врунгеля (1979)/Приключения капитана Врунгеля (1979).avi)
2023-11-15 04:22:31.142 T:7434    debug <general>: CPlayerSelectionRule::GetPlayers: considering rule: system rules
2023-11-15 04:22:31.142 T:7434    debug <general>: CPlayerSelectionRule::GetPlayers: matches rule: system rules
2023-11-15 04:22:31.142 T:7434    debug <general>: CPlayerSelectionRule::GetPlayers: considering rule: mms/udp
2023-11-15 04:22:31.142 T:7434    debug <general>: CPlayerSelectionRule::GetPlayers: considering rule: lastfm/shout
2023-11-15 04:22:31.142 T:7434    debug <general>: CPlayerSelectionRule::GetPlayers: considering rule: rtmp
2023-11-15 04:22:31.142 T:7434    debug <general>: CPlayerSelectionRule::GetPlayers: considering rule: rtsp
2023-11-15 04:22:31.142 T:7434    debug <general>: CPlayerSelectionRule::GetPlayers: considering rule: streams
2023-11-15 04:22:31.142 T:7434    debug <general>: CPlayerSelectionRule::GetPlayers: considering rule: dvd
2023-11-15 04:22:31.143 T:7434    debug <general>: CPlayerSelectionRule::GetPlayers: considering rule: discimage
2023-11-15 04:22:31.143 T:7434    debug <general>: CPlayerSelectionRule::GetPlayers: considering rule: sdp/asf
2023-11-15 04:22:31.143 T:7434    debug <general>: CPlayerSelectionRule::GetPlayers: considering rule: nsv
2023-11-15 04:22:31.143 T:7434    debug <general>: CPlayerSelectionRule::GetPlayers: considering rule: radio
2023-11-15 04:22:31.143 T:7434    debug <general>: CPlayerCoreFactory::GetPlayers: matched 0 rules with players
2023-11-15 04:22:31.143 T:7434    debug <general>: CPlayerCoreFactory::GetPlayers: adding videodefaultplayer (VideoPlayer)
2023-11-15 04:22:31.143 T:7434    debug <general>: CPlayerCoreFactory::GetPlayers: for video=true, audio=false
2023-11-15 04:22:31.143 T:7434    debug <general>: CPlayerCoreFactory::GetPlayers: for video=true, audio=true
2023-11-15 04:22:31.143 T:7434    debug <general>: CPlayerCoreFactory::GetPlayers: added 1 players
2023-11-15 04:22:31.147 T:7434    debug <general>: Radio UECP (RDS) Processor - new CDVDRadioRDSData
2023-11-15 04:22:31.147 T:7434    debug <general>: Audio ID3 tag processor - new CVideoPlayerAudioID3
2023-11-15 04:22:31.150 T:7434     info <general>: VideoPlayer::OpenFile: smb://192.168.1.10/Films/- Cartoons -/- Ru -/- CCCP -/Movies/Приключения капитана Врунгеля (1979)/Приключения капитана Врунгеля (1979).avi
2023-11-15 04:22:31.151 T:7531    debug <general>: Thread VideoPlayer start, auto delete: false
2023-11-15 04:22:31.151 T:7434    debug <general>: OnPlayBackStarted: CApplication::OnPlayBackStarted
2023-11-15 04:22:31.151 T:7531     info <general>: Creating InputStream
2023-11-15 04:22:31.152 T:7519    debug <general>: connect replacing configured host 192.168.1.10 with resolved host 192.168.1.10
2023-11-15 04:22:31.156 T:7488    debug <general>: This query part contains a like, we will double backslash in the next field:  LIKE '
2023-11-15 04:22:31.157 T:7531     info <general>: Skipped 1 duplicate messages..
2023-11-15 04:22:31.157 T:7531    debug <general>: connect replacing configured host 192.168.1.10 with resolved host 192.168.1.10
2023-11-15 04:22:31.177 T:7434    debug <general>: CVideoGUIInfo::InitCurrentItem(smb://192.168.1.10/Films/- Cartoons -/- Ru -/- CCCP -/Movies/Приключения капитана Врунгеля (1979)/Приключения капитана Врунгеля (1979).avi)
2023-11-15 04:22:31.177 T:7434    debug <general>: connect replacing configured host 192.168.1.10 with resolved host 192.168.1.10
2023-11-15 04:22:31.186 T:7519    debug <general>: Loading settings for smb://192.168.1.10/Films/- Cartoons -/- Ru -/- CCCP -/Movies/Приключения капитана Врунгеля (1979)/Приключения капитана Врунгеля (1979).avi
2023-11-15 04:22:31.190 T:7531    debug <general>: CFileCache::Open - <smb://192.168.1.10/Films/- Cartoons -/- Ru -/- CCCP -/Movies/Приключения капитана Врунгеля (1979)/Приключения капитана Врунгеля (1979).avi> opening
2023-11-15 04:22:31.191 T:7531    debug <general>: CSMBFile::Open - opened smb://USERNAME:PASSWORD@192.168.1.10/Films/- Cartoons -/- Ru -/- CCCP -/Movies/Приключения капитана Врунгеля (1979)/Приключения капитана Врунгеля (1979).avi, fd=10001
2023-11-15 04:22:31.192 T:7531    debug <general>: CFileCache::Open - <smb://192.168.1.10/Films/- Cartoons -/- Ru -/- CCCP -/Movies/Приключения капитана Врунгеля (1979)/Приключения капитана Врунгеля (1979).avi> source chunk size is 65536, setting cache chunk size to 65536
2023-11-15 04:22:31.192 T:7531    debug <general>: CFileCache::Open - <smb://192.168.1.10/Films/- Cartoons -/- Ru -/- CCCP -/Movies/Приключения капитана Врунгеля (1979)/Приключения капитана Врунгеля (1979).avi> using double memory cache each sized 157286400 bytes
2023-11-15 04:22:31.193 T:7532    debug <general>: Thread FileCache start, auto delete: false
2023-11-15 04:22:31.193 T:7531    debug <general>: ScanForExternalSubtitles: Searching for subtitles...
2023-11-15 04:22:31.196 T:7528    debug <general>: connect replacing configured host 192.168.1.10 with resolved host 192.168.1.10
2023-11-15 04:22:31.214 T:7531     info <general>: Skipped 1 duplicate messages..
2023-11-15 04:22:31.214 T:7531    debug <general>: ScanForExternalSubtitles: END (total time: 21 ms)
2023-11-15 04:22:31.214 T:7531     info <general>: Creating Demuxer
2023-11-15 04:22:31.215 T:7531    debug <general>: Open - probing detected format [avi]
2023-11-15 04:22:31.216 T:7532    debug <general>: CDoubleCache::Reset - (0x238600bb50) Cache miss for 1462816050 with new=0-0 and old=0-458752
2023-11-15 04:22:31.217 T:7532    debug <general>: CFileCache::Process - <smb://192.168.1.10/Films/- Cartoons -/- Ru -/- CCCP -/Movies/Приключения капитана Врунгеля (1979)/Приключения капитана Врунгеля (1979).avi> cache completely reset for seek to position 1462816050
2023-11-15 04:22:31.239 T:7434    debug <general>: connect replacing configured host 192.168.1.10 with resolved host 192.168.1.10
2023-11-15 04:22:31.269 T:7434    debug <general>: CPlayerGUIInfo::InitCurrentItem(smb://192.168.1.10/Films/- Cartoons -/- Ru -/- CCCP -/Movies/Приключения капитана Врунгеля (1979)/Приключения капитана Врунгеля (1979).avi)
2023-11-15 04:22:31.271 T:7437    debug <general>: void CXBMCApp::OnPlayBackStarted()
2023-11-15 04:22:31.287 T:7528    debug <general>: connect replacing configured host 192.168.1.10 with resolved host 192.168.1.10
2023-11-15 04:22:31.347 T:7437    debug <general>: Visible Behind request: false
2023-11-15 04:22:31.354 T:7488    debug <general>: CSMBFile::Open - opened smb://USERNAME:PASSWORD@192.168.1.10/Films/Kodi Backup/Android/data/org.xbmc.kodi/files/.kodi/userdata/playlists/video/Crime.xsp, fd=10000
2023-11-15 04:22:31.355 T:7532    debug <general>: CFileCache::Process - <smb://192.168.1.10/Films/- Cartoons -/- Ru -/- CCCP -/Movies/Приключения капитана Врунгеля (1979)/Приключения капитана Врунгеля (1979).avi> source read hit eof
2023-11-15 04:22:31.362 T:7528    debug <general>: connect replacing configured host 192.168.1.10 with resolved host 192.168.1.10
2023-11-15 04:22:31.363 T:7488    debug <general>: CSMBFile::Close closing fd 10000
2023-11-15 04:22:31.369 T:7434    debug <general>: ------ Window Init (DialogBusy.xml) ------
2023-11-15 04:22:31.378 T:7434    debug <general>: CDirectoryProvider[special://skin/playlists/recent_movies.xsp]: refreshing..
2023-11-15 04:22:31.378 T:7434    debug <general>: CDirectoryProvider[special://skin/playlists/inprogress_movies.xsp]: refreshing..
2023-11-15 04:22:31.378 T:7434    debug <general>: CDirectoryProvider[special://skin/playlists/unwatched_movies.xsp]: refreshing..
2023-11-15 04:22:31.378 T:7434    debug <general>: CDirectoryProvider[special://skin/playlists/random_movies.xsp]: refreshing..
2023-11-15 04:22:31.387 T:7516    debug <general>: connect replacing configured host 192.168.1.10 with resolved host 192.168.1.10
2023-11-15 04:22:31.394 T:7488    debug <general>: CSMBFile::Open - opened smb://USERNAME:PASSWORD@192.168.1.10/Films/Kodi Backup/Android/data/org.xbmc.kodi/files/.kodi/userdata/playlists/video/Crime.xsp, fd=10000
2023-11-15 04:22:31.406 T:7488    debug <general>: CSMBFile::Close closing fd 10000
2023-11-15 04:22:31.407 T:7483  warning <general>: [ script.embuary.helper ] Image error: Could not open cached image --> [Errno 2] No such file or directory: '/storage/emulated/0/Android/data/org.xbmc.kodi/files/.kodi/userdata/Thumbnails/e/e5402ce7.jpg'
2023-11-15 04:22:31.482 T:7483    error <general>: [ script.embuary.helper ] Image error: Could not get image for image://video@smb%3a%2f%2f192.168.1.10%2fFilms%2f-%20Cartoons%20-%2f-%20Ru%20-%2f-%20CCCP%20-%2fMovies%2f%d0%9f%d1%80%d0%b8%d0%ba%d0%bb%d1%8e%d1%87%d0%b5%d0%bd%d0%b8%d1%8f%20%d0%ba%d0%b0%d0%bf%d0%b8%d1%82%d0%b0%d0%bd%d0%b0%20%d0%92%d1%80%d1%83%d0%bd%d0%b3%d0%b5%d0%bb%d1%8f%20(1979)%2f%d0%9f%d1%80%d0%b8%d0%ba%d0%bb%d1%8e%d1%87%d0%b5%d0%bd%d0%b8%d1%8f%20%d0%ba%d0%b0%d0%bf%d0%b8%d1%82%d0%b0%d0%bd%d0%b0%20%d0%92%d1%80%d1%83%d0%bd%d0%b3%d0%b5%d0%bb%d1%8f%20(1979).avi/ (try 1) -> [Errno 2] No such file or directory: '/storage/emulated/0/Android/data/org.xbmc.kodi/files/.kodi/userdata/addon_data/script.embuary.helper/img/tmp/1d21b6544a7939129a0ff25ed5f90f01.jpg'
2023-11-15 04:22:31.482 T:7488    debug <general>: CSMBFile::Open - opened smb://USERNAME:PASSWORD@192.168.1.10/Films/Kodi Backup/Android/data/org.xbmc.kodi/files/.kodi/userdata/playlists/video/Crime.xsp, fd=10000
2023-11-15 04:22:31.492 T:7488    debug <general>: CSMBFile::Close closing fd 10000
2023-11-15 04:22:31.518 T:7488    debug <general>: CSMBFile::Open - opened smb://USERNAME:PASSWORD@192.168.1.10/Films/Kodi Backup/Android/data/org.xbmc.kodi/files/.kodi/userdata/playlists/video/Drama.xsp, fd=10000
2023-11-15 04:22:31.527 T:7488    debug <general>: CSMBFile::Close closing fd 10000
2023-11-15 04:22:31.529 T:7488    debug <general>: CSMBFile::Open - opened smb://USERNAME:PASSWORD@192.168.1.10/Films/Kodi Backup/Android/data/org.xbmc.kodi/files/.kodi/userdata/playlists/video/Drama.xsp, fd=10000
2023-11-15 04:22:31.537 T:7488    debug <general>: CSMBFile::Close closing fd 10000
2023-11-15 04:22:31.538 T:7488    debug <general>: connect replacing configured host 192.168.1.10 with resolved host 192.168.1.10
2023-11-15 04:22:31.545 T:7529    debug <general>: weather.gismeteo [v.0.6.3+matrix.1]: Request info
                                                   Method: GET
                                                   URL: https://services.gismeteo.net/inform-service/inf_chrome/cities/?mode=ip&count=1&nocache=1&lang=en
                                                   Headers: {'User-Agent': 'Kodi/20.2 (Linux; Android 11.0; SHIELD Android TV Build/RQ1A.210105.003) Android TV/11.0.0 Sys_CPU/aarch64 App_Bitness/64 Version/20.2-(20.2.0)-Git:20230629-5f418d0b13', 'Accept-Encoding': 'gzip, deflate', 'Accept': '*/*', 'Connection': 'keep-alive'}
                                                   Response info
                                                   Status code: 200
                                                   Reason: OK
                                                   Elapsed: 0.4852 sec
                                                   URL: https://services.gismeteo.net/inform-service/inf_chrome/cities/?mode=ip&count=1&nocache=1&lang=en
                                                   Headers: {'Date': 'Wed, 15 Nov 2023 02:22:32 GMT', 'Content-Type': 'text/xml; charset=utf-8', 'Transfer-Encoding': 'chunked', 'Connection': 'keep-alive', 'Vary': 'Accept-Encoding, Accept-Encoding', 'X-Gismeteo-Timestamp': '1700014952', 'X-Gismeteo-TimestampStr': '2023/11/15 02:22:32', 'Access-Control-Expose-Headers': 'X-Gismeteo-TimestampStr, X-Gismeteo-Timestamp', 'X-DC': 'ost.ngx-services-ost01, ost.ngx-services-ost01', 'Server': 'gis', 'X-XSS-Protection': '1; mode=block', 'X-Content-Type-Options': 'nosniff', 'Content-Encoding': 'gzip'}
                                                   Content: <?xml version="1.0" encoding="utf-8"?><document><item id="5403" lat="32.066101" lng="34.777802" tzone="120" n="Tel Aviv" country_id="66" distance="0.00" country_name="Israel" district_id="1126" district_name="Tel Aviv district"  kind="T"/></document>
                                                   
2023-11-15 04:22:31.575 T:7488    debug <general>: This query part contains a like, we will double backslash in the next field:  LIKE '
2023-11-15 04:22:31.625 T:7528     info <general>: Skipped 1 duplicate messages..
2023-11-15 04:22:31.625 T:7528    debug <general>: connect replacing configured host 192.168.1.10 with resolved host 192.168.1.10
2023-11-15 04:22:31.722 T:7531    debug <general>: Open - avformat_find_stream_info starting
2023-11-15 04:22:31.733 T:7528    debug <general>: connect replacing configured host 192.168.1.10 with resolved host 192.168.1.10
2023-11-15 04:22:31.900 T:7531    debug <general>: Open - av_find_stream_info finished
2023-11-15 04:22:31.901 T:7531     info <general>: ffmpeg[0x2464ebc958]: Input #0, avi, from 'smb://192.168.1.10/Films/- Cartoons -/- Ru -/- CCCP -/Movies/Приключения капитана Врунгеля (1979)/Приключения капитана Врунгеля (1979).avi':
2023-11-15 04:22:31.901 T:7531     info <general>: ffmpeg[0x2464ebc958]:   Metadata:
2023-11-15 04:22:31.901 T:7531     info <general>: ffmpeg[0x2464ebc958]:     copyright       : HeDgEhOt®
2023-11-15 04:22:31.901 T:7531     info <general>: ffmpeg[0x2464ebc958]:   Duration: 02:08:06.56, start: 0.000000, bitrate: 1528 kb/s
2023-11-15 04:22:31.901 T:7531     info <general>: ffmpeg[0x2464ebc958]:   Stream #0:0: Video: mpeg4 (Advanced Simple Profile) (XVID / 0x44495658), yuv420p, 640x480 [SAR 1:1 DAR 4:3], 1391 kb/s, 25 fps, 25 tbr, 25 tbn, 25 tbc
2023-11-15 04:22:31.901 T:7531     info <general>: ffmpeg[0x2464ebc958]:   Stream #0:1: Audio: mp3 (U[0][0][0] / 0x0055), 48000 Hz, stereo, fltp, 128 kb/s
2023-11-15 04:22:31.901 T:7531    debug <general>: CDVDDemuxFFmpeg::AddStream ID: 0
2023-11-15 04:22:31.901 T:7531    debug <general>: CDVDDemuxFFmpeg::AddStream ID: 1
2023-11-15 04:22:31.901 T:7531    debug <general>: CDVDInputStreamFile::SetReadRate - set cache throttle rate to 210218 bytes per second
2023-11-15 04:22:31.901 T:7531     info <general>: Opening stream: 0 source: 256
2023-11-15 04:22:31.902 T:7531     info <general>: Creating video codec with codec id: 12
2023-11-15 04:22:31.902 T:7531    debug <general>: CDVDVideoCodecAndroidMediaCodec::Open hints: Width 640 x Height 480, Fpsrate 25 / Fpsscale 1, CodecID 12, Level 5, Profile 15, PTS_invalid false, Tag 1145656920, Extradata-Size: 57
2023-11-15 04:22:31.902 T:7531     info <general>: CDVDVideoCodecAndroidMediaCodec::Open Testing codec:OMX.Nvidia.mp2.decoder
2023-11-15 04:22:31.903 T:7531     info <general>: CDVDVideoCodecAndroidMediaCodec::Open Testing codec:OMX.Nvidia.wma.decoder
2023-11-15 04:22:31.903 T:7531     info <general>: CDVDVideoCodecAndroidMediaCodec::Open Testing codec:OMX.Nvidia.h264.decode
2023-11-15 04:22:31.903 T:7531     info <general>: CDVDVideoCodecAndroidMediaCodec::Open Testing codec:OMX.Nvidia.h265.decode
2023-11-15 04:22:31.904 T:7531     info <general>: CDVDVideoCodecAndroidMediaCodec::Open Testing codec:OMX.Nvidia.mjpeg.decoder
2023-11-15 04:22:31.904 T:7531     info <general>: CDVDVideoCodecAndroidMediaCodec::Open Testing codec:OMX.Nvidia.mp4.decode
2023-11-15 04:22:31.914 T:7488    debug <general>: CSMBFile::Open - opened smb://USERNAME:PASSWORD@192.168.1.10/Films/Kodi Backup/Android/data/org.xbmc.kodi/files/.kodi/userdata/playlists/video/Drama.xsp, fd=10000
2023-11-15 04:22:31.925 T:7488    debug <general>: CSMBFile::Close closing fd 10000
2023-11-15 04:22:31.952 T:7528    debug <general>: connect replacing configured host 192.168.1.10 with resolved host 192.168.1.10
2023-11-15 04:22:31.960 T:7488    debug <general>: CSMBFile::Open - opened smb://USERNAME:PASSWORD@192.168.1.10/Films/Kodi Backup/Android/data/org.xbmc.kodi/files/.kodi/userdata/playlists/video/Drama.xsp, fd=10000
2023-11-15 04:22:31.975 T:7488    debug <general>: CSMBFile::Close closing fd 10000
2023-11-15 04:22:32.021 T:7483  warning <general>: [ script.embuary.helper ] Image error: Could not open cached image --> [Errno 2] No such file or directory: '/storage/emulated/0/Android/data/org.xbmc.kodi/files/.kodi/userdata/Thumbnails/e/e5402ce7.jpg'
2023-11-15 04:22:32.022 T:7488    debug <general>: CSMBFile::Open - opened smb://USERNAME:PASSWORD@192.168.1.10/Films/Kodi Backup/Android/data/org.xbmc.kodi/files/.kodi/userdata/playlists/video/Drama.xsp, fd=10000
2023-11-15 04:22:32.027 T:7531    debug <general>: CDVDVideoCodecAndroidMediaCodec::Open m_codecname(OMX.Nvidia.mp4.decode), colorFormat(2135033992)
2023-11-15 04:22:32.027 T:7531    debug <general>: CDVDVideoCodecAndroidMediaCodec::Open m_codecname(OMX.Nvidia.mp4.decode), colorFormat(21)
2023-11-15 04:22:32.027 T:7483    error <general>: [ script.embuary.helper ] Image error: Could not get image for image://video@smb%3a%2f%2f192.168.1.10%2fFilms%2f-%20Cartoons%20-%2f-%20Ru%20-%2f-%20CCCP%20-%2fMovies%2f%d0%9f%d1%80%d0%b8%d0%ba%d0%bb%d1%8e%d1%87%d0%b5%d0%bd%d0%b8%d1%8f%20%d0%ba%d0%b0%d0%bf%d0%b8%d1%82%d0%b0%d0%bd%d0%b0%20%d0%92%d1%80%d1%83%d0%bd%d0%b3%d0%b5%d0%bb%d1%8f%20(1979)%2f%d0%9f%d1%80%d0%b8%d0%ba%d0%bb%d1%8e%d1%87%d0%b5%d0%bd%d0%b8%d1%8f%20%d0%ba%d0%b0%d0%bf%d0%b8%d1%82%d0%b0%d0%bd%d0%b0%20%d0%92%d1%80%d1%83%d0%bd%d0%b3%d0%b5%d0%bb%d1%8f%20(1979).avi/ (try 2) -> [Errno 2] No such file or directory: '/storage/emulated/0/Android/data/org.xbmc.kodi/files/.kodi/userdata/addon_data/script.embuary.helper/img/tmp/1d21b6544a7939129a0ff25ed5f90f01.jpg'
2023-11-15 04:22:32.036 T:7488    debug <general>: CSMBFile::Close closing fd 10000
2023-11-15 04:22:32.046 T:7531    debug <general>: CDVDVideoCodecAndroidMediaCodec::InjectExtraData
2023-11-15 04:22:32.087 T:7488    debug <general>: CSMBFile::Open - opened smb://USERNAME:PASSWORD@192.168.1.10/Films/Kodi Backup/Android/data/org.xbmc.kodi/files/.kodi/userdata/playlists/video/Films.xsp, fd=10000
2023-11-15 04:22:32.088 T:7528    debug <general>: connect replacing configured host 192.168.1.10 with resolved host 192.168.1.10
2023-11-15 04:22:32.099 T:7488    debug <general>: CSMBFile::Close closing fd 10000
2023-11-15 04:22:32.103 T:7488    debug <general>: CSMBFile::Open - opened smb://USERNAME:PASSWORD@192.168.1.10/Films/Kodi Backup/Android/data/org.xbmc.kodi/files/.kodi/userdata/playlists/video/Films.xsp, fd=10000
2023-11-15 04:22:32.113 T:7488    debug <general>: CSMBFile::Close closing fd 10000
2023-11-15 04:22:32.114 T:7488    debug <general>: connect replacing configured host 192.168.1.10 with resolved host 192.168.1.10
2023-11-15 04:22:32.147 T:7488    debug <general>: This query part contains a like, we will double backslash in the next field:  LIKE '
2023-11-15 04:22:32.211 T:7528     info <general>: Skipped 21 duplicate messages..
2023-11-15 04:22:32.211 T:7528    debug <general>: connect replacing configured host 192.168.1.10 with resolved host 192.168.1.10
2023-11-15 04:22:32.242 T:7531    debug <general>: CDVDVideoCodecAndroidMediaCodec:: width(640), height(480), stride(0), slice-height(0), color-format(0)
2023-11-15 04:22:32.242 T:7531    debug <general>: CDVDVideoCodecAndroidMediaCodec:: crop-left(0), crop-top(0), crop-right(639), crop-bottom(479)
2023-11-15 04:22:32.242 T:7531    debug <general>: CDVDVideoCodecAndroidMediaCodec:: Multi-Surface Rendering
2023-11-15 04:22:32.242 T:7531     info <general>: CDVDVideoCodecAndroidMediaCodec:: Open Android MediaCodec OMX.Nvidia.mp4.decode
2023-11-15 04:22:32.242 T:7531    debug <general>: CDVDVideoCodecAndroidMediaCodec::UpdateFpsDuration fpsRate:25 fpsscale:1, fpsDur:40000
2023-11-15 04:22:32.243 T:7531    debug <general>: CVideoPlayerVideo::OpenStream - open stream with codec id: 12
2023-11-15 04:22:32.243 T:7531     info <general>: Creating video thread
2023-11-15 04:22:32.250 T:7540    debug <general>: Thread VideoPlayerVideo start, auto delete: false
2023-11-15 04:22:32.250 T:7540     info <general>: running thread: video_thread
2023-11-15 04:22:32.250 T:7540    debug <general>: CVideoPlayerVideo - CDVDMsg::GENERAL_PAUSE: false
2023-11-15 04:22:32.258 T:7531    debug <general>: ReadEditDecisionLists - Checking for edit decision lists (EDL) on local drive or remote share for: smb://192.168.1.10/Films/- Cartoons -/- Ru -/- CCCP -/Movies/Приключения капитана Врунгеля (1979)/Приключения капитана Врунгеля (1979).avi
2023-11-15 04:22:32.258 T:7531     info <general>: Opening stream: 1 source: 256
2023-11-15 04:22:32.258 T:7531     info <general>: Finding audio codec for: 86017
2023-11-15 04:22:32.258 T:7531    debug <general>: CDVDAudioCodecAndroidMediaCodec::Open codec(86017), profile(-99), tag(85), extrasize(12)
2023-11-15 04:22:32.259 T:7531     info <general>: CDVDAudioCodecAndroidMediaCodec::Open() Use default handling for non encrypted stream
2023-11-15 04:22:32.259 T:7531     info <general>: CDVDAudioCodecFFmpeg::Open() Successful opened audio decoder mp3float
2023-11-15 04:22:32.259 T:7531     info <general>: OpenStream: Allowing max Out-Of-Sync Value of 10 ms
2023-11-15 04:22:32.259 T:7531     info <general>: Creating audio thread
2023-11-15 04:22:32.262 T:7541    debug <general>: Thread VideoPlayerAudio start, auto delete: false
2023-11-15 04:22:32.262 T:7541     info <general>: running thread: CVideoPlayerAudio::Process()
2023-11-15 04:22:32.262 T:7541    debug <general>: CVideoPlayerAudio - CDVDMsg::GENERAL_PAUSE: false
2023-11-15 04:22:32.263 T:7531    debug <general>: Prepare - Start position set to last stopped position: 1812000
2023-11-15 04:22:32.270 T:7532    debug <general>: CDoubleCache::Reset - (0x238600bb50) Cache miss for 345171174 with new=1462816050-1468965324 and old=0-5767168
2023-11-15 04:22:32.270 T:7532    debug <general>: CFileCache::Process - <smb://192.168.1.10/Films/- Cartoons -/- Ru -/- CCCP -/Movies/Приключения капитана Врунгеля (1979)/Приключения капитана Врунгеля (1979).avi> cache completely reset for seek to position 345171174
2023-11-15 04:22:32.270 T:7531    debug <general>: SeekTime - unknown position after seek
2023-11-15 04:22:32.271 T:7531    debug <general>: CVideoPlayer::FlushBuffers - flushing buffers
2023-11-15 04:22:32.271 T:7540    debug <general>: CDVDVideoCodecAndroidMediaCodec::Reset Current state (2)
2023-11-15 04:22:32.276 T:7541    debug <general>: CDVDAudio::Pause - pausing audio stream
2023-11-15 04:22:32.326 T:7528    debug <general>: connect replacing configured host 192.168.1.10 with resolved host 192.168.1.10
2023-11-15 04:22:32.396 T:7434    debug <general>: Inhibiting OS screen saver
2023-11-15 04:22:32.540 T:7483  warning <general>: [ script.embuary.helper ] Image error: Could not open cached image --> [Errno 2] No such file or directory: '/storage/emulated/0/Android/data/org.xbmc.kodi/files/.kodi/userdata/Thumbnails/e/e5402ce7.jpg'
2023-11-15 04:22:32.545 T:7483    error <general>: [ script.embuary.helper ] Image error: Could not get image for image://video@smb%3a%2f%2f192.168.1.10%2fFilms%2f-%20Cartoons%20-%2f-%20Ru%20-%2f-%20CCCP%20-%2fMovies%2f%d0%9f%d1%80%d0%b8%d0%ba%d0%bb%d1%8e%d1%87%d0%b5%d0%bd%d0%b8%d1%8f%20%d0%ba%d0%b0%d0%bf%d0%b8%d1%82%d0%b0%d0%bd%d0%b0%20%d0%92%d1%80%d1%83%d0%bd%d0%b3%d0%b5%d0%bb%d1%8f%20(1979)%2f%d0%9f%d1%80%d0%b8%d0%ba%d0%bb%d1%8e%d1%87%d0%b5%d0%bd%d0%b8%d1%8f%20%d0%ba%d0%b0%d0%bf%d0%b8%d1%82%d0%b0%d0%bd%d0%b0%20%d0%92%d1%80%d1%83%d0%bd%d0%b3%d0%b5%d0%bb%d1%8f%20(1979).avi/ (try 3) -> [Errno 2] No such file or directory: '/storage/emulated/0/Android/data/org.xbmc.kodi/files/.kodi/userdata/addon_data/script.embuary.helper/img/tmp/1d21b6544a7939129a0ff25ed5f90f01.jpg'
2023-11-15 04:22:32.552 T:7529    debug <general>: weather.gismeteo [v.0.6.3+matrix.1]: Cache miss: _location_forecast('en', '5403'){}
2023-11-15 04:22:32.566 T:7528    debug <general>: connect replacing configured host 192.168.1.10 with resolved host 192.168.1.10
2023-11-15 04:22:32.575 T:7540    debug <general>: CDVDVideoCodecAndroidMediaCodec::InjectExtraData
2023-11-15 04:22:32.576 T:7540    debug <general>: CVideoPlayerVideo - CDVDMsg::GENERAL_SYNCHRONIZE
2023-11-15 04:22:32.576 T:7531    debug <general>: CVideoPlayer::SetCaching - caching state 1
2023-11-15 04:22:32.576 T:7531    debug <general>: CDVDClock::SetSpeedAdjust - adjusted:0.000000
2023-11-15 04:22:32.576 T:7531    debug <general>: Prepare - starting demuxer from: 1812000
2023-11-15 04:22:32.576 T:7531    debug <general>: CVideoPlayer::HandleMessages - player 2 reported state: 0
2023-11-15 04:22:32.576 T:7531    debug <general>: CVideoPlayer::HandleMessages - player 1 reported state: 0
2023-11-15 04:22:32.576 T:7519    debug <general>: OnAVChange: CApplication::OnAVChange
2023-11-15 04:22:32.576 T:7531    debug <general>: CheckPlayerInit - dropping packet type:1 dts:1810272000.000000 to get to start point at 1812000000.000000
2023-11-15 04:22:32.577 T:7531    debug <general>: CheckPlayerInit - dropping packet type:1 dts:1810296000.000000 to get to start point at 1812000000.000000
2023-11-15 04:22:32.577 T:7531    debug <general>: CheckPlayerInit - dropping packet type:1 dts:1810320000.000000 to get to start point at 1812000000.000000
2023-11-15 04:22:32.577 T:7531    debug <general>: CheckPlayerInit - dropping packet type:1 dts:1810344000.000000 to get to start point at 1812000000.000000
2023-11-15 04:22:32.577 T:7531    debug <general>: CheckPlayerInit - dropping packet type:1 dts:1810368000.000000 to get to start point at 1812000000.000000
2023-11-15 04:22:32.577 T:7531    debug <general>: CheckPlayerInit - dropping packet type:1 dts:1810392000.000000 to get to start point at 1812000000.000000
2023-11-15 04:22:32.577 T:7531    debug <general>: CheckPlayerInit - dropping packet type:1 dts:1810416000.000000 to get to start point at 1812000000.000000
2023-11-15 04:22:32.577 T:7531    debug <general>: CheckPlayerInit - dropping packet type:1 dts:1810440000.000000 to get to start point at 1812000000.000000
2023-11-15 04:22:32.577 T:7531    debug <general>: CheckPlayerInit - dropping packet type:1 dts:1810464000.000000 to get to start point at 1812000000.000000
2023-11-15 04:22:32.577 T:7531    debug <general>: CheckPlayerInit - dropping packet type:1 dts:1810488000.000000 to get to start point at 1812000000.000000
2023-11-15 04:22:32.577 T:7531    debug <general>: CheckPlayerInit - dropping packet type:1 dts:1810512000.000000 to get to start point at 1812000000.000000
2023-11-15 04:22:32.577 T:7531    debug <general>: CheckPlayerInit - dropping packet type:1 dts:1810536000.000000 to get to start point at 1812000000.000000
2023-11-15 04:22:32.577 T:7531    debug <general>: CheckPlayerInit - dropping packet type:1 dts:1810560000.000000 to get to start point at 1812000000.000000
2023-11-15 04:22:32.578 T:7531    debug <general>: CheckPlayerInit - dropping packet type:1 dts:1810584000.000000 to get to start point at 1812000000.000000
2023-11-15 04:22:32.578 T:7531    debug <general>: CheckPlayerInit - dropping packet type:1 dts:1810608000.000000 to get to start point at 1812000000.000000
2023-11-15 04:22:32.578 T:7531    debug <general>: CheckPlayerInit - dropping packet type:1 dts:1810632000.000000 to get to start point at 1812000000.000000
2023-11-15 04:22:32.578 T:7531    debug <general>: CheckPlayerInit - dropping packet type:1 dts:1810656000.000000 to get to start point at 1812000000.000000
2023-11-15 04:22:32.578 T:7531    debug <general>: CheckPlayerInit - dropping packet type:1 dts:1810680000.000000 to get to start point at 1812000000.000000
2023-11-15 04:22:32.578 T:7531    debug <general>: CheckPlayerInit - dropping packet type:1 dts:1810704000.000000 to get to start point at 1812000000.000000
2023-11-15 04:22:32.578 T:7531    debug <general>: CheckPlayerInit - dropping packet type:1 dts:1810728000.000000 to get to start point at 1812000000.000000
2023-11-15 04:22:32.578 T:7531    debug <general>: CheckPlayerInit - dropping packet type:1 dts:1810752000.000000 to get to start point at 1812000000.000000
2023-11-15 04:22:32.578 T:7531    debug <general>: CheckPlayerInit - dropping packet type:1 dts:1810776000.000000 to get to start point at 1812000000.000000
2023-11-15 04:22:32.578 T:7531    debug <general>: CheckPlayerInit - dropping packet type:2 dts:1810280000.000000 to get to start point at 1812000000.000000
2023-11-15 04:22:32.578 T:7531    debug <general>: CheckPlayerInit - dropping packet type:1 dts:1810800000.000000 to get to start point at 1812000000.000000
2023-11-15 04:22:32.579 T:7531    debug <general>: CheckPlayerInit - dropping packet type:2 dts:1810320000.000000 to get to start point at 1812000000.000000
2023-11-15 04:22:32.579 T:7531    debug <general>: CheckPlayerInit - dropping packet type:1 dts:1810824000.000000 to get to start point at 1812000000.000000
2023-11-15 04:22:32.579 T:7531    debug <general>: CheckPlayerInit - dropping packet type:1 dts:1810848000.000000 to get to start point at 1812000000.000000
2023-11-15 04:22:32.579 T:7531    debug <general>: CheckPlayerInit - dropping packet type:2 dts:1810360000.000000 to get to start point at 1812000000.000000
2023-11-15 04:22:32.579 T:7531    debug <general>: CheckPlayerInit - dropping packet type:1 dts:1810872000.000000 to get to start point at 1812000000.000000
2023-11-15 04:22:32.579 T:7531    debug <general>: CheckPlayerInit - dropping packet type:1 dts:1810896000.000000 to get to start point at 1812000000.000000
2023-11-15 04:22:32.579 T:7531    debug <general>: CheckPlayerInit - dropping packet type:2 dts:1810400000.000000 to get to start point at 1812000000.000000
2023-11-15 04:22:32.579 T:7531    debug <general>: CheckPlayerInit - dropping packet type:1 dts:1810920000.000000 to get to start point at 1812000000.000000
2023-11-15 04:22:32.579 T:7531    debug <general>: CheckPlayerInit - dropping packet type:2 dts:1810440000.000000 to get to start point at 1812000000.000000
2023-11-15 04:22:32.579 T:7531    debug <general>: CheckPlayerInit - dropping packet type:1 dts:1810944000.000000 to get to start point at 1812000000.000000
2023-11-15 04:22:32.579 T:7531    debug <general>: CheckPlayerInit - dropping packet type:1 dts:1810968000.000000 to get to start point at 1812000000.000000
2023-11-15 04:22:32.579 T:7531    debug <general>: CheckPlayerInit - dropping packet type:2 dts:1810480000.000000 to get to start point at 1812000000.000000
2023-11-15 04:22:32.580 T:7531    debug <general>: CheckPlayerInit - dropping packet type:1 dts:1810992000.000000 to get to start point at 1812000000.000000
2023-11-15 04:22:32.580 T:7531    debug <general>: CheckPlayerInit - dropping packet type:1 dts:1811016000.000000 to get to start point at 1812000000.000000
2023-11-15 04:22:32.580 T:7531    debug <general>: CheckPlayerInit - dropping packet type:2 dts:1810520000.000000 to get to start point at 1812000000.000000
2023-11-15 04:22:32.580 T:7531    debug <general>: CheckPlayerInit - dropping packet type:1 dts:1811040000.000000 to get to start point at 1812000000.000000
2023-11-15 04:22:32.580 T:7531    debug <general>: CheckPlayerInit - dropping packet type:2 dts:1810560000.000000 to get to start point at 1812000000.000000
2023-11-15 04:22:32.580 T:7531    debug <general>: CheckPlayerInit - dropping packet type:1 dts:1811064000.000000 to get to start point at 1812000000.000000
2023-11-15 04:22:32.580 T:7531    debug <general>: CheckPlayerInit - dropping packet type:1 dts:1811088000.000000 to get to start point at 1812000000.000000
2023-11-15 04:22:32.580 T:7531    debug <general>: CheckPlayerInit - dropping packet type:2 dts:1810600000.000000 to get to start point at 1812000000.000000
2023-11-15 04:22:32.580 T:7531    debug <general>: CheckPlayerInit - dropping packet type:1 dts:1811112000.000000 to get to start point at 1812000000.000000
