2023-11-15 04:22:22.581 T:7517    debug <general>: CPythonInvoker(10, /storage/emulated/0/Android/data/org.xbmc.kodi/files/.kodi/addons/script.skinshortcuts/resources/lib/entry_point.py): entering source directory /storage/emulated/0/Android/data/org.xbmc.kodi/files/.kodi/addons/script.skinshortcuts/resources/lib
2023-11-15 04:22:22.582 T:7517    debug <general>: CPythonInvoker(10, /storage/emulated/0/Android/data/org.xbmc.kodi/files/.kodi/addons/script.skinshortcuts/resources/lib/entry_point.py): instantiating addon using automatically obtained id of "script.skinshortcuts" dependent on version 3.0.0 of the xbmc.python api
2023-11-15 04:22:22.665 T:7519    debug <general>: Thread JobWorker start, auto delete: true
2023-11-15 04:22:22.733 T:7519    debug <general>: ffmpeg[0x23c51042f0]: [image2] Custom AVIOContext makes no sense and will be ignored with AVFMT_NOFILE format.
2023-11-15 04:22:22.750 T:7519    debug <general>: ffmpeg[0x23c51042f0]: [swscaler] No accelerated colorspace conversion found from yuv420p to bgra.
2023-11-15 04:22:22.871 T:7434    debug <general>: ------ Window Init (Custom_1142_Themes.xml) ------
2023-11-15 04:22:23.094 T:7483     info <general>: [ script.embuary.helper ] Service: Started
2023-11-15 04:22:23.095 T:7483     info <general>: [ script.embuary.helper ] Service: Player monitor started
2023-11-15 04:22:23.095 T:7483    debug <general>: [ script.embuary.helper ] Start new fanart grabber process
2023-11-15 04:22:23.095 T:7483    debug <general>: connect replacing configured host 192.168.1.10 with resolved host 192.168.1.10
2023-11-15 04:22:23.242 T:7519     info <general>: Skipped 1 duplicate messages..
2023-11-15 04:22:23.242 T:7519    debug <general>: CSMBFile::Open - opened smb://USERNAME:PASSWORD@192.168.1.10/Films/Kodi Backup/Android/data/org.xbmc.kodi/files/.kodi/userdata/Thumbnails/e/e5402ce7.jpg, fd=10000
2023-11-15 04:22:23.302 T:7519    debug <general>: ffmpeg[0x23c51042f0]: [image2] Custom AVIOContext makes no sense and will be ignored with AVFMT_NOFILE format.
2023-11-15 04:22:23.311 T:7519    debug <general>: ffmpeg[0x23c51042f0]: [swscaler] No accelerated colorspace conversion found from yuv420p to bgra.
2023-11-15 04:22:23.313 T:7519    debug <general>: CSMBFile::Close closing fd 10000
2023-11-15 04:22:23.325 T:7519    debug <general>: CSMBFile::Open - opened smb://USERNAME:PASSWORD@192.168.1.10/Films/Kodi Backup/Android/data/org.xbmc.kodi/files/.kodi/userdata/Thumbnails/7/7e7f0091.jpg, fd=10000
2023-11-15 04:22:23.370 T:7434    debug <general>: CZipManager::GetZipList: failed to stat file zip://%2fstorage%2femulated%2f0%2fAndroid%2fdata%2forg.xbmc.kodi%2ffiles%2f.kodi%2fuserdata%2faddon_data%2fplugin.video.idanplus%2fepg.json.zip/
2023-11-15 04:22:23.372 T:7503    error <general>: [Errno 2] No such file or directory: '/storage/emulated/0/Android/data/org.xbmc.kodi/files/.kodi/userdata/addon_data/plugin.video.idanplus/epg.json'
2023-11-15 04:22:23.375 T:7503    debug <CAddonSettings[0@plugin.video.idanplus]>: trying to load setting definitions from old format...
2023-11-15 04:22:23.378 T:7519    debug <general>: ffmpeg[0x23c51042f0]: [image2] Custom AVIOContext makes no sense and will be ignored with AVFMT_NOFILE format.
2023-11-15 04:22:23.388 T:7434    debug <general>: ------ Window Deinit (DialogNotification.xml) ------
2023-11-15 04:22:23.390 T:7503    debug <general>: CSMBFile::Open - opened smb://USERNAME:PASSWORD@192.168.1.10/Films/Kodi Backup/Android/data/org.xbmc.kodi/files/.kodi/userdata/addon_data/plugin.video.idanplus/settings.xml, fd=10001
2023-11-15 04:22:23.391 T:7519    debug <general>: ffmpeg[0x23c51042f0]: [swscaler] No accelerated colorspace conversion found from yuv420p to bgra.
2023-11-15 04:22:23.400 T:7519    debug <general>: CSMBFile::Close closing fd 10000
2023-11-15 04:22:23.435 T:7503    debug <general>: CSMBFile::Close closing fd 10001
2023-11-15 04:22:23.448 T:7519    debug <general>: CSMBFile::Open - opened smb://USERNAME:PASSWORD@192.168.1.10/Films/Kodi Backup/Android/data/org.xbmc.kodi/files/.kodi/userdata/Thumbnails/3/3db90efb.jpg, fd=10000
2023-11-15 04:22:23.458 T:7503    debug <CAddonSettings[0@plugin.video.idanplus]>: trying to load setting definitions from old format...
2023-11-15 04:22:23.537 T:7519    debug <general>: ffmpeg[0x23c51042f0]: [image2] Custom AVIOContext makes no sense and will be ignored with AVFMT_NOFILE format.
2023-11-15 04:22:23.550 T:7503    debug <general>: CSMBFile::Open - opened smb://USERNAME:PASSWORD@192.168.1.10/Films/Kodi Backup/Android/data/org.xbmc.kodi/files/.kodi/userdata/addon_data/plugin.video.idanplus/settings.xml, fd=10001
2023-11-15 04:22:23.576 T:7503    debug <general>: CSMBFile::Close closing fd 10001
2023-11-15 04:22:23.586 T:7519    debug <general>: CSMBFile::Close closing fd 10000
2023-11-15 04:22:23.588 T:7503    error <general>: [Errno 2] No such file or directory: '/storage/emulated/0/Android/data/org.xbmc.kodi/files/.kodi/userdata/addon_data/plugin.video.idanplus/epg.json'
2023-11-15 04:22:23.589 T:7503    debug <general>: CPythonInvoker(8, /storage/emulated/0/Android/data/org.xbmc.kodi/files/.kodi/addons/plugin.video.idanplus/default.py): script aborted
2023-11-15 04:22:23.589 T:7503    debug <general>: onExecutionDone(8, /storage/emulated/0/Android/data/org.xbmc.kodi/files/.kodi/addons/plugin.video.idanplus/default.py)
2023-11-15 04:22:23.589 T:7519    debug <general>: DoWork - took 166 ms to load special://masterprofile/Thumbnails/3/3db90efb.jpg
2023-11-15 04:22:23.598 T:7519    debug <general>: CSMBFile::Open - opened smb://USERNAME:PASSWORD@192.168.1.10/Films/Kodi Backup/Android/data/org.xbmc.kodi/files/.kodi/userdata/Thumbnails/0/0a10048f.jpg, fd=10000
2023-11-15 04:22:23.599 T:7503    debug <general>: .
2023-11-15 04:22:23.656 T:7519    debug <general>: ffmpeg[0x23c51042f0]: [image2] Custom AVIOContext makes no sense and will be ignored with AVFMT_NOFILE format.
2023-11-15 04:22:23.668 T:7519    debug <general>: ffmpeg[0x23c51042f0]: [swscaler] No accelerated colorspace conversion found from yuv420p to bgra.
2023-11-15 04:22:23.672 T:7519    debug <general>: CSMBFile::Close closing fd 10000
2023-11-15 04:22:23.683 T:7519    debug <general>: CSMBFile::Open - opened smb://USERNAME:PASSWORD@192.168.1.10/Films/Kodi Backup/Android/data/org.xbmc.kodi/files/.kodi/userdata/Thumbnails/7/7b86589a.png, fd=10000
2023-11-15 04:22:23.807 T:7503    debug <general>: Python interpreter stopped
2023-11-15 04:22:23.807 T:7503    debug <general>: Thread LanguageInvoker 160917814464 terminating
2023-11-15 04:22:23.953 T:7519    debug <general>: CSMBFile::Close closing fd 10000
2023-11-15 04:22:23.956 T:7519    debug <general>: DoWork - took 277 ms to load special://masterprofile/Thumbnails/7/7b86589a.png
2023-11-15 04:22:23.973 T:7519    debug <general>: CSMBFile::Open - opened smb://USERNAME:PASSWORD@192.168.1.10/Films/Kodi Backup/Android/data/org.xbmc.kodi/files/.kodi/userdata/Thumbnails/9/9ae15431.jpg, fd=10000
2023-11-15 04:22:24.008 T:7519    debug <general>: ffmpeg[0x23c51042f0]: [image2] Custom AVIOContext makes no sense and will be ignored with AVFMT_NOFILE format.
2023-11-15 04:22:24.022 T:7519    debug <general>: ffmpeg[0x23c51042f0]: [swscaler] No accelerated colorspace conversion found from yuv420p to bgra.
2023-11-15 04:22:24.025 T:7519    debug <general>: CSMBFile::Close closing fd 10000
2023-11-15 04:22:24.095 T:7519    debug <general>: CSMBFile::Open - opened smb://USERNAME:PASSWORD@192.168.1.10/Films/Kodi Backup/Android/data/org.xbmc.kodi/files/.kodi/userdata/Thumbnails/0/0332d2d1.jpg, fd=10000
2023-11-15 04:22:24.111 T:7522    debug <general>: Thread Timer start, auto delete: false
2023-11-15 04:22:24.159 T:7519    debug <general>: ffmpeg[0x23c51042f0]: [image2] Custom AVIOContext makes no sense and will be ignored with AVFMT_NOFILE format.
2023-11-15 04:22:24.190 T:7519    debug <general>: ffmpeg[0x23c51042f0]: [swscaler] No accelerated colorspace conversion found from yuv420p to bgra.
2023-11-15 04:22:24.201 T:7522    debug <general>: Thread Timer 161400478912 terminating
2023-11-15 04:22:24.201 T:7517    debug <general>: CPythonInvoker(10, /storage/emulated/0/Android/data/org.xbmc.kodi/files/.kodi/addons/script.skinshortcuts/resources/lib/entry_point.py): script successfully run
2023-11-15 04:22:24.201 T:7517    debug <general>: onExecutionDone(10, /storage/emulated/0/Android/data/org.xbmc.kodi/files/.kodi/addons/script.skinshortcuts/resources/lib/entry_point.py)
2023-11-15 04:22:24.205 T:7519    debug <general>: CSMBFile::Close closing fd 10000
2023-11-15 04:22:24.224 T:7523    debug <general>: Thread Timer start, auto delete: false
2023-11-15 04:22:24.287 T:7519    debug <general>: DoWork - took 199 ms to load special://masterprofile/Thumbnails/0/0332d2d1.jpg
2023-11-15 04:22:24.291 T:7519    debug <general>: CSMBFile::Open - opened smb://USERNAME:PASSWORD@192.168.1.10/Films/Kodi Backup/Android/data/org.xbmc.kodi/files/.kodi/userdata/Thumbnails/c/c42a059b.jpg, fd=10000
2023-11-15 04:22:24.304 T:7519    debug <general>: ffmpeg[0x23c51042f0]: [image2] Custom AVIOContext makes no sense and will be ignored with AVFMT_NOFILE format.
2023-11-15 04:22:24.308 T:7520    debug <general>: CSMBFile::Open - opened smb://USERNAME:PASSWORD@192.168.1.10/Films/Kodi Backup/Android/data/org.xbmc.kodi/files/.kodi/userdata/playlists/video/War.xsp, fd=10001
2023-11-15 04:22:24.324 T:7517    debug <general>: Python interpreter stopped
2023-11-15 04:22:24.324 T:7517    debug <general>: Thread LanguageInvoker 160724368576 terminating
2023-11-15 04:22:24.330 T:7520    debug <general>: CSMBFile::Close closing fd 10001
2023-11-15 04:22:24.333 T:7520    debug <general>: CSMBFile::Open - opened smb://USERNAME:PASSWORD@192.168.1.10/Films/Kodi Backup/Android/data/org.xbmc.kodi/files/.kodi/userdata/playlists/video/Action.xsp, fd=10001
2023-11-15 04:22:24.339 T:7519    debug <general>: CSMBFile::Close closing fd 10000
2023-11-15 04:22:24.356 T:7520    debug <general>: CSMBFile::Close closing fd 10001
2023-11-15 04:22:24.365 T:7520    debug <general>: CSMBFile::Open - opened smb://USERNAME:PASSWORD@192.168.1.10/Films/Kodi Backup/Android/data/org.xbmc.kodi/files/.kodi/userdata/playlists/video/Adventure and Fantasy.xsp, fd=10001
2023-11-15 04:22:24.381 T:7520    debug <general>: CSMBFile::Close closing fd 10001
2023-11-15 04:22:24.388 T:7519    debug <general>: CSMBFile::Open - opened smb://USERNAME:PASSWORD@192.168.1.10/Films/Kodi Backup/Android/data/org.xbmc.kodi/files/.kodi/userdata/Thumbnails/1/156b88bb.jpg, fd=10001
2023-11-15 04:22:24.396 T:7485    debug <general>: Version Check: Version installed {'major': 20, 'minor': 2, 'revision': '20230629-5f418d0b13', 'tag': 'stable'}
2023-11-15 04:22:24.397 T:7485    debug <general>: Version Check: Version available  {'major': '20', 'minor': '1', 'tag': 'stable', 'tagversion': '', 'revision': '20230312-289ec664e3', 'extrainfo': 'final', 'addon_support': 'yes'}
2023-11-15 04:22:24.397 T:7485    debug <general>: Version Check: There is no newer stable available
2023-11-15 04:22:24.397 T:7485    debug <general>: CPythonInvoker(6, /storage/emulated/0/Android/data/org.xbmc.kodi/files/.kodi/addons/service.xbmc.versioncheck/resources/lib/runner.py): script successfully run
2023-11-15 04:22:24.397 T:7485    debug <general>: onExecutionDone(6, /storage/emulated/0/Android/data/org.xbmc.kodi/files/.kodi/addons/service.xbmc.versioncheck/resources/lib/runner.py)
2023-11-15 04:22:24.406 T:7519    debug <general>: ffmpeg[0x23c51042f0]: [image2] Custom AVIOContext makes no sense and will be ignored with AVFMT_NOFILE format.
2023-11-15 04:22:24.409 T:7485    debug <general>: .
2023-11-15 04:22:24.411 T:7520    debug <general>: CSMBFile::Open - opened smb://USERNAME:PASSWORD@192.168.1.10/Films/Kodi Backup/Android/data/org.xbmc.kodi/files/.kodi/userdata/playlists/video/Cartoons RU TV.xsp, fd=10000
2023-11-15 04:22:24.432 T:7520    debug <general>: CSMBFile::Close closing fd 10000
2023-11-15 04:22:24.434 T:7520    debug <general>: CSMBFile::Open - opened smb://USERNAME:PASSWORD@192.168.1.10/Films/Kodi Backup/Android/data/org.xbmc.kodi/files/.kodi/userdata/playlists/video/Cartoons EN.xsp, fd=10000
2023-11-15 04:22:24.434 T:7519    debug <general>: ffmpeg[0x23c51042f0]: [swscaler] No accelerated colorspace conversion found from yuv420p to bgra.
2023-11-15 04:22:24.439 T:7519    debug <general>: CSMBFile::Close closing fd 10001
2023-11-15 04:22:24.459 T:7520    debug <general>: CSMBFile::Close closing fd 10000
2023-11-15 04:22:24.460 T:7519    debug <general>: CSMBFile::Open - opened smb://USERNAME:PASSWORD@192.168.1.10/Films/Kodi Backup/Android/data/org.xbmc.kodi/files/.kodi/userdata/Thumbnails/8/8ad743db.png, fd=10001
2023-11-15 04:22:24.466 T:7520    debug <general>: CSMBFile::Open - opened smb://USERNAME:PASSWORD@192.168.1.10/Films/Kodi Backup/Android/data/org.xbmc.kodi/files/.kodi/userdata/playlists/video/Cartoons RU.xsp, fd=10000
2023-11-15 04:22:24.473 T:7485    debug <general>: Python interpreter stopped
2023-11-15 04:22:24.473 T:7485    debug <general>: Thread LanguageInvoker 161006902464 terminating
2023-11-15 04:22:24.494 T:7520    debug <general>: CSMBFile::Close closing fd 10000
2023-11-15 04:22:24.546 T:7520    debug <general>: CSMBFile::Open - opened smb://USERNAME:PASSWORD@192.168.1.10/Films/Kodi Backup/Android/data/org.xbmc.kodi/files/.kodi/userdata/playlists/video/CCCP.xsp, fd=10000
2023-11-15 04:22:24.605 T:7519    debug <general>: CSMBFile::Close closing fd 10001
2023-11-15 04:22:24.610 T:7520    debug <general>: CSMBFile::Close closing fd 10000
2023-11-15 04:22:24.610 T:7519    debug <general>: DoWork - took 153 ms to load special://masterprofile/Thumbnails/8/8ad743db.png
2023-11-15 04:22:24.616 T:7520    debug <general>: CSMBFile::Open - opened smb://USERNAME:PASSWORD@192.168.1.10/Films/Kodi Backup/Android/data/org.xbmc.kodi/files/.kodi/userdata/playlists/video/Comedy.xsp, fd=10000
2023-11-15 04:22:24.617 T:7519    debug <general>: CSMBFile::Open - opened smb://USERNAME:PASSWORD@192.168.1.10/Films/Kodi Backup/Android/data/org.xbmc.kodi/files/.kodi/userdata/Thumbnails/7/78ece964.jpg, fd=10001
2023-11-15 04:22:24.638 T:7520    debug <general>: CSMBFile::Close closing fd 10000
2023-11-15 04:22:24.652 T:7519    debug <general>: ffmpeg[0x23c51042f0]: [image2] Custom AVIOContext makes no sense and will be ignored with AVFMT_NOFILE format.
2023-11-15 04:22:24.657 T:7520    debug <general>: CSMBFile::Open - opened smb://USERNAME:PASSWORD@192.168.1.10/Films/Kodi Backup/Android/data/org.xbmc.kodi/files/.kodi/userdata/playlists/video/Crime.xsp, fd=10000
2023-11-15 04:22:24.665 T:7520    debug <general>: CSMBFile::Close closing fd 10000
2023-11-15 04:22:24.674 T:7520    debug <general>: CSMBFile::Open - opened smb://USERNAME:PASSWORD@192.168.1.10/Films/Kodi Backup/Android/data/org.xbmc.kodi/files/.kodi/userdata/playlists/video/Drama.xsp, fd=10000
2023-11-15 04:22:24.691 T:7519    debug <general>: CSMBFile::Close closing fd 10001
2023-11-15 04:22:24.707 T:7520    debug <general>: CSMBFile::Close closing fd 10000
2023-11-15 04:22:24.723 T:7520    debug <general>: CSMBFile::Open - opened smb://USERNAME:PASSWORD@192.168.1.10/Films/Kodi Backup/Android/data/org.xbmc.kodi/files/.kodi/userdata/playlists/video/Films.xsp, fd=10000
2023-11-15 04:22:24.724 T:7519    debug <general>: CSMBFile::Open - opened smb://USERNAME:PASSWORD@192.168.1.10/Films/Kodi Backup/Android/data/org.xbmc.kodi/files/.kodi/userdata/Thumbnails/6/612f9468.jpg, fd=10001
2023-11-15 04:22:24.741 T:7519    debug <general>: ffmpeg[0x23c51042f0]: [image2] Custom AVIOContext makes no sense and will be ignored with AVFMT_NOFILE format.
2023-11-15 04:22:24.744 T:7523  warning <general>: SMBFile::OpenForWrite() called with overwriting enabled! - smb://USERNAME:PASSWORD@192.168.1.10/Films/Kodi%20Backup/Android/data/org.xbmc.kodi/files/.kodi/userdata/addon_data/skin.estuary.modv2/settings.xml
2023-11-15 04:22:24.765 T:7520    debug <general>: CSMBFile::Close closing fd 10000
2023-11-15 04:22:24.766 T:7519    debug <general>: ffmpeg[0x23c51042f0]: [swscaler] No accelerated colorspace conversion found from yuv420p to bgra.
2023-11-15 04:22:24.772 T:7523    debug <general>: CSMBFile::Close closing fd 10002
2023-11-15 04:22:24.775 T:7523    debug <general>: Thread Timer 161400478912 terminating
2023-11-15 04:22:24.776 T:7520    debug <general>: CSMBFile::Open - opened smb://USERNAME:PASSWORD@192.168.1.10/Films/Kodi Backup/Android/data/org.xbmc.kodi/files/.kodi/userdata/playlists/video/Romance.xsp, fd=10002
2023-11-15 04:22:24.781 T:7519    debug <general>: CSMBFile::Close closing fd 10001
2023-11-15 04:22:24.805 T:7483    debug <general>: connect replacing configured host 192.168.1.10 with resolved host 192.168.1.10
2023-11-15 04:22:24.829 T:7519    debug <general>: DoWork - took 107 ms to load special://masterprofile/Thumbnails/6/612f9468.jpg
2023-11-15 04:22:24.835 T:7519    debug <general>: CSMBFile::Open - opened smb://USERNAME:PASSWORD@192.168.1.10/Films/Kodi Backup/Android/data/org.xbmc.kodi/files/.kodi/userdata/Thumbnails/4/4febd766.png, fd=10001
2023-11-15 04:22:24.835 T:7520    debug <general>: CSMBFile::Close closing fd 10002
2023-11-15 04:22:24.885 T:7520    debug <general>: CSMBFile::Open - opened smb://USERNAME:PASSWORD@192.168.1.10/Films/Kodi Backup/Android/data/org.xbmc.kodi/files/.kodi/userdata/playlists/video/Ru.xsp, fd=10002
2023-11-15 04:22:24.924 T:7483    debug <general>: connect replacing configured host 192.168.1.10 with resolved host 192.168.1.10
2023-11-15 04:22:24.934 T:7519    debug <general>: CSMBFile::Close closing fd 10001
2023-11-15 04:22:24.960 T:7520    debug <general>: CSMBFile::Close closing fd 10002
2023-11-15 04:22:24.961 T:7519    debug <general>: DoWork - took 128 ms to load special://masterprofile/Thumbnails/4/4febd766.png
2023-11-15 04:22:24.981 T:7483    debug <general>: connect replacing configured host 192.168.1.10 with resolved host 192.168.1.10
2023-11-15 04:22:24.988 T:7520    debug <general>: CSMBFile::Open - opened smb://USERNAME:PASSWORD@192.168.1.10/Films/Kodi Backup/Android/data/org.xbmc.kodi/files/.kodi/userdata/playlists/video/Sci-Fi.xsp, fd=10002
2023-11-15 04:22:25.007 T:7520    debug <general>: CSMBFile::Close closing fd 10002
2023-11-15 04:22:25.023 T:7520    debug <general>: CSMBFile::Open - opened smb://USERNAME:PASSWORD@192.168.1.10/Films/Kodi Backup/Android/data/org.xbmc.kodi/files/.kodi/userdata/playlists/video/Sports.xsp, fd=10002
2023-11-15 04:22:25.051 T:7520    debug <general>: CSMBFile::Close closing fd 10002
2023-11-15 04:22:25.055 T:7520    debug <general>: CSMBFile::Open - opened smb://USERNAME:PASSWORD@192.168.1.10/Films/Kodi Backup/Android/data/org.xbmc.kodi/files/.kodi/userdata/playlists/video/Thriller.xsp, fd=10002
2023-11-15 04:22:25.065 T:7483    debug <general>: connect replacing configured host 192.168.1.10 with resolved host 192.168.1.10
2023-11-15 04:22:25.075 T:7520     info <general>: Skipped 1 duplicate messages..
2023-11-15 04:22:25.075 T:7520    debug <general>: CSMBFile::Close closing fd 10002
2023-11-15 04:22:25.077 T:7519    debug <general>: CSMBFile::Open - opened smb://USERNAME:PASSWORD@192.168.1.10/Films/Kodi Backup/Android/data/org.xbmc.kodi/files/.kodi/userdata/Thumbnails/0/080fb3ae.jpg, fd=10001
2023-11-15 04:22:25.093 T:7519    debug <general>: ffmpeg[0x23c51042f0]: [image2] Custom AVIOContext makes no sense and will be ignored with AVFMT_NOFILE format.
2023-11-15 04:22:25.095 T:7520    debug <general>: CSMBFile::Open - opened smb://USERNAME:PASSWORD@192.168.1.10/Films/Kodi Backup/Android/data/org.xbmc.kodi/files/.kodi/userdata/playlists/video/Horror.xsp, fd=10002
2023-11-15 04:22:25.098 T:7519    debug <general>: ffmpeg[0x23c51042f0]: [swscaler] No accelerated colorspace conversion found from yuv420p to bgra.
2023-11-15 04:22:25.099 T:7483    debug <general>: GetArtistsByWhereJSON query: SELECT a1.*, art.art_id AS idArt, art.type AS artType, art.url AS artURL FROM (SELECT artist.idArtist, strArtist FROM artist  WHERE (EXISTS (SELECT 1 FROM song_artist WHERE song_artist.idArtist = artist.idArtist AND song_artist.idRole = 1) OR EXISTS (SELECT 1 FROM album_artist WHERE album_artist.idArtist = artist.idArtist)) AND (artist.strArtist != '') ORDER BY RAND() LIMIT 40) AS a1 LEFT JOIN art ON art.media_id = a1.idArtist AND art.media_type = 'artist' GROUP BY a1.idArtist, art.art_id ORDER BY a1.idArtist, arttype
2023-11-15 04:22:25.100 T:7483    debug <general>: GetArtistsByWhereJSON - query took 0 ms
2023-11-15 04:22:25.100 T:7483    debug <general>: connect replacing configured host 192.168.1.10 with resolved host 192.168.1.10
2023-11-15 04:22:25.102 T:7519    debug <general>: CSMBFile::Close closing fd 10001
2023-11-15 04:22:25.104 T:7519    debug <general>: DoWork - took 140 ms to load special://masterprofile/Thumbnails/0/080fb3ae.jpg
2023-11-15 04:22:25.115 T:7520    debug <general>: CSMBFile::Close closing fd 10002
2023-11-15 04:22:25.254 T:7519    debug <general>: CSMBFile::Open - opened smb://USERNAME:PASSWORD@192.168.1.10/Films/Kodi Backup/Android/data/org.xbmc.kodi/files/.kodi/userdata/Thumbnails/5/55c5fc88.jpg, fd=10002
2023-11-15 04:22:25.266 T:7519    debug <general>: ffmpeg[0x23c51042f0]: [image2] Custom AVIOContext makes no sense and will be ignored with AVFMT_NOFILE format.
2023-11-15 04:22:25.271 T:7519    debug <general>: ffmpeg[0x23c51042f0]: [swscaler] No accelerated colorspace conversion found from yuv420p to bgra.
2023-11-15 04:22:25.275 T:7519    debug <general>: CSMBFile::Close closing fd 10002
2023-11-15 04:22:25.482 T:7516    debug <general>: connect replacing configured host 192.168.1.10 with resolved host 192.168.1.10
2023-11-15 04:22:25.495 T:7519    debug <general>: CSMBFile::Open - opened smb://USERNAME:PASSWORD@192.168.1.10/Films/Kodi Backup/Android/data/org.xbmc.kodi/files/.kodi/userdata/Thumbnails/4/4b3d2e09.jpg, fd=10002
2023-11-15 04:22:25.504 T:7519    debug <general>: ffmpeg[0x23c51042f0]: [image2] Custom AVIOContext makes no sense and will be ignored with AVFMT_NOFILE format.
2023-11-15 04:22:25.508 T:7519    debug <general>: ffmpeg[0x23c51042f0]: [swscaler] No accelerated colorspace conversion found from yuv420p to bgra.
2023-11-15 04:22:25.510 T:7519    debug <general>: CSMBFile::Close closing fd 10002
2023-11-15 04:22:25.514 T:7519    debug <general>: CSMBFile::Open - opened smb://USERNAME:PASSWORD@192.168.1.10/Films/Kodi Backup/Android/data/org.xbmc.kodi/files/.kodi/userdata/Thumbnails/d/d2c23796.jpg, fd=10002
2023-11-15 04:22:25.524 T:7519    debug <general>: ffmpeg[0x23c51042f0]: [image2] Custom AVIOContext makes no sense and will be ignored with AVFMT_NOFILE format.
2023-11-15 04:22:25.528 T:7519    debug <general>: ffmpeg[0x23c51042f0]: [swscaler] No accelerated colorspace conversion found from yuv420p to bgra.
2023-11-15 04:22:25.534 T:7519    debug <general>: CSMBFile::Close closing fd 10002
2023-11-15 04:22:25.538 T:7519    debug <general>: CSMBFile::Open - opened smb://USERNAME:PASSWORD@192.168.1.10/Films/Kodi Backup/Android/data/org.xbmc.kodi/files/.kodi/userdata/Thumbnails/d/d34751fc.jpg, fd=10002
2023-11-15 04:22:25.550 T:7519    debug <general>: ffmpeg[0x23c51042f0]: [image2] Custom AVIOContext makes no sense and will be ignored with AVFMT_NOFILE format.
2023-11-15 04:22:25.553 T:7519    debug <general>: ffmpeg[0x23c51042f0]: [swscaler] No accelerated colorspace conversion found from yuv420p to bgra.
2023-11-15 04:22:25.554 T:7519    debug <general>: CSMBFile::Close closing fd 10002
2023-11-15 04:22:25.564 T:7519    debug <general>: CSMBFile::Open - opened smb://USERNAME:PASSWORD@192.168.1.10/Films/Kodi Backup/Android/data/org.xbmc.kodi/files/.kodi/userdata/Thumbnails/9/91eba957.jpg, fd=10002
2023-11-15 04:22:25.574 T:7519    debug <general>: ffmpeg[0x23c51042f0]: [image2] Custom AVIOContext makes no sense and will be ignored with AVFMT_NOFILE format.
2023-11-15 04:22:25.578 T:7519    debug <general>: ffmpeg[0x23c51042f0]: [swscaler] No accelerated colorspace conversion found from yuv420p to bgra.
2023-11-15 04:22:25.582 T:7519    debug <general>: CSMBFile::Close closing fd 10002
2023-11-15 04:22:25.586 T:7519    debug <general>: CSMBFile::Open - opened smb://USERNAME:PASSWORD@192.168.1.10/Films/Kodi Backup/Android/data/org.xbmc.kodi/files/.kodi/userdata/Thumbnails/8/8e7d7065.png, fd=10002
2023-11-15 04:22:25.651 T:7519    debug <general>: CSMBFile::Close closing fd 10002
2023-11-15 04:22:25.895 T:7475    debug <general>: connect replacing configured host 192.168.1.10 with resolved host 192.168.1.10
2023-11-15 04:22:25.906 T:7519     info <general>: Skipped 1 duplicate messages..
2023-11-15 04:22:25.906 T:7519    debug <general>: CSMBFile::Open - opened smb://USERNAME:PASSWORD@192.168.1.10/Films/Kodi Backup/Android/data/org.xbmc.kodi/files/.kodi/userdata/Thumbnails/8/8834ad9e.jpg, fd=10002
2023-11-15 04:22:25.908 T:7524    debug <general>: CSMBFile::Open - opened smb://USERNAME:PASSWORD@192.168.1.10/Films/Kodi Backup/Android/data/org.xbmc.kodi/files/.kodi/userdata/playlists/video/Horror.xsp, fd=10001
2023-11-15 04:22:25.919 T:7519    debug <general>: ffmpeg[0x23c51042f0]: [image2] Custom AVIOContext makes no sense and will be ignored with AVFMT_NOFILE format.
2023-11-15 04:22:25.925 T:7524    debug <general>: CSMBFile::Close closing fd 10001
2023-11-15 04:22:25.936 T:7519    debug <general>: CSMBFile::Close closing fd 10002
2023-11-15 04:22:25.936 T:7519    debug <general>: DoWork - took 283 ms to load special://masterprofile/Thumbnails/8/8834ad9e.jpg
2023-11-15 04:22:26.148 T:7488    debug <general>: connect replacing configured host 192.168.1.10 with resolved host 192.168.1.10
2023-11-15 04:22:26.151 T:7519    debug <general>: CSMBFile::Open - opened smb://USERNAME:PASSWORD@192.168.1.10/Films/Kodi Backup/Android/data/org.xbmc.kodi/files/.kodi/userdata/Thumbnails/2/2d48879a.jpg, fd=10002
2023-11-15 04:22:26.152 T:7516    debug <general>: CSMBFile::Open - opened smb://USERNAME:PASSWORD@192.168.1.10/Films/Kodi Backup/Android/data/org.xbmc.kodi/files/.kodi/userdata/Thumbnails/a/a561ab7f.png, fd=10001
2023-11-15 04:22:26.169 T:7519    debug <general>: ffmpeg[0x23c51042f0]: [image2] Custom AVIOContext makes no sense and will be ignored with AVFMT_NOFILE format.
2023-11-15 04:22:26.170 T:7524    debug <general>: CSMBFile::Open - opened smb://USERNAME:PASSWORD@192.168.1.10/Films/Kodi Backup/Android/data/org.xbmc.kodi/files/.kodi/userdata/playlists/video/Horror.xsp, fd=10000
2023-11-15 04:22:26.177 T:7519    debug <general>: ffmpeg[0x23c51042f0]: [swscaler] No accelerated colorspace conversion found from yuv420p to bgra.
2023-11-15 04:22:26.179 T:7519    debug <general>: CSMBFile::Close closing fd 10002
2023-11-15 04:22:26.185 T:7524    debug <general>: CSMBFile::Close closing fd 10000
2023-11-15 04:22:26.186 T:7519    debug <general>: DoWork - took 248 ms to load special://masterprofile/Thumbnails/2/2d48879a.jpg
2023-11-15 04:22:26.192 T:7519    debug <general>: CSMBFile::Open - opened smb://USERNAME:PASSWORD@192.168.1.10/Films/Kodi Backup/Android/data/org.xbmc.kodi/files/.kodi/userdata/Thumbnails/f/f5edcda0.jpg, fd=10002
2023-11-15 04:22:26.220 T:7519    debug <general>: ffmpeg[0x23c51042f0]: [image2] Custom AVIOContext makes no sense and will be ignored with AVFMT_NOFILE format.
2023-11-15 04:22:26.233 T:7519    debug <general>: CSMBFile::Close closing fd 10002
2023-11-15 04:22:26.247 T:7524    debug <general>: connect replacing configured host 192.168.1.10 with resolved host 192.168.1.10
2023-11-15 04:22:26.249 T:7475    debug <general>: CSMBFile::Open - opened smb://USERNAME:PASSWORD@192.168.1.10/Films/Kodi Backup/Android/data/org.xbmc.kodi/files/.kodi/userdata/Thumbnails/f/f5c76ef0.jpg, fd=10002
2023-11-15 04:22:26.254 T:7519    debug <general>: CSMBFile::Open - opened smb://USERNAME:PASSWORD@192.168.1.10/Films/Kodi Backup/Android/data/org.xbmc.kodi/files/.kodi/userdata/Thumbnails/1/1d1b672e.png, fd=10000
2023-11-15 04:22:26.262 T:7516    debug <general>: CSMBFile::Close closing fd 10001
2023-11-15 04:22:26.293 T:7475    debug <general>: ffmpeg[0x23c4737690]: [image2] Custom AVIOContext makes no sense and will be ignored with AVFMT_NOFILE format.
2023-11-15 04:22:26.294 T:7516    debug <general>: DoWork - took 349 ms to load special://masterprofile/Thumbnails/a/a561ab7f.png
2023-11-15 04:22:26.299 T:7475    debug <general>: ffmpeg[0x23c4737690]: [swscaler] No accelerated colorspace conversion found from yuv420p to bgra.
2023-11-15 04:22:26.301 T:7475    debug <general>: CSMBFile::Close closing fd 10002
2023-11-15 04:22:26.305 T:7516    debug <general>: CSMBFile::Open - opened smb://USERNAME:PASSWORD@192.168.1.10/Films/Kodi Backup/Android/data/org.xbmc.kodi/files/.kodi/userdata/Thumbnails/1/11f31042.jpg, fd=10001
2023-11-15 04:22:26.316 T:7516    debug <general>: ffmpeg[0x23c4db5850]: [image2] Custom AVIOContext makes no sense and will be ignored with AVFMT_NOFILE format.
2023-11-15 04:22:26.318 T:7475    debug <general>: CSMBFile::Open - opened smb://USERNAME:PASSWORD@192.168.1.10/Films/Kodi Backup/Android/data/org.xbmc.kodi/files/.kodi/userdata/Thumbnails/e/ed21900b.jpg, fd=10002
2023-11-15 04:22:26.320 T:7516    debug <general>: ffmpeg[0x23c4db5850]: [swscaler] No accelerated colorspace conversion found from yuv420p to bgra.
2023-11-15 04:22:26.321 T:7516    debug <general>: CSMBFile::Close closing fd 10001
2023-11-15 04:22:26.327 T:7524    debug <general>: This query part contains a like, we will double backslash in the next field:  LIKE '
2023-11-15 04:22:26.328 T:7475    debug <general>: ffmpeg[0x23c4737690]: [image2] Custom AVIOContext makes no sense and will be ignored with AVFMT_NOFILE format.
2023-11-15 04:22:26.328 T:7524    debug <general>: This query part contains a like, we will double backslash in the next field:  LIKE '
2023-11-15 04:22:26.331 T:7516    debug <general>: CSMBFile::Open - opened smb://USERNAME:PASSWORD@192.168.1.10/Films/Kodi Backup/Android/data/org.xbmc.kodi/files/.kodi/userdata/Thumbnails/c/c26ff58c.jpg, fd=10001
2023-11-15 04:22:26.333 T:7475    debug <general>: ffmpeg[0x23c4737690]: [swscaler] No accelerated colorspace conversion found from yuv420p to bgra.
2023-11-15 04:22:26.334 T:7488    debug <general>: CSMBFile::Open - opened smb://USERNAME:PASSWORD@192.168.1.10/Films/Kodi Backup/Android/data/org.xbmc.kodi/files/.kodi/userdata/Thumbnails/9/91fcaae6.png, fd=10003
2023-11-15 04:22:26.335 T:7475    debug <general>: CSMBFile::Close closing fd 10002
2023-11-15 04:22:26.361 T:7516    debug <general>: ffmpeg[0x23c4db5850]: [image2] Custom AVIOContext makes no sense and will be ignored with AVFMT_NOFILE format.
2023-11-15 04:22:26.363 T:7475    debug <general>: CSMBFile::Open - opened smb://USERNAME:PASSWORD@192.168.1.10/Films/Kodi Backup/Android/data/org.xbmc.kodi/files/.kodi/userdata/Thumbnails/1/103e4f42.jpg, fd=10002
2023-11-15 04:22:26.373 T:7516    debug <general>: CSMBFile::Close closing fd 10001
2023-11-15 04:22:26.374 T:7475    debug <general>: ffmpeg[0x23c4737690]: [image2] Custom AVIOContext makes no sense and will be ignored with AVFMT_NOFILE format.
2023-11-15 04:22:26.379 T:7475    debug <general>: ffmpeg[0x23c4737690]: [swscaler] No accelerated colorspace conversion found from yuv420p to bgra.
2023-11-15 04:22:26.383 T:7475    debug <general>: CSMBFile::Close closing fd 10002
2023-11-15 04:22:26.405 T:7516    debug <general>: CSMBFile::Open - opened smb://USERNAME:PASSWORD@192.168.1.10/Films/Kodi Backup/Android/data/org.xbmc.kodi/files/.kodi/userdata/Thumbnails/7/7f59b2aa.jpg, fd=10002
2023-11-15 04:22:26.407 T:7475    debug <general>: CSMBFile::Open - opened smb://USERNAME:PASSWORD@192.168.1.10/Films/Kodi Backup/Android/data/org.xbmc.kodi/files/.kodi/userdata/Thumbnails/8/81844633.jpg, fd=10001
2023-11-15 04:22:26.411 T:7519    debug <general>: CSMBFile::Close closing fd 10000
2023-11-15 04:22:26.416 T:7516    debug <general>: ffmpeg[0x23c4db5850]: [image2] Custom AVIOContext makes no sense and will be ignored with AVFMT_NOFILE format.
2023-11-15 04:22:26.418 T:7519    debug <general>: DoWork - took 170 ms to load special://masterprofile/Thumbnails/1/1d1b672e.png
2023-11-15 04:22:26.419 T:7516    debug <general>: ffmpeg[0x23c4db5850]: [swscaler] No accelerated colorspace conversion found from yuv420p to bgra.
2023-11-15 04:22:26.419 T:7488    debug <general>: CSMBFile::Close closing fd 10003
2023-11-15 04:22:26.421 T:7516    debug <general>: CSMBFile::Close closing fd 10002
2023-11-15 04:22:26.425 T:7475    debug <general>: ffmpeg[0x23c4737690]: [image2] Custom AVIOContext makes no sense and will be ignored with AVFMT_NOFILE format.
2023-11-15 04:22:26.427 T:7519    debug <general>: CSMBFile::Open - opened smb://USERNAME:PASSWORD@192.168.1.10/Films/Kodi Backup/Android/data/org.xbmc.kodi/files/.kodi/userdata/Thumbnails/0/0f8bd22a.jpg, fd=10000
2023-11-15 04:22:26.429 T:7475    debug <general>: ffmpeg[0x23c4737690]: [swscaler] No accelerated colorspace conversion found from yuv420p to bgra.
2023-11-15 04:22:26.430 T:7488    debug <general>: DoWork - took 107 ms to load special://masterprofile/Thumbnails/9/91fcaae6.png
2023-11-15 04:22:26.431 T:7475    debug <general>: CSMBFile::Close closing fd 10001
2023-11-15 04:22:26.432 T:7524    debug <general>: connect replacing configured host 192.168.1.10 with resolved host 192.168.1.10
2023-11-15 04:22:26.437 T:7519    debug <general>: ffmpeg[0x23c51042f0]: [image2] Custom AVIOContext makes no sense and will be ignored with AVFMT_NOFILE format.
2023-11-15 04:22:26.438 T:7516    debug <general>: CSMBFile::Open - opened smb://USERNAME:PASSWORD@192.168.1.10/Films/Kodi Backup/Android/data/org.xbmc.kodi/files/.kodi/userdata/Thumbnails/f/f6d453b9.jpg, fd=10001
2023-11-15 04:22:26.439 T:7519    debug <general>: ffmpeg[0x23c51042f0]: [swscaler] No accelerated colorspace conversion found from yuv420p to bgra.
2023-11-15 04:22:26.440 T:7475    debug <general>: CSMBFile::Open - opened smb://USERNAME:PASSWORD@192.168.1.10/Films/Kodi Backup/Android/data/org.xbmc.kodi/files/.kodi/userdata/Thumbnails/5/59c84f0b.jpg, fd=10003
2023-11-15 04:22:26.441 T:7519    debug <general>: CSMBFile::Close closing fd 10000
2023-11-15 04:22:26.449 T:7475    debug <general>: ffmpeg[0x23c4737690]: [image2] Custom AVIOContext makes no sense and will be ignored with AVFMT_NOFILE format.
2023-11-15 04:22:26.453 T:7488    debug <general>: CSMBFile::Open - opened smb://USERNAME:PASSWORD@192.168.1.10/Films/Kodi Backup/Android/data/org.xbmc.kodi/files/.kodi/userdata/Thumbnails/f/f0600265.jpg, fd=10000
2023-11-15 04:22:26.454 T:7475    debug <general>: ffmpeg[0x23c4737690]: [swscaler] No accelerated colorspace conversion found from yuv420p to bgra.
2023-11-15 04:22:26.457 T:7475    debug <general>: CSMBFile::Close closing fd 10003
2023-11-15 04:22:26.459 T:7519    debug <general>: CSMBFile::Open - opened smb://USERNAME:PASSWORD@192.168.1.10/Films/Kodi Backup/Android/data/org.xbmc.kodi/files/.kodi/userdata/Thumbnails/6/6871aee0.png, fd=10002
2023-11-15 04:22:26.462 T:7516    debug <general>: ffmpeg[0x23c4db5850]: [image2] Custom AVIOContext makes no sense and will be ignored with AVFMT_NOFILE format.
2023-11-15 04:22:26.467 T:7516    debug <general>: ffmpeg[0x23c4db5850]: [swscaler] No accelerated colorspace conversion found from yuv420p to bgra.
2023-11-15 04:22:26.468 T:7516    debug <general>: CSMBFile::Close closing fd 10001
2023-11-15 04:22:26.479 T:7488    debug <general>: ffmpeg[0x23c4c2a5f0]: [image2] Custom AVIOContext makes no sense and will be ignored with AVFMT_NOFILE format.
2023-11-15 04:22:26.481 T:7475    debug <general>: CSMBFile::Open - opened smb://USERNAME:PASSWORD@192.168.1.10/Films/Kodi Backup/Android/data/org.xbmc.kodi/files/.kodi/userdata/Thumbnails/f/f05d92eb.jpg, fd=10001
2023-11-15 04:22:26.481 T:7516    debug <general>: CSMBFile::Open - opened smb://USERNAME:PASSWORD@192.168.1.10/Films/Kodi Backup/Android/data/org.xbmc.kodi/files/.kodi/userdata/Thumbnails/9/916d9188.jpg, fd=10003
2023-11-15 04:22:26.483 T:7488    debug <general>: ffmpeg[0x23c4c2a5f0]: [swscaler] No accelerated colorspace conversion found from yuv420p to bgra.
2023-11-15 04:22:26.484 T:7488    debug <general>: CSMBFile::Close closing fd 10000
2023-11-15 04:22:26.501 T:7516    debug <general>: ffmpeg[0x23c4db5850]: [image2] Custom AVIOContext makes no sense and will be ignored with AVFMT_NOFILE format.
2023-11-15 04:22:26.503 T:7475    debug <general>: ffmpeg[0x23c4737690]: [image2] Custom AVIOContext makes no sense and will be ignored with AVFMT_NOFILE format.
2023-11-15 04:22:26.504 T:7516    debug <general>: ffmpeg[0x23c4db5850]: [swscaler] No accelerated colorspace conversion found from yuv420p to bgra.
2023-11-15 04:22:26.506 T:7516    debug <general>: CSMBFile::Close closing fd 10003
2023-11-15 04:22:26.517 T:7516    debug <general>: CSMBFile::Open - opened smb://USERNAME:PASSWORD@192.168.1.10/Films/Kodi Backup/Android/data/org.xbmc.kodi/files/.kodi/userdata/Thumbnails/d/de63ce75.png, fd=10003
2023-11-15 04:22:26.518 T:7475    debug <general>: CSMBFile::Close closing fd 10001
2023-11-15 04:22:26.529 T:7475    debug <general>: CSMBFile::Open - opened smb://USERNAME:PASSWORD@192.168.1.10/Films/Kodi Backup/Android/data/org.xbmc.kodi/files/.kodi/userdata/Thumbnails/2/2c102a3f.jpg, fd=10001
2023-11-15 04:22:26.541 T:7519    debug <general>: CSMBFile::Close closing fd 10002
2023-11-15 04:22:26.541 T:7475    debug <general>: ffmpeg[0x23c4737690]: [image2] Custom AVIOContext makes no sense and will be ignored with AVFMT_NOFILE format.
2023-11-15 04:22:26.543 T:7488    debug <general>: CSMBFile::Open - opened smb://USERNAME:PASSWORD@192.168.1.10/Films/Kodi Backup/Android/data/org.xbmc.kodi/files/.kodi/userdata/Thumbnails/0/0f8f8c05.jpg, fd=10000
2023-11-15 04:22:26.544 T:7519    debug <general>: DoWork - took 101 ms to load special://masterprofile/Thumbnails/6/6871aee0.png
2023-11-15 04:22:26.544 T:7475    debug <general>: ffmpeg[0x23c4737690]: [swscaler] No accelerated colorspace conversion found from yuv420p to bgra.
2023-11-15 04:22:26.546 T:7475    debug <general>: CSMBFile::Close closing fd 10001
2023-11-15 04:22:26.562 T:7519    debug <general>: CSMBFile::Open - opened smb://USERNAME:PASSWORD@192.168.1.10/Films/Kodi Backup/Android/data/org.xbmc.kodi/files/.kodi/userdata/Thumbnails/c/c560acc0.jpg, fd=10001
2023-11-15 04:22:26.563 T:7475    debug <general>: CSMBFile::Open - opened smb://USERNAME:PASSWORD@192.168.1.10/Films/Kodi Backup/Android/data/org.xbmc.kodi/files/.kodi/userdata/Thumbnails/2/2a7f0575.jpg, fd=10002
2023-11-15 04:22:26.566 T:7488    debug <general>: ffmpeg[0x23c4c2a5f0]: [image2] Custom AVIOContext makes no sense and will be ignored with AVFMT_NOFILE format.
2023-11-15 04:22:26.571 T:7488    debug <general>: ffmpeg[0x23c4c2a5f0]: [swscaler] No accelerated colorspace conversion found from yuv420p to bgra.
2023-11-15 04:22:26.573 T:7488    debug <general>: CSMBFile::Close closing fd 10000
2023-11-15 04:22:26.584 T:7475    debug <general>: ffmpeg[0x23c4737690]: [image2] Custom AVIOContext makes no sense and will be ignored with AVFMT_NOFILE format.
2023-11-15 04:22:26.587 T:7488    debug <general>: CSMBFile::Open - opened smb://USERNAME:PASSWORD@192.168.1.10/Films/Kodi Backup/Android/data/org.xbmc.kodi/files/.kodi/userdata/Thumbnails/3/3415bb78.png, fd=10000
2023-11-15 04:22:26.589 T:7475    debug <general>: ffmpeg[0x23c4737690]: [swscaler] No accelerated colorspace conversion found from yuv420p to bgra.
2023-11-15 04:22:26.591 T:7475    debug <general>: CSMBFile::Close closing fd 10002
2023-11-15 04:22:26.592 T:7516    debug <general>: CSMBFile::Close closing fd 10003
2023-11-15 04:22:26.596 T:7519    debug <general>: ffmpeg[0x23c51042f0]: [image2] Custom AVIOContext makes no sense and will be ignored with AVFMT_NOFILE format.
2023-11-15 04:22:26.599 T:7519    debug <general>: ffmpeg[0x23c51042f0]: [swscaler] No accelerated colorspace conversion found from yuv420p to bgra.
2023-11-15 04:22:26.600 T:7519    debug <general>: CSMBFile::Close closing fd 10001
2023-11-15 04:22:26.605 T:7475    debug <general>: CSMBFile::Open - opened smb://USERNAME:PASSWORD@192.168.1.10/Films/Kodi Backup/Android/data/org.xbmc.kodi/files/.kodi/userdata/Thumbnails/e/ed3a2482.jpg, fd=10003
2023-11-15 04:22:26.617 T:7475    debug <general>: ffmpeg[0x23c4737690]: [image2] Custom AVIOContext makes no sense and will be ignored with AVFMT_NOFILE format.
2023-11-15 04:22:26.621 T:7519    debug <general>: CSMBFile::Open - opened smb://USERNAME:PASSWORD@192.168.1.10/Films/Kodi Backup/Android/data/org.xbmc.kodi/files/.kodi/userdata/Thumbnails/0/0e33f8ad.jpg, fd=10001
2023-11-15 04:22:26.622 T:7516    debug <general>: CSMBFile::Open - opened smb://USERNAME:PASSWORD@192.168.1.10/Films/Kodi Backup/Android/data/org.xbmc.kodi/files/.kodi/userdata/Thumbnails/4/4b7e0c46.png, fd=10002
2023-11-15 04:22:26.631 T:7519    debug <general>: ffmpeg[0x23c51042f0]: [image2] Custom AVIOContext makes no sense and will be ignored with AVFMT_NOFILE format.
2023-11-15 04:22:26.633 T:7475    debug <general>: CSMBFile::Close closing fd 10003
2023-11-15 04:22:26.639 T:7519    debug <general>: ffmpeg[0x23c51042f0]: [swscaler] No accelerated colorspace conversion found from yuv420p to bgra.
2023-11-15 04:22:26.640 T:7519    debug <general>: CSMBFile::Close closing fd 10001
2023-11-15 04:22:26.645 T:7475    debug <general>: CSMBFile::Open - opened smb://USERNAME:PASSWORD@192.168.1.10/Films/Kodi Backup/Android/data/org.xbmc.kodi/files/.kodi/userdata/Thumbnails/7/77c6d0fa.jpg, fd=10001
2023-11-15 04:22:26.650 T:7488    debug <general>: CSMBFile::Close closing fd 10000
2023-11-15 04:22:26.678 T:7475    debug <general>: ffmpeg[0x23c4737690]: [image2] Custom AVIOContext makes no sense and will be ignored with AVFMT_NOFILE format.
2023-11-15 04:22:26.680 T:7519    debug <general>: CSMBFile::Open - opened smb://USERNAME:PASSWORD@192.168.1.10/Films/Kodi Backup/Android/data/org.xbmc.kodi/files/.kodi/userdata/Thumbnails/2/259d8e0c.jpg, fd=10003
2023-11-15 04:22:26.682 T:7475    debug <general>: ffmpeg[0x23c4737690]: [swscaler] No accelerated colorspace conversion found from yuv420p to bgra.
2023-11-15 04:22:26.685 T:7475    debug <general>: CSMBFile::Close closing fd 10001
2023-11-15 04:22:26.689 T:7519    debug <general>: ffmpeg[0x23c51042f0]: [image2] Custom AVIOContext makes no sense and will be ignored with AVFMT_NOFILE format.
2023-11-15 04:22:26.690 T:7488    debug <general>: DoWork - took 104 ms to load special://masterprofile/Thumbnails/3/3415bb78.png
2023-11-15 04:22:26.692 T:7475    debug <general>: CSMBFile::Open - opened smb://USERNAME:PASSWORD@192.168.1.10/Films/Kodi Backup/Android/data/org.xbmc.kodi/files/.kodi/userdata/Thumbnails/5/5660d0c7.png, fd=10000
2023-11-15 04:22:26.692 T:7524    debug <general>: connect replacing configured host 192.168.1.10 with resolved host 192.168.1.10
2023-11-15 04:22:26.693 T:7519    debug <general>: ffmpeg[0x23c51042f0]: [swscaler] No accelerated colorspace conversion found from yuv420p to bgra.
2023-11-15 04:22:26.694 T:7488    debug <general>: CSMBFile::Open - opened smb://USERNAME:PASSWORD@192.168.1.10/Films/Kodi Backup/Android/data/org.xbmc.kodi/files/.kodi/userdata/Thumbnails/2/2cca884b.jpg, fd=10001
2023-11-15 04:22:26.696 T:7519    debug <general>: CSMBFile::Close closing fd 10003
2023-11-15 04:22:26.722 T:7488    debug <general>: ffmpeg[0x23c4c2a5f0]: [image2] Custom AVIOContext makes no sense and will be ignored with AVFMT_NOFILE format.
2023-11-15 04:22:26.724 T:7516    debug <general>: CSMBFile::Close closing fd 10002
2023-11-15 04:22:26.725 T:7488    debug <general>: ffmpeg[0x23c4c2a5f0]: [swscaler] No accelerated colorspace conversion found from yuv420p to bgra.
2023-11-15 04:22:26.725 T:7519    debug <general>: CSMBFile::Open - opened smb://USERNAME:PASSWORD@192.168.1.10/Films/Kodi Backup/Android/data/org.xbmc.kodi/files/.kodi/userdata/Thumbnails/9/93f673b0.jpg, fd=10003
2023-11-15 04:22:26.727 T:7516    debug <general>: DoWork - took 120 ms to load special://masterprofile/Thumbnails/4/4b7e0c46.png
2023-11-15 04:22:26.728 T:7488    debug <general>: CSMBFile::Close closing fd 10001
2023-11-15 04:22:26.743 T:7516    debug <general>: CSMBFile::Open - opened smb://USERNAME:PASSWORD@192.168.1.10/Films/Kodi Backup/Android/data/org.xbmc.kodi/files/.kodi/userdata/Thumbnails/2/2baa944f.jpg, fd=10001
2023-11-15 04:22:26.746 T:7519    debug <general>: ffmpeg[0x23c51042f0]: [image2] Custom AVIOContext makes no sense and will be ignored with AVFMT_NOFILE format.
2023-11-15 04:22:26.750 T:7519    debug <general>: ffmpeg[0x23c51042f0]: [swscaler] No accelerated colorspace conversion found from yuv420p to bgra.
2023-11-15 04:22:26.752 T:7519    debug <general>: CSMBFile::Close closing fd 10003
2023-11-15 04:22:26.753 T:7488    debug <general>: CSMBFile::Open - opened smb://USERNAME:PASSWORD@192.168.1.10/Films/Kodi Backup/Android/data/org.xbmc.kodi/files/.kodi/userdata/Thumbnails/5/5524e4d9.jpg, fd=10002
2023-11-15 04:22:26.763 T:7516    debug <general>: ffmpeg[0x23c4db5850]: [image2] Custom AVIOContext makes no sense and will be ignored with AVFMT_NOFILE format.
2023-11-15 04:22:26.766 T:7524    debug <general>: connect replacing configured host 192.168.1.10 with resolved host 192.168.1.10
2023-11-15 04:22:26.767 T:7516    debug <general>: ffmpeg[0x23c4db5850]: [swscaler] No accelerated colorspace conversion found from yuv420p to bgra.
2023-11-15 04:22:26.768 T:7516    debug <general>: CSMBFile::Close closing fd 10001
2023-11-15 04:22:26.777 T:7519    debug <general>: CSMBFile::Open - opened smb://USERNAME:PASSWORD@192.168.1.10/Films/Kodi Backup/Android/data/org.xbmc.kodi/files/.kodi/userdata/Thumbnails/7/7207155c.jpg, fd=10001
2023-11-15 04:22:26.779 T:7488    debug <general>: ffmpeg[0x23c4c2a5f0]: [image2] Custom AVIOContext makes no sense and will be ignored with AVFMT_NOFILE format.
2023-11-15 04:22:26.785 T:7488    debug <general>: ffmpeg[0x23c4c2a5f0]: [swscaler] No accelerated colorspace conversion found from yuv420p to bgra.
2023-11-15 04:22:26.786 T:7488    debug <general>: CSMBFile::Close closing fd 10002
2023-11-15 04:22:26.790 T:7519    debug <general>: ffmpeg[0x23c51042f0]: [image2] Custom AVIOContext makes no sense and will be ignored with AVFMT_NOFILE format.
2023-11-15 04:22:26.792 T:7519    debug <general>: ffmpeg[0x23c51042f0]: [swscaler] No accelerated colorspace conversion found from yuv420p to bgra.
2023-11-15 04:22:26.794 T:7519    debug <general>: CSMBFile::Close closing fd 10001
2023-11-15 04:22:26.799 T:7516    debug <general>: CSMBFile::Open - opened smb://USERNAME:PASSWORD@192.168.1.10/Films/Kodi Backup/Android/data/org.xbmc.kodi/files/.kodi/userdata/Thumbnails/b/b71ff6a8.jpg, fd=10002
2023-11-15 04:22:26.800 T:7488    debug <general>: CSMBFile::Open - opened smb://USERNAME:PASSWORD@192.168.1.10/Films/Kodi Backup/Android/data/org.xbmc.kodi/files/.kodi/userdata/Thumbnails/f/f8877437.png, fd=10001
2023-11-15 04:22:26.809 T:7475    debug <general>: CSMBFile::Close closing fd 10000
2023-11-15 04:22:26.811 T:7516    debug <general>: ffmpeg[0x23c4db5850]: [image2] Custom AVIOContext makes no sense and will be ignored with AVFMT_NOFILE format.
2023-11-15 04:22:26.817 T:7516    debug <general>: ffmpeg[0x23c4db5850]: [swscaler] No accelerated colorspace conversion found from yuv420p to bgra.
2023-11-15 04:22:26.819 T:7516    debug <general>: CSMBFile::Close closing fd 10002
2023-11-15 04:22:26.820 T:7475    debug <general>: DoWork - took 129 ms to load special://masterprofile/Thumbnails/5/5660d0c7.png
2023-11-15 04:22:26.823 T:7519    debug <general>: CSMBFile::Open - opened smb://USERNAME:PASSWORD@192.168.1.10/Films/Kodi Backup/Android/data/org.xbmc.kodi/files/.kodi/userdata/Thumbnails/4/46924e79.jpg, fd=10002
2023-11-15 04:22:26.840 T:7524    debug <general>: connect replacing configured host 192.168.1.10 with resolved host 192.168.1.10
2023-11-15 04:22:26.846 T:7519    debug <general>: ffmpeg[0x23c51042f0]: [image2] Custom AVIOContext makes no sense and will be ignored with AVFMT_NOFILE format.
2023-11-15 04:22:26.847 T:7516    debug <general>: CSMBFile::Open - opened smb://USERNAME:PASSWORD@192.168.1.10/Films/Kodi Backup/Android/data/org.xbmc.kodi/files/.kodi/userdata/Thumbnails/b/bf9c5e0c.png, fd=10000
2023-11-15 04:22:26.849 T:7519    debug <general>: ffmpeg[0x23c51042f0]: [swscaler] No accelerated colorspace conversion found from yuv420p to bgra.
2023-11-15 04:22:26.850 T:7475    debug <general>: CSMBFile::Open - opened smb://USERNAME:PASSWORD@192.168.1.10/Films/Kodi Backup/Android/data/org.xbmc.kodi/files/.kodi/userdata/Thumbnails/5/5d6c5613.jpg, fd=10003
2023-11-15 04:22:26.851 T:7519    debug <general>: CSMBFile::Close closing fd 10002
2023-11-15 04:22:26.902 T:7475    debug <general>: ffmpeg[0x23c4737690]: [image2] Custom AVIOContext makes no sense and will be ignored with AVFMT_NOFILE format.
2023-11-15 04:22:26.909 T:7475    debug <general>: ffmpeg[0x23c4737690]: [swscaler] No accelerated colorspace conversion found from yuv420p to bgra.
2023-11-15 04:22:26.917 T:7524    debug <general>: connect replacing configured host 192.168.1.10 with resolved host 192.168.1.10
2023-11-15 04:22:26.922 T:7475    debug <general>: CSMBFile::Close closing fd 10003
2023-11-15 04:22:26.923 T:7475    debug <general>: DoWork - took 101 ms to load special://masterprofile/Thumbnails/5/5d6c5613.jpg
2023-11-15 04:22:26.923 T:7475    debug <general>: connect replacing configured host 192.168.1.10 with resolved host 192.168.1.10
2023-11-15 04:22:26.928 T:7488    debug <general>: CSMBFile::Close closing fd 10001
2023-11-15 04:22:26.929 T:7488    debug <general>: DoWork - took 131 ms to load special://masterprofile/Thumbnails/f/f8877437.png
2023-11-15 04:22:26.937 T:7488    debug <general>: connect replacing configured host 192.168.1.10 with resolved host 192.168.1.10
2023-11-15 04:22:26.944 T:7516    debug <general>: CSMBFile::Close closing fd 10000
2023-11-15 04:22:26.944 T:7516    debug <general>: DoWork - took 122 ms to load special://masterprofile/Thumbnails/b/bf9c5e0c.png
