2023-11-15 04:22:32.580 T:7531    debug <general>: CheckPlayerInit - dropping packet type:1 dts:1811136000.000000 to get to start point at 1812000000.000000
2023-11-15 04:22:32.580 T:7531    debug <general>: CheckPlayerInit - dropping packet type:2 dts:1810640000.000000 to get to start point at 1812000000.000000
2023-11-15 04:22:32.580 T:7531    debug <general>: CheckPlayerInit - dropping packet type:1 dts:1811160000.000000 to get to start point at 1812000000.000000
2023-11-15 04:22:32.580 T:7531    debug <general>: CheckPlayerInit - dropping packet type:2 dts:1810680000.000000 to get to start point at 1812000000.000000
2023-11-15 04:22:32.580 T:7531    debug <general>: CheckPlayerInit - dropping packet type:1 dts:1811184000.000000 to get to start point at 1812000000.000000
2023-11-15 04:22:32.581 T:7531    debug <general>: CheckPlayerInit - dropping packet type:1 dts:1811208000.000000 to get to start point at 1812000000.000000
2023-11-15 04:22:32.581 T:7531    debug <general>: CheckPlayerInit - dropping packet type:2 dts:1810720000.000000 to get to start point at 1812000000.000000
2023-11-15 04:22:32.581 T:7531    debug <general>: CheckPlayerInit - dropping packet type:1 dts:1811232000.000000 to get to start point at 1812000000.000000
2023-11-15 04:22:32.581 T:7531    debug <general>: CheckPlayerInit - dropping packet type:1 dts:1811256000.000000 to get to start point at 1812000000.000000
2023-11-15 04:22:32.581 T:7531    debug <general>: CheckPlayerInit - dropping packet type:2 dts:1810760000.000000 to get to start point at 1812000000.000000
2023-11-15 04:22:32.581 T:7531    debug <general>: CheckPlayerInit - dropping packet type:1 dts:1811280000.000000 to get to start point at 1812000000.000000
2023-11-15 04:22:32.581 T:7531    debug <general>: CheckPlayerInit - dropping packet type:2 dts:1810800000.000000 to get to start point at 1812000000.000000
2023-11-15 04:22:32.581 T:7531    debug <general>: CheckPlayerInit - dropping packet type:1 dts:1811304000.000000 to get to start point at 1812000000.000000
2023-11-15 04:22:32.581 T:7531    debug <general>: CheckPlayerInit - dropping packet type:1 dts:1811328000.000000 to get to start point at 1812000000.000000
2023-11-15 04:22:32.581 T:7531    debug <general>: CheckPlayerInit - dropping packet type:2 dts:1810840000.000000 to get to start point at 1812000000.000000
2023-11-15 04:22:32.581 T:7531    debug <general>: CheckPlayerInit - dropping packet type:1 dts:1811352000.000000 to get to start point at 1812000000.000000
2023-11-15 04:22:32.581 T:7531    debug <general>: CheckPlayerInit - dropping packet type:1 dts:1811376000.000000 to get to start point at 1812000000.000000
2023-11-15 04:22:32.582 T:7531    debug <general>: CheckPlayerInit - dropping packet type:2 dts:1810880000.000000 to get to start point at 1812000000.000000
2023-11-15 04:22:32.576 T:7541    debug <general>: CVideoPlayerAudio - CDVDMsg::GENERAL_SYNCHRONIZE
2023-11-15 04:22:32.582 T:7541    debug <general>: CDVDAudio::Pause - pausing audio stream
2023-11-15 04:22:32.582 T:7540    debug <general>: CVideoPlayerVideo - Stillframe left, switching to normal playback
2023-11-15 04:22:32.582 T:7540    debug <general>: CDVDVideoCodecAndroidMediaCodec::AddData current state (2)
2023-11-15 04:22:32.582 T:7531    debug <general>: CheckPlayerInit - dropping packet type:1 dts:1811400000.000000 to get to start point at 1812000000.000000
2023-11-15 04:22:32.583 T:7531    debug <general>: CheckPlayerInit - dropping packet type:2 dts:1810920000.000000 to get to start point at 1812000000.000000
2023-11-15 04:22:32.583 T:7531    debug <general>: CheckPlayerInit - dropping packet type:1 dts:1811424000.000000 to get to start point at 1812000000.000000
2023-11-15 04:22:32.583 T:7531    debug <general>: CheckPlayerInit - dropping packet type:1 dts:1811448000.000000 to get to start point at 1812000000.000000
2023-11-15 04:22:32.583 T:7531    debug <general>: CheckPlayerInit - dropping packet type:2 dts:1810960000.000000 to get to start point at 1812000000.000000
2023-11-15 04:22:32.583 T:7531    debug <general>: CheckPlayerInit - dropping packet type:1 dts:1811472000.000000 to get to start point at 1812000000.000000
2023-11-15 04:22:32.583 T:7531    debug <general>: CheckPlayerInit - dropping packet type:1 dts:1811496000.000000 to get to start point at 1812000000.000000
2023-11-15 04:22:32.584 T:7531    debug <general>: CheckPlayerInit - dropping packet type:2 dts:1811000000.000000 to get to start point at 1812000000.000000
2023-11-15 04:22:32.584 T:7531    debug <general>: CheckPlayerInit - dropping packet type:1 dts:1811520000.000000 to get to start point at 1812000000.000000
2023-11-15 04:22:32.584 T:7531    debug <general>: CheckPlayerInit - dropping packet type:2 dts:1811040000.000000 to get to start point at 1812000000.000000
2023-11-15 04:22:32.584 T:7531    debug <general>: CheckPlayerInit - dropping packet type:1 dts:1811544000.000000 to get to start point at 1812000000.000000
2023-11-15 04:22:32.584 T:7531    debug <general>: CheckPlayerInit - dropping packet type:1 dts:1811568000.000000 to get to start point at 1812000000.000000
2023-11-15 04:22:32.584 T:7531    debug <general>: CheckPlayerInit - dropping packet type:2 dts:1811080000.000000 to get to start point at 1812000000.000000
2023-11-15 04:22:32.584 T:7531    debug <general>: CheckPlayerInit - dropping packet type:1 dts:1811592000.000000 to get to start point at 1812000000.000000
2023-11-15 04:22:32.584 T:7531    debug <general>: CheckPlayerInit - dropping packet type:1 dts:1811616000.000000 to get to start point at 1812000000.000000
2023-11-15 04:22:32.585 T:7531    debug <general>: CheckPlayerInit - dropping packet type:2 dts:1811120000.000000 to get to start point at 1812000000.000000
2023-11-15 04:22:32.585 T:7531    debug <general>: CheckPlayerInit - dropping packet type:1 dts:1811640000.000000 to get to start point at 1812000000.000000
2023-11-15 04:22:32.585 T:7531    debug <general>: CheckPlayerInit - dropping packet type:2 dts:1811160000.000000 to get to start point at 1812000000.000000
2023-11-15 04:22:32.585 T:7531    debug <general>: CheckPlayerInit - dropping packet type:1 dts:1811664000.000000 to get to start point at 1812000000.000000
2023-11-15 04:22:32.585 T:7531    debug <general>: CheckPlayerInit - dropping packet type:1 dts:1811688000.000000 to get to start point at 1812000000.000000
2023-11-15 04:22:32.585 T:7531    debug <general>: CheckPlayerInit - dropping packet type:2 dts:1811200000.000000 to get to start point at 1812000000.000000
2023-11-15 04:22:32.585 T:7531    debug <general>: CheckPlayerInit - dropping packet type:1 dts:1811712000.000000 to get to start point at 1812000000.000000
2023-11-15 04:22:32.585 T:7531    debug <general>: CheckPlayerInit - dropping packet type:1 dts:1811736000.000000 to get to start point at 1812000000.000000
2023-11-15 04:22:32.587 T:7531    debug <general>: CheckPlayerInit - dropping packet type:2 dts:1811240000.000000 to get to start point at 1812000000.000000
2023-11-15 04:22:32.588 T:7531    debug <general>: CheckPlayerInit - dropping packet type:1 dts:1811760000.000000 to get to start point at 1812000000.000000
2023-11-15 04:22:32.588 T:7531    debug <general>: CheckPlayerInit - dropping packet type:2 dts:1811280000.000000 to get to start point at 1812000000.000000
2023-11-15 04:22:32.588 T:7531    debug <general>: CheckPlayerInit - dropping packet type:1 dts:1811784000.000000 to get to start point at 1812000000.000000
2023-11-15 04:22:32.588 T:7531    debug <general>: CheckPlayerInit - dropping packet type:1 dts:1811808000.000000 to get to start point at 1812000000.000000
2023-11-15 04:22:32.589 T:7531    debug <general>: CheckPlayerInit - dropping packet type:2 dts:1811320000.000000 to get to start point at 1812000000.000000
2023-11-15 04:22:32.589 T:7531    debug <general>: CheckPlayerInit - dropping packet type:1 dts:1811832000.000000 to get to start point at 1812000000.000000
2023-11-15 04:22:32.589 T:7531    debug <general>: CheckPlayerInit - dropping packet type:1 dts:1811856000.000000 to get to start point at 1812000000.000000
2023-11-15 04:22:32.589 T:7531    debug <general>: CheckPlayerInit - dropping packet type:2 dts:1811360000.000000 to get to start point at 1812000000.000000
2023-11-15 04:22:32.589 T:7531    debug <general>: CheckPlayerInit - dropping packet type:1 dts:1811880000.000000 to get to start point at 1812000000.000000
2023-11-15 04:22:32.589 T:7531    debug <general>: CheckPlayerInit - dropping packet type:2 dts:1811400000.000000 to get to start point at 1812000000.000000
2023-11-15 04:22:32.589 T:7531    debug <general>: CheckPlayerInit - dropping packet type:1 dts:1811904000.000000 to get to start point at 1812000000.000000
2023-11-15 04:22:32.589 T:7531    debug <general>: CheckPlayerInit - dropping packet type:1 dts:1811928000.000000 to get to start point at 1812000000.000000
2023-11-15 04:22:32.589 T:7531    debug <general>: CheckPlayerInit - dropping packet type:2 dts:1811440000.000000 to get to start point at 1812000000.000000
2023-11-15 04:22:32.590 T:7531    debug <general>: CheckPlayerInit - dropping packet type:1 dts:1811952000.000000 to get to start point at 1812000000.000000
2023-11-15 04:22:32.590 T:7531    debug <general>: CheckPlayerInit - dropping packet type:1 dts:1811976000.000000 to get to start point at 1812000000.000000
2023-11-15 04:22:32.590 T:7531    debug <general>: CheckPlayerInit - dropping packet type:2 dts:1811480000.000000 to get to start point at 1812000000.000000
2023-11-15 04:22:32.590 T:7531    debug <general>: CVideoPlayer::SetCaching - caching state 1
2023-11-15 04:22:32.590 T:7531    debug <general>: CDVDClock::SetSpeedAdjust - adjusted:0.000000
2023-11-15 04:22:32.590 T:7531    debug <general>: CheckPlayerInit - dropping packet type:2 dts:1811520000.000000 to get to start point at 1812000000.000000
2023-11-15 04:22:32.590 T:7531    debug <general>: CVideoPlayer::SetCaching - caching state 2
2023-11-15 04:22:32.590 T:7531    debug <general>: CDVDClock::SetSpeedAdjust - adjusted:0.000000
2023-11-15 04:22:32.590 T:7531    debug <general>: CheckPlayerInit - dropping packet type:2 dts:1811560000.000000 to get to start point at 1812000000.000000
2023-11-15 04:22:32.590 T:7531    debug <general>: CheckPlayerInit - dropping packet type:2 dts:1811600000.000000 to get to start point at 1812000000.000000
2023-11-15 04:22:32.590 T:7531    debug <general>: CheckPlayerInit - dropping packet type:2 dts:1811640000.000000 to get to start point at 1812000000.000000
2023-11-15 04:22:32.590 T:7531    debug <general>: CheckPlayerInit - dropping packet type:2 dts:1811680000.000000 to get to start point at 1812000000.000000
2023-11-15 04:22:32.591 T:7531    debug <general>: CheckPlayerInit - dropping packet type:2 dts:1811720000.000000 to get to start point at 1812000000.000000
2023-11-15 04:22:32.591 T:7531    debug <general>: CheckPlayerInit - dropping packet type:2 dts:1811760000.000000 to get to start point at 1812000000.000000
2023-11-15 04:22:32.591 T:7531    debug <general>: CheckPlayerInit - dropping packet type:2 dts:1811800000.000000 to get to start point at 1812000000.000000
2023-11-15 04:22:32.591 T:7531    debug <general>: CheckPlayerInit - dropping packet type:2 dts:1811840000.000000 to get to start point at 1812000000.000000
2023-11-15 04:22:32.591 T:7531    debug <general>: CheckPlayerInit - dropping packet type:2 dts:1811880000.000000 to get to start point at 1812000000.000000
2023-11-15 04:22:32.591 T:7531    debug <general>: CheckPlayerInit - dropping packet type:2 dts:1811920000.000000 to get to start point at 1812000000.000000
2023-11-15 04:22:32.591 T:7531    debug <general>: CheckPlayerInit - dropping packet type:2 dts:1811960000.000000 to get to start point at 1812000000.000000
2023-11-15 04:22:32.592 T:7541    debug <general>: CDVDAudio::Pause - pausing audio stream
2023-11-15 04:22:32.593 T:7541     info <general>: Skipped 1 duplicate messages..
2023-11-15 04:22:32.593 T:7541     info <general>: Creating audio stream (codec id: 86017, channels: 2, sample rate: 48000, no pass-through)
2023-11-15 04:22:32.593 T:7541    debug <general>: CVideoPlayerAudio:: synctype set to 0: clock feedback
2023-11-15 04:22:32.598 T:7540    debug <general>: CDVDVideoCodecAndroidMediaCodec::AddData current state (2)
2023-11-15 04:22:32.653 T:7445     info <general>: CActiveAESink::OpenSink - initialize sink
2023-11-15 04:22:32.653 T:7445    debug <general>: Draining Audio
2023-11-15 04:22:32.668 T:7445    debug <general>: CAESinkAUDIOTRACK::Deinitialize
2023-11-15 04:22:32.670 T:7445     info <general>: Skipped 1 duplicate messages..
2023-11-15 04:22:32.670 T:7445    debug <general>: CActiveAESink::OpenSink - trying to open device AUDIOTRACK:AudioTrack (IEC)
2023-11-15 04:22:32.670 T:7445    debug <general>: CAESinkAUDIOTRACK::Initialize requested: sampleRate 48000; format: AE_FMT_FLOATP; channels: 2
2023-11-15 04:22:32.670 T:7445    debug <general>: Updated SampleRate: 32000 Distance: 144000
2023-11-15 04:22:32.670 T:7445    debug <general>: Updated SampleRate: 44100 Distance: 35100
2023-11-15 04:22:32.670 T:7445    debug <general>: Updated SampleRate: 48000 Distance: 0
2023-11-15 04:22:32.670 T:7445     info <general>: Trying to open: samplerate: 48000, channelMask: 12, encoding: 4
2023-11-15 04:22:32.673 T:7445     info <general>: Minimum size we need for stream: 12320 Bytes
2023-11-15 04:22:32.673 T:7445     info <general>: Audiotrack buffer params are: period time = 32.083 ms, period size = 12320 bytes, num periods = 4
2023-11-15 04:22:32.673 T:7445     info <general>: Created Audiotrackbuffer with playing time of 128.333333 ms min buffer size: 49280 bytes
2023-11-15 04:22:32.684 T:7540    debug <general>: CDVDVideoCodecAndroidMediaCodec:: width(640), height(480), stride(640), slice-height(480), color-format(262)
2023-11-15 04:22:32.687 T:7540    debug <general>: CDVDVideoCodecAndroidMediaCodec:: crop-left(0), crop-top(0), crop-right(639), crop-bottom(479)
2023-11-15 04:22:32.688 T:7540    debug <general>: CDVDVideoCodecAndroidMediaCodec:: Multi-Surface Rendering
2023-11-15 04:22:32.713 T:7445     info <general>: CAESinkAUDIOTRACK::Initializing with: m_sampleRate: 48000 format: AE_FMT_FLOAT (AE) method: PCM stream-type: PCM-STREAM min_buffer_size: 49280 m_frames: 1540 m_frameSize: 8 channels: 2
2023-11-15 04:22:32.714 T:7445    debug <general>: CActiveAESink::OpenSink - AUDIOTRACK Initialized:
2023-11-15 04:22:32.714 T:7445    debug <general>:   Output Device : AudioTrack (IEC)
2023-11-15 04:22:32.714 T:7445    debug <general>:   Sample Rate   : 48000
2023-11-15 04:22:32.714 T:7445    debug <general>:   Sample Format : AE_FMT_FLOAT
2023-11-15 04:22:32.714 T:7445    debug <general>:   Channel Count : 2
2023-11-15 04:22:32.714 T:7445    debug <general>:   Channel Layout: FL, FR
2023-11-15 04:22:32.714 T:7445    debug <general>:   Frames        : 1540
2023-11-15 04:22:32.714 T:7445    debug <general>:   Frame Size    : 8
2023-11-15 04:22:32.716 T:7444    debug <general>: CActiveAE::ClearDiscardedBuffers - buffer pool deleted
2023-11-15 04:22:32.718 T:7445     info <general>: Skipped 1 duplicate messages..
2023-11-15 04:22:32.718 T:7445    debug <general>: Could not acquire timestamp
2023-11-15 04:22:32.721 T:7531    debug <general>: CVideoPlayer::HandleMessages - player started 1
2023-11-15 04:22:32.722 T:7519    debug <general>: OnAVChange: CApplication::OnAVChange
2023-11-15 04:22:32.806 T:7528    debug <general>: connect replacing configured host 192.168.1.10 with resolved host 192.168.1.10
2023-11-15 04:22:32.902 T:7540    debug <general>: CRenderManager::Configure - change configuration. 640x480. display: 640x480. framerate: 25.00.
2023-11-15 04:22:32.906 T:7528    debug <general>: connect replacing configured host 192.168.1.10 with resolved host 192.168.1.10
2023-11-15 04:22:32.927 T:7434    debug <general>: DeleteRenderer - deleting renderer
2023-11-15 04:22:32.927 T:7434    debug <general>: LinuxRendererGLES: Cleaning up GLES resources
2023-11-15 04:22:32.946 T:7434    debug <general>: CAndroidUtils: IsHDRDisplay: true
2023-11-15 04:22:32.946 T:7434     info <general>: Instancing CRendererMediaCodecSurface
2023-11-15 04:22:32.946 T:7434     info <general>: CRendererMediaCodecSurface::Configure
2023-11-15 04:22:32.946 T:7434    debug <general>: CRenderManager::Configure - 4
2023-11-15 04:22:32.953 T:7531    debug <general>: CVideoPlayer::HandleMessages - player started 2
2023-11-15 04:22:32.953 T:7531    debug <general>: CVideoPlayer::SetCaching - caching state 3
2023-11-15 04:22:32.953 T:7519    debug <general>: OnAVChange: CApplication::OnAVChange
2023-11-15 04:22:32.953 T:7531    debug <general>: CDVDClock::SetSpeedAdjust - adjusted:0.000000
2023-11-15 04:22:32.954 T:7531    debug <general>: CVideoPlayer::SetCaching - caching state 0
2023-11-15 04:22:32.954 T:7531    debug <general>: CDVDClock::SetSpeedAdjust - adjusted:0.000000
2023-11-15 04:22:32.954 T:7531    debug <general>: VideoPlayer::Sync - Audio - pts: 1812288000.000000, cache: 418659.815882, totalcache: 728333.353996
2023-11-15 04:22:32.954 T:7531    debug <general>: VideoPlayer::Sync - Video - pts: 1811360000.000000, cache: 50000.000000, totalcache: 100000.000000
2023-11-15 04:22:32.954 T:7541    debug <general>: CVideoPlayerAudio - CDVDMsg::GENERAL_RESYNC(1811260000.000000), level: 100, cache: 471819.746104
2023-11-15 04:22:32.954 T:7541    debug <general>: CDVDAudio::Resume - resume audio stream
2023-11-15 04:22:32.955 T:7540    debug <general>: CVideoPlayerVideo - CDVDMsg::GENERAL_RESYNC(1811260000.000000)
2023-11-15 04:22:32.955 T:7444    debug <general>: ActiveAE - start sync of audio stream
2023-11-15 04:22:32.957 T:7519    debug <general>: OnAVStarted: CApplication::OnAVStarted
2023-11-15 04:22:32.974 T:7434    debug <general>: Activating window ID: 12005
2023-11-15 04:22:32.974 T:7434    debug <general>: ------ Window Deinit (Home.xml) ------
2023-11-15 04:22:32.974 T:7434    debug <general>: FreeVisualisation() done
2023-11-15 04:22:32.976 T:7434    debug <general>: ------ Window Init (VideoFullScreen.xml) ------
2023-11-15 04:22:32.976 T:7434     info <general>: Loading skin file: VideoFullScreen.xml, load type: KEEP_IN_MEMORY
2023-11-15 04:22:32.978 T:7528    debug <general>: connect replacing configured host 192.168.1.10 with resolved host 192.168.1.10
2023-11-15 04:22:32.989 T:7434    debug <general>: ------ Window Deinit (DialogBusy.xml) ------
2023-11-15 04:22:32.989 T:7519    debug <general>: OnAVChange: CApplication::OnAVChange
2023-11-15 04:22:33.054 T:7483  warning <general>: [ script.embuary.helper ] Image error: Could not open cached image --> [Errno 2] No such file or directory: '/storage/emulated/0/Android/data/org.xbmc.kodi/files/.kodi/userdata/Thumbnails/7/7e7f0091.jpg'
2023-11-15 04:22:33.064 T:7528     info <general>: Skipped 1 duplicate messages..
2023-11-15 04:22:33.064 T:7528    debug <general>: connect replacing configured host 192.168.1.10 with resolved host 192.168.1.10
2023-11-15 04:22:33.071 T:7444    debug <general>: ActiveAE::SyncStream - average error of 567.747650, start adjusting
2023-11-15 04:22:33.072 T:7483    error <general>: [ script.embuary.helper ] Image error: Could not get image for smb://192.168.1.10/Films/- Cartoons -/- Ru -/- CCCP -/Movies/Приключения капитана Врунгеля (1979)/Приключения капитана Врунгеля (1979)-poster.jpg (try 1) -> [Errno 2] No such file or directory: '/storage/emulated/0/Android/data/org.xbmc.kodi/files/.kodi/userdata/addon_data/script.embuary.helper/img/tmp/4c3931ff34da9d22143f022ed8c9e570.jpg'
2023-11-15 04:22:33.131 T:7528    debug <general>: connect replacing configured host 192.168.1.10 with resolved host 192.168.1.10
2023-11-15 04:22:33.160 T:7529    debug <general>: weather.gismeteo [v.0.6.3+matrix.1]: Request info
                                                   Method: GET
                                                   URL: https://services.gismeteo.net/inform-service/inf_chrome/forecast/?city=5403&lang=en
                                                   Headers: {'User-Agent': 'Kodi/20.2 (Linux; Android 11.0; SHIELD Android TV Build/RQ1A.210105.003) Android TV/11.0.0 Sys_CPU/aarch64 App_Bitness/64 Version/20.2-(20.2.0)-Git:20230629-5f418d0b13', 'Accept-Encoding': 'gzip, deflate', 'Accept': '*/*', 'Connection': 'keep-alive'}
                                                   Response info
                                                   Status code: 200
                                                   Reason: OK
                                                   Elapsed: 0.6031 sec
                                                   URL: https://services.gismeteo.net/inform-service/inf_chrome/forecast/?city=5403&lang=en
                                                   Headers: {'Date': 'Wed, 15 Nov 2023 02:22:34 GMT', 'Content-Type': 'text/xml; charset=utf-8', 'Transfer-Encoding': 'chunked', 'Connection': 'keep-alive', 'Vary': 'Accept-Encoding, Accept-Encoding', 'X-Gismeteo-Timestamp': '1700014954', 'X-Gismeteo-TimestampStr': '2023/11/15 02:22:34', 'Access-Control-Expose-Headers': 'X-Gismeteo-TimestampStr, X-Gismeteo-Timestamp', 'X-DC': 'ost.ngx-services-ost01, ost.ngx-services-ost01', 'Server': 'gis', 'X-XSS-Protection': '1; mode=block', 'X-Content-Type-Options': 'nosniff', 'Content-Encoding': 'gzip'}
                                                   Content: <?xml version="1.0" encoding="utf-8"?><weather><location id="5403" name="Tel Aviv" name_r="in Tel Aviv" country_id="66" 
                                                                 country_name="Israel" district_id="1126" district_name="Tel Aviv district" kind="T" lat="32.07" lng="34.78"  tzone="120" cur_time="2023-11-14T06:17:00" nowcast_url="/nowcast-tel-aviv-5403/" nowcast_teaser="false"><fact valid="2023-11-15T03:00:00" tod="0" risem="369" setm="1001" durm="632" sunrise="1700028540" sunset="1700066460"><values t="17" tflt="16.5" tcflt="17.3"  p="757" ws="1" wd="4" hum="89" hi="17" cl="2" pt="0" pr="0" prflt="0" ts="0" water_t="23" icon="n.c3" descr="Cloudy" grade="3" ph="0"  /></fact><day date="2023-11-14" risem="368" setm="1001" durm="633" sunrise="1699942080" sunset="1699980060"></day><day date="2023-11-15" risem="369" setm="1001" durm="632" sunrise="1700028540" sunset="1700066460" tmin="16" tmax="25" pmin="757"
                                                                    pmax="760" wsmin="0" wsmax="4" hummin="60" hummax="90" cl="2" pt="1" pr="1" ts="0" icon="d.c3.r1" descr="Cloudy, light rain" p="758"
                                                                    ws="4" wd="7" hum="77" grademax="3" prflt="0.6"  gust_speed="8.3"><forecast valid="2023-11-15T02:00:00" tod="0"><values t="16" p="757" ws="2" wd="4" hum="90" hi="16" cl="1" pt="0" pr="0" prflt="0" ts="0"
                                                                                   icon="n.c2" descr="Partly cloudy" 
                                                                                   grade="3"  /></forecast><forecast valid="2023-11-15T05:00:00" tod="-1"><values t="18" p="757" ws="2" wd="5" hum="86" hi="19" cl="2" pt="1" pr="1" prflt="0.5" ts="0"
                                                                                   icon="n.c3.r1" descr="Cloudy, light rain" 
                                                                                   grade="2"  gust_speed="4.4" /></forecast><forecast valid="2023-11-15T08:00:00" tod="1"><values t="21" p="758" ws="3" wd="5" hum="75" hi="21" cl="2" pt="1" pr="1" prflt="0.1" ts="0"
                                                                                   icon="d.c3.r1" descr="Cloudy, light rain" 
                                                                                   grade="2"  gust_speed="6.6" /></forecast><forecast valid="2023-11-15T11:00:00" tod="-1"><values t="24" p="758" ws="3" wd="6" hum="60" hi="24" cl="2" pt="0" pr="0" prflt="0" ts="0"
                                                                                   icon="d.c3" descr="Cloudy" 
                                                                                   grade="2"  gust_speed="7.4" /></forecast><forecast valid="2023-11-15T14:00:00" tod="2"><values t="25" p="758" ws="4" wd="7" hum="63" hi="25" cl="2" pt="0" pr="0" prflt="0" ts="0"
                                                                                   icon="d.c3" descr="Cloudy" 
                                                                                   grade="2"  gust_speed="8.1" /></forecast><forecast valid="2023-11-15T17:00:00" tod="-1"><values t="23" p="758" ws="1" wd="7" hum="72" hi="24" cl="1" pt="0" pr="0" prflt="0" ts="0"
                                                                                   icon="n.c2" descr="Partly cloudy" 
                                                                                   grade="2"  gust_speed="8.3" /></forecast><forecast valid="2023-11-15T20:00:00" tod="3"><values t="21" p="759" ws="0" wd="0" hum="81" hi="23" cl="1" pt="0" pr="0" prflt="0" ts="0"
                                                                                   icon="n.c2" descr="Partly cloudy" 
                                                                                   grade="3"  gust_speed="4.8" /></forecast><forecast valid="2023-11-15T23:00:00" tod="-1"><values t="19" p="760" ws="0" wd="0" hum="88" hi="21" cl="1" pt="0" pr="0" prflt="0" ts="0"
                                                                                   icon="n.c2" descr="Partly cloudy" 
                                                                                   grade="3"  gust_speed="1.9" /></forecast></day><day date="2023-11-16" risem="370" setm="1000" durm="630" sunrise="1700115000" sunset="1700152800" tmin="17" tmax="26" pmin="759"
                                                                    pmax="760" wsmin="0" wsmax="4" hummin="58" hummax="89" cl="1" pt="0" pr="0" ts="0" icon="d.c2" descr="Partly cloudy" p="759"
                                                                    ws="4" wd="7" hum="75" grademax="3" prflt="0"  gust_speed="8.7"><forecast valid="2023-11-16T02:00:00" tod="0"><values t="18" p="759" ws="1" wd="4" hum="88" hi="19" cl="0" pt="0" pr="0" prflt="0" ts="0"
                                                                                   icon="n" descr="Fair" 
                                                                                   grade="2"  gust_speed="2.2" /></forecast><forecast valid="2023-11-16T05:00:00" tod="-1"><values t="17" p="759" ws="1" wd="4" hum="89" hi="17" cl="0" pt="0" pr="0" prflt="0" ts="0"
                                                                                   icon="n" descr="Fair" 
                                                                                   grade="3"  gust_speed="2.6" /></forecast><forecast valid="2023-11-16T08:00:00" tod="1"><values t="20" p="760" ws="2" wd="4" hum="71" hi="21" cl="0" pt="0" pr="0" prflt="0" ts="0"
                                                                                   icon="d" descr="Fair" 
                                                                                   grade="2"  gust_speed="3.5" /></forecast><forecast valid="2023-11-16T11:00:00" tod="-1"><values t="26" p="760" ws="3" wd="6" hum="58" hi="26" cl="0" pt="0" pr="0" prflt="0" ts="0"
                                                                                   icon="d" descr="Fair" 
                                                                                   grade="2"  gust_speed="7" /></forecast><forecast valid="2023-11-16T14:00:00" tod="2"><values t="25" p="759" ws="4" wd="7" hum="62" hi="25" cl="2" pt="0" pr="0" prflt="0" ts="0"
                                                                                   icon="d.c3" descr="Cloudy" 
                                                                                   grade="1"  gust_speed="8.7" /></forecast><forecast valid="2023-11-16T17:00:00" tod="-1"><values t="23" p="759" ws="2" wd="7" hum="70" hi="25" cl="1" pt="0" pr="0" prflt="0" ts="0"
                                                                                   icon="n.c2" descr="Partly cloudy" 
                                                                                   grade="2"  gust_speed="8.5" /></forecast><forecast valid="2023-11-16T20:00:00" tod="3"><values t="21" p="760" ws="0" wd="0" hum="77" hi="24" cl="2" pt="0" pr="0" prflt="0" ts="0"
                                                                                   icon="n.c3" descr="Cloudy" 
                                                                                   grade="2"  gust_speed="5.6" /></forecast><forecast valid="2023-11-16T23:00:00" tod="-1"><values t="20" p="760" ws="0" wd="0" hum="81" hi="22" cl="2" pt="0" pr="0" prflt="0" ts="0"
                                                                                   icon="n.c3" descr="Cloudy" 
                                                                                   grade="2"  gust_speed="0.5" /></forecast></day><day date="2023-11-17" risem="371" setm="1000" durm="629" sunrise="1700201460" sunset="1700239200" tmin="18" tmax="26" pmin="759"
                                                                    pmax="760" wsmin="0" wsmax="4" hummin="54" hummax="83" cl="2" pt="1" pr="1" ts="0" icon="d.c3.r1" descr="Cloudy, light rain" p="0"
                                                                    ws="4" wd="6" hum="73" grademax="2" prflt="0.3"  gust_speed="8.2"></day><day date="2023-11-18" risem="371" setm="999" durm="628" sunrise="1700287860" sunset="1700325540" tmin="19" tmax="26" pmin="756"
                                                                    pmax="759" wsmin="0" wsmax="4" hummin="62" hummax="84" cl="101" pt="1" pr="1" ts="0" icon="d.c3.r1" descr="Partly cloudy, light rain" p="0"
                                                                    ws="4" wd="7" hum="72" grademax="2" prflt="2.1"  gust_speed="6.9"></day><day date="2023-11-19" risem="372" setm="999" durm="627" sunrise="1700374320" sunset="1700411940" tmin="19" tmax="24" pmin="753"
                                                                    pmax="756" wsmin="2" wsmax="7" hummin="59" hummax="80" cl="3" pt="1" pr="3" ts="1" icon="c4.r3.st" descr="Mainly cloudy, very heavy rain, thunderstorm" p="0"
                                                                    ws="7" wd="6" hum="72" grademax="2" prflt="23.8"  gust_speed="17.5"></day><day date="2023-11-20" risem="373" setm="998" durm="625" sunrise="1700460780" sunset="1700498280" tmin="18" tmax="23" pmin="755"
                                                                    pmax="757" wsmin="1" wsmax="7" hummin="51" hummax="76" cl="2" pt="1" pr="1" ts="0" icon="d.c3.r1" descr="Cloudy, light rain" p="0"
                                                                    ws="7" wd="7" hum="64" grademax="2" prflt="0.2"  gust_speed="12.9"></day><day date="2023-11-21" risem="374" setm="998" durm="624" sunrise="1700547240" sunset="1700584680" tmin="17" tmax="24" pmin="757"
                                                                    pmax="759" wsmin="0" wsmax="4" hummin="50" hummax="72" cl="101" pt="1" pr="1" ts="0" icon="d.c3.r1" descr="Partly cloudy, light rain" p="0"
                                                                    ws="4" wd="7" hum="65" grademax="2" prflt="0.2"  gust_speed="6.8"></day></location></weather>
                                                   
2023-11-15 04:22:33.219 T:7528    debug <general>: connect replacing configured host 192.168.1.10 with resolved host 192.168.1.10
2023-11-15 04:22:33.619 T:7483     info <general>: Skipped 3 duplicate messages..
2023-11-15 04:22:33.619 T:7483  warning <general>: [ script.embuary.helper ] Image error: Could not open cached image --> [Errno 2] No such file or directory: '/storage/emulated/0/Android/data/org.xbmc.kodi/files/.kodi/userdata/Thumbnails/7/7e7f0091.jpg'
2023-11-15 04:22:33.632 T:7528    debug <general>: connect replacing configured host 192.168.1.10 with resolved host 192.168.1.10
2023-11-15 04:22:33.660 T:7444    debug <general>: ActiveAE::SyncStream - average error 7.480851, last average error: 567.747650
2023-11-15 04:22:33.788 T:7444    debug <general>: ActiveAE::SyncStream - average error of -40.383359, start adjusting
2023-11-15 04:22:33.789 T:7444    debug <general>: ActiveAE::SyncStream - average error -8.300026 below threshold of 30.000000
2023-11-15 04:22:33.800 T:7528    debug <general>: connect replacing configured host 192.168.1.10 with resolved host 192.168.1.10
2023-11-15 04:22:34.164 T:7483     info <general>: Skipped 5 duplicate messages..
2023-11-15 04:22:34.164 T:7483  warning <general>: [ script.embuary.helper ] Image error: Could not open cached image --> [Errno 2] No such file or directory: '/storage/emulated/0/Android/data/org.xbmc.kodi/files/.kodi/userdata/Thumbnails/7/7e7f0091.jpg'
2023-11-15 04:22:34.168 T:7483    error <general>: [ script.embuary.helper ] Image error: Could not get image for smb://192.168.1.10/Films/- Cartoons -/- Ru -/- CCCP -/Movies/Приключения капитана Врунгеля (1979)/Приключения капитана Врунгеля (1979)-poster.jpg (try 2) -> [Errno 2] No such file or directory: '/storage/emulated/0/Android/data/org.xbmc.kodi/files/.kodi/userdata/addon_data/script.embuary.helper/img/tmp/4c3931ff34da9d22143f022ed8c9e570.jpg'
2023-11-15 04:22:34.189 T:7488    debug <general>: CSMBFile::Open - opened smb://USERNAME:PASSWORD@192.168.1.10/Films/Kodi Backup/Android/data/org.xbmc.kodi/files/.kodi/userdata/playlists/video/Films.xsp, fd=10000
2023-11-15 04:22:34.198 T:7488    debug <general>: CSMBFile::Close closing fd 10000
2023-11-15 04:22:34.227 T:7528    debug <general>: connect replacing configured host 192.168.1.10 with resolved host 192.168.1.10
2023-11-15 04:22:34.336 T:7488     info <general>: Skipped 2 duplicate messages..
2023-11-15 04:22:34.336 T:7488    debug <general>: CSMBFile::Open - opened smb://USERNAME:PASSWORD@192.168.1.10/Films/Kodi Backup/Android/data/org.xbmc.kodi/files/.kodi/userdata/playlists/video/Films.xsp, fd=10000
2023-11-15 04:22:34.344 T:7488    debug <general>: CSMBFile::Close closing fd 10000
2023-11-15 04:22:34.381 T:7528    debug <general>: connect replacing configured host 192.168.1.10 with resolved host 192.168.1.10
2023-11-15 04:22:34.477 T:7488     info <general>: Skipped 2 duplicate messages..
2023-11-15 04:22:34.477 T:7488    debug <general>: CSMBFile::Open - opened smb://USERNAME:PASSWORD@192.168.1.10/Films/Kodi Backup/Android/data/org.xbmc.kodi/files/.kodi/userdata/playlists/video/Films.xsp, fd=10000
2023-11-15 04:22:34.485 T:7488    debug <general>: CSMBFile::Close closing fd 10000
2023-11-15 04:22:34.525 T:7528    debug <general>: connect replacing configured host 192.168.1.10 with resolved host 192.168.1.10
2023-11-15 04:22:34.622 T:7488     info <general>: Skipped 2 duplicate messages..
2023-11-15 04:22:34.621 T:7488    debug <general>: CSMBFile::Open - opened smb://USERNAME:PASSWORD@192.168.1.10/Films/Kodi Backup/Android/data/org.xbmc.kodi/files/.kodi/userdata/playlists/video/Horror.xsp, fd=10000
2023-11-15 04:22:34.630 T:7488    debug <general>: CSMBFile::Close closing fd 10000
2023-11-15 04:22:34.631 T:7488    debug <general>: CSMBFile::Open - opened smb://USERNAME:PASSWORD@192.168.1.10/Films/Kodi Backup/Android/data/org.xbmc.kodi/files/.kodi/userdata/playlists/video/Horror.xsp, fd=10000
2023-11-15 04:22:34.640 T:7529    debug <general>: weather.gismeteo [v.0.6.3+matrix.1]: Cache hit: _ip_locations('en',){}
2023-11-15 04:22:34.643 T:7488    debug <general>: CSMBFile::Close closing fd 10000
2023-11-15 04:22:34.643 T:7488    debug <general>: connect replacing configured host 192.168.1.10 with resolved host 192.168.1.10
2023-11-15 04:22:34.648 T:7529  warning <general>: SMBFile::OpenForWrite() called with overwriting enabled! - smb://USERNAME:PASSWORD@192.168.1.10/Films/Kodi%20Backup/Android/data/org.xbmc.kodi/files/.kodi/userdata/addon_data/weather.gismeteo/settings.xml
2023-11-15 04:22:34.656 T:7529    debug <general>: CSMBFile::Close closing fd 10000
2023-11-15 04:22:34.658 T:7529    debug <CAddonSettings[0@weather.gismeteo]>: trying to load setting definitions from old format...
2023-11-15 04:22:34.662 T:7529    debug <general>: CSMBFile::Open - opened smb://USERNAME:PASSWORD@192.168.1.10/Films/Kodi Backup/Android/data/org.xbmc.kodi/files/.kodi/userdata/addon_data/weather.gismeteo/settings.xml, fd=10000
2023-11-15 04:22:34.675 T:7529    debug <general>: CSMBFile::Close closing fd 10000
2023-11-15 04:22:34.676 T:7529    debug <CSettingsManager>: requested setting (label1) was not found.
2023-11-15 04:22:34.676 T:7529    debug <CSettingsManager>: requested setting (label5) was not found.
2023-11-15 04:22:34.676 T:7529    debug <CSettingsManager>: requested setting (label7) was not found.
2023-11-15 04:22:34.678 T:7483  warning <general>: [ script.embuary.helper ] Image error: Could not open cached image --> [Errno 2] No such file or directory: '/storage/emulated/0/Android/data/org.xbmc.kodi/files/.kodi/userdata/Thumbnails/7/7e7f0091.jpg'
2023-11-15 04:22:34.679 T:7528    debug <general>: connect replacing configured host 192.168.1.10 with resolved host 192.168.1.10
2023-11-15 04:22:34.683 T:7529  warning <general>: SMBFile::OpenForWrite() called with overwriting enabled! - smb://USERNAME:PASSWORD@192.168.1.10/Films/Kodi%20Backup/Android/data/org.xbmc.kodi/files/.kodi/userdata/addon_data/weather.gismeteo/settings.xml
2023-11-15 04:22:34.687 T:7483  warning <general>: [ script.embuary.helper ] Image error: Could not open cached image --> [Errno 2] No such file or directory: '/storage/emulated/0/Android/data/org.xbmc.kodi/files/.kodi/userdata/Thumbnails/7/7e7f0091.jpg'
2023-11-15 04:22:34.693 T:7529    debug <general>: CSMBFile::Close closing fd 10000
2023-11-15 04:22:34.694 T:7529    debug <CAddonSettings[0@weather.gismeteo]>: trying to load setting definitions from old format...
2023-11-15 04:22:34.697 T:7488    debug <general>: This query part contains a like, we will double backslash in the next field:  LIKE '
2023-11-15 04:22:34.703 T:7529     info <general>: Skipped 1 duplicate messages..
2023-11-15 04:22:34.703 T:7529    debug <general>: CSMBFile::Open - opened smb://USERNAME:PASSWORD@192.168.1.10/Films/Kodi Backup/Android/data/org.xbmc.kodi/files/.kodi/userdata/addon_data/weather.gismeteo/settings.xml, fd=10000
2023-11-15 04:22:34.704 T:7483    error <general>: [ script.embuary.helper ] Image error: Could not get image for smb://192.168.1.10/Films/- Cartoons -/- Ru -/- CCCP -/Movies/Приключения капитана Врунгеля (1979)/Приключения капитана Врунгеля (1979)-poster.jpg (try 3) -> [Errno 2] No such file or directory: '/storage/emulated/0/Android/data/org.xbmc.kodi/files/.kodi/userdata/addon_data/script.embuary.helper/img/tmp/4c3931ff34da9d22143f022ed8c9e570.jpg'
2023-11-15 04:22:34.714 T:7529    debug <general>: CSMBFile::Close closing fd 10000
2023-11-15 04:22:34.715 T:7529    debug <CSettingsManager>: requested setting (label1) was not found.
2023-11-15 04:22:34.715 T:7529    debug <CSettingsManager>: requested setting (label3) was not found.
2023-11-15 04:22:34.715 T:7529    debug <CSettingsManager>: requested setting (label7) was not found.
2023-11-15 04:22:34.720 T:7529  warning <general>: SMBFile::OpenForWrite() called with overwriting enabled! - smb://USERNAME:PASSWORD@192.168.1.10/Films/Kodi%20Backup/Android/data/org.xbmc.kodi/files/.kodi/userdata/addon_data/weather.gismeteo/settings.xml
2023-11-15 04:22:34.727 T:7529    debug <general>: CSMBFile::Close closing fd 10000
2023-11-15 04:22:34.728 T:7529    debug <CAddonSettings[0@weather.gismeteo]>: trying to load setting definitions from old format...
2023-11-15 04:22:34.732 T:7529    debug <general>: CSMBFile::Open - opened smb://USERNAME:PASSWORD@192.168.1.10/Films/Kodi Backup/Android/data/org.xbmc.kodi/files/.kodi/userdata/addon_data/weather.gismeteo/settings.xml, fd=10000
2023-11-15 04:22:34.741 T:7529    debug <general>: CSMBFile::Close closing fd 10000
2023-11-15 04:22:34.742 T:7529    debug <CSettingsManager>: requested setting (label1) was not found.
2023-11-15 04:22:34.742 T:7529    debug <CSettingsManager>: requested setting (label3) was not found.
2023-11-15 04:22:34.742 T:7529    debug <CSettingsManager>: requested setting (label5) was not found.
2023-11-15 04:22:34.746 T:7529  warning <general>: SMBFile::OpenForWrite() called with overwriting enabled! - smb://USERNAME:PASSWORD@192.168.1.10/Films/Kodi%20Backup/Android/data/org.xbmc.kodi/files/.kodi/userdata/addon_data/weather.gismeteo/settings.xml
2023-11-15 04:22:34.755 T:7529    debug <general>: CSMBFile::Close closing fd 10000
2023-11-15 04:22:34.757 T:7529    debug <CAddonSettings[0@weather.gismeteo]>: trying to load setting definitions from old format...
2023-11-15 04:22:34.761 T:7529    debug <general>: CSMBFile::Open - opened smb://USERNAME:PASSWORD@192.168.1.10/Films/Kodi Backup/Android/data/org.xbmc.kodi/files/.kodi/userdata/addon_data/weather.gismeteo/settings.xml, fd=10000
2023-11-15 04:22:34.764 T:7528    debug <general>: connect replacing configured host 192.168.1.10 with resolved host 192.168.1.10
2023-11-15 04:22:34.771 T:7529    debug <general>: CSMBFile::Close closing fd 10000
2023-11-15 04:22:34.772 T:7529    debug <CSettingsManager>: requested setting (label1) was not found.
2023-11-15 04:22:34.772 T:7529    debug <CSettingsManager>: requested setting (label3) was not found.
2023-11-15 04:22:34.772 T:7529    debug <CSettingsManager>: requested setting (label5) was not found.
2023-11-15 04:22:34.772 T:7529    debug <CSettingsManager>: requested setting (label7) was not found.
2023-11-15 04:22:34.774 T:7529    debug <general>: CPythonInvoker(12, /storage/emulated/0/Android/data/org.xbmc.kodi/files/.kodi/addons/weather.gismeteo/default.py): script successfully run
2023-11-15 04:22:34.774 T:7529    debug <general>: onExecutionDone(12, /storage/emulated/0/Android/data/org.xbmc.kodi/files/.kodi/addons/weather.gismeteo/default.py)
2023-11-15 04:22:34.792 T:7488    debug <general>: CSMBFile::Open - opened smb://USERNAME:PASSWORD@192.168.1.10/Films/Kodi Backup/Android/data/org.xbmc.kodi/files/.kodi/userdata/playlists/video/Horror.xsp, fd=10000
2023-11-15 04:22:34.802 T:7488    debug <general>: CSMBFile::Close closing fd 10000
2023-11-15 04:22:34.810 T:7529    debug <general>: .
2023-11-15 04:22:34.812 T:7488    debug <general>: CSMBFile::Open - opened smb://USERNAME:PASSWORD@192.168.1.10/Films/Kodi Backup/Android/data/org.xbmc.kodi/files/.kodi/userdata/playlists/video/Horror.xsp, fd=10000
2023-11-15 04:22:34.821 T:7488    debug <general>: CSMBFile::Close closing fd 10000
2023-11-15 04:22:34.826 T:7488    debug <general>: CSMBFile::Open - opened smb://USERNAME:PASSWORD@192.168.1.10/Films/Kodi Backup/Android/data/org.xbmc.kodi/files/.kodi/userdata/playlists/video/Horror.xsp, fd=10000
2023-11-15 04:22:34.834 T:7488    debug <general>: CSMBFile::Close closing fd 10000
2023-11-15 04:22:34.843 T:7488    debug <general>: CSMBFile::Open - opened smb://USERNAME:PASSWORD@192.168.1.10/Films/Kodi Backup/Android/data/org.xbmc.kodi/files/.kodi/userdata/playlists/video/Romance.xsp, fd=10000
2023-11-15 04:22:34.852 T:7488    debug <general>: CSMBFile::Close closing fd 10000
2023-11-15 04:22:34.854 T:7488    debug <general>: CSMBFile::Open - opened smb://USERNAME:PASSWORD@192.168.1.10/Films/Kodi Backup/Android/data/org.xbmc.kodi/files/.kodi/userdata/playlists/video/Romance.xsp, fd=10000
2023-11-15 04:22:34.865 T:7488    debug <general>: CSMBFile::Close closing fd 10000
2023-11-15 04:22:34.866 T:7488    debug <general>: connect replacing configured host 192.168.1.10 with resolved host 192.168.1.10
2023-11-15 04:22:34.896 T:7488    debug <general>: This query part contains a like, we will double backslash in the next field:  LIKE '
2023-11-15 04:22:34.953 T:7529     info <general>: Skipped 1 duplicate messages..
2023-11-15 04:22:34.953 T:7529    debug <general>: Python interpreter stopped
2023-11-15 04:22:34.953 T:7529    debug <general>: Thread LanguageInvoker 160724368576 terminating
2023-11-15 04:22:34.971 T:7475    debug <general>: POParser: loaded 131 weather tokens
2023-11-15 04:22:34.972 T:7475    debug <general>: connect replacing configured host 192.168.1.10 with resolved host 192.168.1.10
2023-11-15 04:22:35.055 T:7434    debug <general>: Keyboard: scancode: 0x13, sym: 0x111, unicode: 0x00, modifier: 0x0
2023-11-15 04:22:35.092 T:7546    debug <general>: CSMBFile::Open - opened smb://USERNAME:PASSWORD@192.168.1.10/Films/Kodi Backup/Android/data/org.xbmc.kodi/files/.kodi/userdata/playlists/video/Sci-Fi.xsp, fd=10000
2023-11-15 04:22:35.104 T:7546    debug <general>: CSMBFile::Close closing fd 10000
2023-11-15 04:22:35.128 T:7546    debug <general>: CSMBFile::Open - opened smb://USERNAME:PASSWORD@192.168.1.10/Films/Kodi Backup/Android/data/org.xbmc.kodi/files/.kodi/userdata/playlists/video/Sci-Fi.xsp, fd=10000
2023-11-15 04:22:35.134 T:7488    debug <general>: CSMBFile::Open - opened smb://USERNAME:PASSWORD@192.168.1.10/Films/Kodi Backup/Android/data/org.xbmc.kodi/files/.kodi/userdata/playlists/video/Romance.xsp, fd=10003
2023-11-15 04:22:35.146 T:7546    debug <general>: CSMBFile::Close closing fd 10000
2023-11-15 04:22:35.159 T:7488    debug <general>: CSMBFile::Close closing fd 10003
2023-11-15 04:22:35.162 T:7546    debug <general>: connect replacing configured host 192.168.1.10 with resolved host 192.168.1.10
2023-11-15 04:22:35.228 T:7488     info <general>: Skipped 1 duplicate messages..
2023-11-15 04:22:35.228 T:7488    debug <general>: CSMBFile::Open - opened smb://USERNAME:PASSWORD@192.168.1.10/Films/Kodi Backup/Android/data/org.xbmc.kodi/files/.kodi/userdata/playlists/video/Romance.xsp, fd=10003
2023-11-15 04:22:35.237 T:7488    debug <general>: CSMBFile::Close closing fd 10003
2023-11-15 04:22:35.256 T:7434    debug <general>: Keyboard: scancode: 0x13, sym: 0x111, unicode: 0x00, modifier: 0x0
2023-11-15 04:22:35.256 T:7434    debug <general>: HandleKey: up (0xf080) pressed, window 12005, action is ChapterOrBigStepForward
2023-11-15 04:22:35.261 T:7531    debug <general>: CVideoPlayer::SetCaching - caching state 1
2023-11-15 04:22:35.261 T:7531    debug <general>: CDVDClock::SetSpeedAdjust - adjusted:0.000000
2023-11-15 04:22:35.261 T:7531    debug <general>: demuxer seek to: 2413495.000000
2023-11-15 04:22:35.266 T:7532    debug <general>: CDoubleCache::Reset - (0x238600bb50) Cache miss for 464975604 with new=0-5767168 and old=345171174-350282982
2023-11-15 04:22:35.267 T:7532    debug <general>: CFileCache::Process - <smb://192.168.1.10/Films/- Cartoons -/- Ru -/- CCCP -/Movies/Приключения капитана Врунгеля (1979)/Приключения капитана Врунгеля (1979).avi> cache completely reset for seek to position 464975604
2023-11-15 04:22:35.267 T:7531    debug <general>: SeekTime - unknown position after seek
2023-11-15 04:22:35.267 T:7531    debug <general>: demuxer seek to: 2413495.000000, success
2023-11-15 04:22:35.267 T:7531    debug <general>: CVideoPlayer::FlushBuffers - flushing buffers
2023-11-15 04:22:35.270 T:7483    debug <general>: connect replacing configured host 192.168.1.10 with resolved host 192.168.1.10
2023-11-15 04:22:35.273 T:7546    debug <general>: This query part contains a like, we will double backslash in the next field:  LIKE '
2023-11-15 04:22:35.287 T:7488     info <general>: Skipped 1 duplicate messages..
2023-11-15 04:22:35.287 T:7488    debug <general>: CSMBFile::Open - opened smb://USERNAME:PASSWORD@192.168.1.10/Films/Kodi Backup/Android/data/org.xbmc.kodi/files/.kodi/userdata/playlists/video/Romance.xsp, fd=10003
2023-11-15 04:22:35.293 T:7540  warning <general>: OutputPicture - timeout waiting for buffer
2023-11-15 04:22:35.293 T:7540    debug <general>: CDVDVideoCodecAndroidMediaCodec::Reset Current state (3)
2023-11-15 04:22:35.295 T:7540    debug <general>: CDVDVideoCodecAndroidMediaCodec::InjectExtraData
2023-11-15 04:22:35.297 T:7540    error <general>: CMediaCodecVideoBuffer::ReleaseOutputBuffer error in render(false)
2023-11-15 04:22:35.304 T:7488    debug <general>: CSMBFile::Close closing fd 10003
2023-11-15 04:22:35.325 T:7541    debug <general>: CDVDAudio::Pause - pausing audio stream
2023-11-15 04:22:35.358 T:7541    debug <general>: CDVDAudio::Flush - flush audio stream
2023-11-15 04:22:35.358 T:7541    debug <general>: CDVDAudio::Pause - pausing audio stream
2023-11-15 04:22:35.358 T:7541    debug <general>: CVideoPlayerAudio - CDVDMsg::GENERAL_SYNCHRONIZE
2023-11-15 04:22:35.358 T:7540    debug <general>: CVideoPlayerVideo - CDVDMsg::GENERAL_SYNCHRONIZE
2023-11-15 04:22:35.360 T:7531    debug <general>: CVideoPlayer - CDVDMsg::GENERAL_SYNCHRONIZE
2023-11-15 04:22:35.360 T:7531    debug <general>: CVideoPlayer::SetCaching - caching state 2
2023-11-15 04:22:35.360 T:7531    debug <general>: CDVDClock::SetSpeedAdjust - adjusted:0.000000
2023-11-15 04:22:35.363 T:7540    debug <general>: CVideoPlayerVideo - Stillframe left, switching to normal playback
2023-11-15 04:22:35.363 T:7540    debug <general>: CDVDVideoCodecAndroidMediaCodec::AddData current state (2)
2023-11-15 04:22:35.365 T:7434    debug <general>: ------ Window Init (DialogSeekBar.xml) ------
2023-11-15 04:22:35.365 T:7434     info <general>: Loading skin file: DialogSeekBar.xml, load type: LOAD_ON_GUI_INIT
2023-11-15 04:22:35.368 T:7541    debug <general>: CDVDAudio::Pause - pausing audio stream
2023-11-15 04:22:35.370 T:7540    debug <general>: CDVDVideoCodecAndroidMediaCodec::AddData current state (2)
2023-11-15 04:22:35.371 T:7531    debug <general>: CVideoPlayer::HandleMessages - player started 1
2023-11-15 04:22:35.371 T:7519    debug <general>: OnAVChange: CApplication::OnAVChange
