                                                   Headers: {'User-Agent': 'Kodi/20.2 (Linux; Android 11.0; SHIELD Android TV Build/RQ1A.210105.003) Android TV/11.0.0 Sys_CPU/aarch64 App_Bitness/64 Version/20.2-(20.2.0)-Git:20230629-5f418d0b13', 'Accept-Encoding': 'gzip, deflate', 'Accept': '*/*', 'Connection': 'keep-alive'}
                                                   Response info
                                                   Status code: 200
                                                   Reason: OK
                                                   Elapsed: 0.5019 sec
                                                   URL: https://services.gismeteo.net/inform-service/inf_chrome/forecast/?city=5403&lang=en
                                                   Headers: {'Date': 'Fri, 10 Nov 2023 06:21:54 GMT', 'Content-Type': 'text/xml; charset=utf-8', 'Transfer-Encoding': 'chunked', 'Connection': 'keep-alive', 'Vary': 'Accept-Encoding, Accept-Encoding', 'X-Gismeteo-Timestamp': '1699597314', 'X-Gismeteo-TimestampStr': '2023/11/10 06:21:54', 'Access-Control-Expose-Headers': 'X-Gismeteo-TimestampStr, X-Gismeteo-Timestamp', 'X-DC': 'nord.ngx-services-nord02, nord.ngx-services-nord02', 'Server': 'gis', 'X-XSS-Protection': '1; mode=block', 'X-Content-Type-Options': 'nosniff', 'Content-Encoding': 'gzip'}
                                                   Content: <?xml version="1.0" encoding="utf-8"?><weather><location id="5403" name="Tel Aviv" name_r="in Tel Aviv" country_id="66" 
                                                                 country_name="Israel" district_id="1126" district_name="Tel Aviv district" kind="T" lat="32.07" lng="34.78"  tzone="120" cur_time="2023-11-09T13:50:00" nowcast_url="/nowcast-tel-aviv-5403/" nowcast_teaser="false"><fact valid="2023-11-10T07:00:00" tod="1" risem="364" setm="1004" durm="640" sunrise="1699596240" sunset="1699634640"><values t="18" tflt="17.9" tcflt="19.1"  p="761" ws="1" wd="4" hum="89" hi="19" cl="2" pt="0" pr="0" prflt="0" ts="0" water_t="24" icon="d.c3" descr="Cloudy" grade="0" ph="0"  /></fact><day date="2023-11-09" risem="363" setm="1004" durm="641" sunrise="1699509780" sunset="1699548240"></day><day date="2023-11-10" risem="364" setm="1004" durm="640" sunrise="1699596240" sunset="1699634640" tmin="17" tmax="27" pmin="759"
                                                                    pmax="761" wsmin="0" wsmax="3" hummin="55" hummax="91" cl="101" pt="0" pr="0" ts="0" icon="d.c3" descr="Partly cloudy" p="759"
                                                                    ws="3" wd="8" hum="73" grademax="0" prflt="0"  gust_speed="7.1"><forecast valid="2023-11-10T02:00:00" tod="0"><values t="17" p="760" ws="1" wd="3" hum="91" hi="18" cl="0" pt="0" pr="0" prflt="0" ts="0"
                                                                                   icon="n" descr="Fair" 
                                                                                   grade="0"  /></forecast><forecast valid="2023-11-10T05:00:00" tod="-1"><values t="17" p="760" ws="1" wd="3" hum="90" hi="18" cl="1" pt="0" pr="0" prflt="0" ts="0"
                                                                                   icon="n.c2" descr="Partly cloudy" 
                                                                                   grade="0"  /></forecast><forecast valid="2023-11-10T08:00:00" tod="1"><values t="22" p="761" ws="1" wd="4" hum="73" hi="24" cl="3" pt="0" pr="0" prflt="0" ts="0"
                                                                                   icon="c4" descr="Mainly cloudy" 
                                                                                   grade="0"  gust_speed="3" /></forecast><forecast valid="2023-11-10T11:00:00" tod="-1"><values t="27" p="760" ws="1" wd="8" hum="55" hi="29" cl="3" pt="0" pr="0" prflt="0" ts="0"
                                                                                   icon="c4" descr="Mainly cloudy" 
                                                                                   grade="0"  gust_speed="3.6" /></forecast><forecast valid="2023-11-10T14:00:00" tod="2"><values t="27" p="759" ws="3" wd="8" hum="57" hi="28" cl="2" pt="0" pr="0" prflt="0" ts="0"
                                                                                   icon="d.c3" descr="Cloudy" 
                                                                                   grade="0"  gust_speed="6.7" /></forecast><forecast valid="2023-11-10T17:00:00" tod="-1"><values t="25" p="759" ws="2" wd="1" hum="62" hi="26" cl="0" pt="0" pr="0" prflt="0" ts="0"
                                                                                   icon="n" descr="Fair" 
                                                                                   grade="0"  gust_speed="7.1" /></forecast><forecast valid="2023-11-10T20:00:00" tod="3"><values t="23" p="761" ws="1" wd="2" hum="73" hi="25" cl="3" pt="0" pr="0" prflt="0" ts="0"
                                                                                   icon="c4" descr="Mainly cloudy" 
                                                                                   grade="0"  gust_speed="5.4" /></forecast><forecast valid="2023-11-10T23:00:00" tod="-1"><values t="20" p="760" ws="0" wd="0" hum="79" hi="23" cl="3" pt="0" pr="0" prflt="0" ts="0"
                                                                                   icon="c4" descr="Mainly cloudy" 
                                                                                   grade="0"  gust_speed="2.6" /></forecast></day><day date="2023-11-11" risem="365" setm="1003" durm="638" sunrise="1699682700" sunset="1699720980" tmin="18" tmax="28" pmin="758"
                                                                    pmax="760" wsmin="0" wsmax="3" hummin="49" hummax="81" cl="3" pt="0" pr="0" ts="0" icon="c4" descr="Mainly cloudy" p="758"
                                                                    ws="3" wd="8" hum="67" grademax="0" prflt="0"  gust_speed="6.6"><forecast valid="2023-11-11T02:00:00" tod="0"><values t="20" p="760" ws="1" wd="3" hum="78" hi="21" cl="3" pt="0" pr="0" prflt="0" ts="0"
                                                                                   icon="c4" descr="Mainly cloudy" 
                                                                                   grade="0"  gust_speed="2.4" /></forecast><forecast valid="2023-11-11T05:00:00" tod="-1"><values t="18" p="759" ws="2" wd="3" hum="81" hi="19" cl="3" pt="0" pr="0" prflt="0" ts="0"
                                                                                   icon="c4" descr="Mainly cloudy" 
                                                                                   grade="0"  gust_speed="2.9" /></forecast><forecast valid="2023-11-11T08:00:00" tod="1"><values t="22" p="760" ws="1" wd="2" hum="70" hi="23" cl="3" pt="0" pr="0" prflt="0" ts="0"
                                                                                   icon="c4" descr="Mainly cloudy" 
                                                                                   grade="0"  gust_speed="2.6" /></forecast><forecast valid="2023-11-11T11:00:00" tod="-1"><values t="27" p="759" ws="2" wd="1" hum="51" hi="28" cl="3" pt="0" pr="0" prflt="0" ts="0"
                                                                                   icon="c4" descr="Mainly cloudy" 
                                                                                   grade="0"  gust_speed="4.1" /></forecast><forecast valid="2023-11-11T14:00:00" tod="2"><values t="28" p="758" ws="3" wd="8" hum="49" hi="28" cl="3" pt="0" pr="0" prflt="0" ts="0"
                                                                                   icon="c4" descr="Mainly cloudy" 
                                                                                   grade="0"  gust_speed="6.1" /></forecast><forecast valid="2023-11-11T17:00:00" tod="-1"><values t="26" p="758" ws="2" wd="1" hum="63" hi="27" cl="3" pt="0" pr="0" prflt="0" ts="0"
                                                                                   icon="c4" descr="Mainly cloudy" 
                                                                                   grade="0"  gust_speed="6.6" /></forecast><forecast valid="2023-11-11T20:00:00" tod="3"><values t="23" p="759" ws="1" wd="2" hum="70" hi="26" cl="3" pt="0" pr="0" prflt="0" ts="0"
                                                                                   icon="c4" descr="Mainly cloudy" 
                                                                                   grade="0"  gust_speed="4.8" /></forecast><forecast valid="2023-11-11T23:00:00" tod="-1"><values t="21" p="758" ws="0" wd="0" hum="73" hi="23" cl="3" pt="0" pr="0" prflt="0" ts="0"
                                                                                   icon="c4" descr="Mainly cloudy" 
                                                                                   grade="0"  gust_speed="2.3" /></forecast></day><day date="2023-11-12" risem="366" setm="1002" durm="636" sunrise="1699769160" sunset="1699807320" tmin="19" tmax="29" pmin="758"
                                                                    pmax="760" wsmin="0" wsmax="3" hummin="45" hummax="76" cl="3" pt="0" pr="0" ts="0" icon="c4" descr="Mainly cloudy" p="0"
                                                                    ws="3" wd="5" hum="61" grademax="0" prflt="0"  gust_speed="6.7"></day><day date="2023-11-13" risem="367" setm="1002" durm="635" sunrise="1699855620" sunset="1699893720" tmin="19" tmax="28" pmin="758"
                                                                    pmax="760" wsmin="0" wsmax="4" hummin="47" hummax="80" cl="101" pt="0" pr="0" ts="0" icon="d.c3" descr="Partly cloudy" p="0"
                                                                    ws="4" wd="8" hum="66" grademax="0" prflt="0"  gust_speed="8"></day><day date="2023-11-14" risem="368" setm="1001" durm="633" sunrise="1699942080" sunset="1699980060" tmin="20" tmax="27" pmin="757"
                                                                    pmax="758" wsmin="1" wsmax="5" hummin="57" hummax="82" cl="3" pt="1" pr="2" ts="0" icon="c4.r2" descr="Mainly cloudy, rain" p="0"
                                                                    ws="5" wd="7" hum="74" grademax="0" prflt="4.6"  gust_speed="10.9"></day><day date="2023-11-15" risem="369" setm="1001" durm="632" sunrise="1700028540" sunset="1700066460" tmin="20" tmax="26" pmin="756"
                                                                    pmax="758" wsmin="1" wsmax="6" hummin="51" hummax="76" cl="3" pt="1" pr="3" ts="0" icon="c4.r3" descr="Mainly cloudy, very heavy rain" p="0"
                                                                    ws="6" wd="7" hum="65" grademax="0" prflt="15.2"  gust_speed="12.2"></day><day date="2023-11-16" risem="370" setm="1000" durm="630" sunrise="1700115000" sunset="1700152800" tmin="19" tmax="26" pmin="758"
                                                                    pmax="761" wsmin="0" wsmax="4" hummin="54" hummax="78" cl="101" pt="1" pr="1" ts="0" icon="d.c3.r1" descr="Partly cloudy, light rain" p="0"
                                                                    ws="4" wd="7" hum="68" grademax="0" prflt="1.8"  gust_speed="9.9"></day></location></weather>
 
2023-11-10 08:21:53.468 T:26724   debug <general>: connect replacing configured host 192.168.1.10 with resolved host 192.168.1.10
2023-11-10 08:21:54.482 T:26680    info <general>: Skipped 13 duplicate messages..
2023-11-10 08:21:54.482 T:26680   debug <general>: CSMBFile::Open - opened smb://USERNAME:PASSWORD@192.168.1.10/Films/Kodi Backup/Android/data/org.xbmc.kodi/files/.kodi/userdata/playlists/video/Films.xsp, fd=10001
2023-11-10 08:21:54.491 T:26680   debug <general>: CSMBFile::Close closing fd 10001
2023-11-10 08:21:54.509 T:26723   debug <general>: weather.gismeteo [v.0.6.3+matrix.1]: Cache hit: _ip_locations('en',){}
2023-11-10 08:21:54.609 T:26736   debug <general>: CSMBFile::Open - opened smb://USERNAME:PASSWORD@192.168.1.10/Films/Kodi Backup/Android/data/org.xbmc.kodi/files/.kodi/userdata/playlists/video/Sci-Fi.xsp, fd=10001
2023-11-10 08:21:54.618 T:26736   debug <general>: CSMBFile::Close closing fd 10001
2023-11-10 08:21:54.620 T:26723 warning <general>: SMBFile::OpenForWrite() called with overwriting enabled! - smb://USERNAME:PASSWORD@192.168.1.10/Films/Kodi%20Backup/Android/data/org.xbmc.kodi/files/.kodi/userdata/addon_data/weather.gismeteo/settings.xml
2023-11-10 08:21:54.622 T:26736   debug <general>: CSMBFile::Open - opened smb://USERNAME:PASSWORD@192.168.1.10/Films/Kodi Backup/Android/data/org.xbmc.kodi/files/.kodi/userdata/playlists/video/Sci-Fi.xsp, fd=10000
2023-11-10 08:21:54.628 T:26723   debug <general>: CSMBFile::Close closing fd 10001
2023-11-10 08:21:54.630 T:26723   debug <CAddonSettings[0@weather.gismeteo]>: trying to load setting definitions from old format...
2023-11-10 08:21:54.635 T:26736   debug <general>: CSMBFile::Close closing fd 10000
2023-11-10 08:21:54.637 T:26736   debug <general>: connect replacing configured host 192.168.1.10 with resolved host 192.168.1.10
2023-11-10 08:21:54.638 T:26723   debug <general>: CSMBFile::Open - opened smb://USERNAME:PASSWORD@192.168.1.10/Films/Kodi Backup/Android/data/org.xbmc.kodi/files/.kodi/userdata/addon_data/weather.gismeteo/settings.xml, fd=10000
2023-11-10 08:21:54.646 T:26723   debug <general>: CSMBFile::Close closing fd 10000
2023-11-10 08:21:54.647 T:26680   debug <general>: CSMBFile::Open - opened smb://USERNAME:PASSWORD@192.168.1.10/Films/Kodi Backup/Android/data/org.xbmc.kodi/files/.kodi/userdata/playlists/video/Films.xsp, fd=10001
2023-11-10 08:21:54.647 T:26723   debug <CSettingsManager>: requested setting (label1) was not found.
2023-11-10 08:21:54.647 T:26723   debug <CSettingsManager>: requested setting (label5) was not found.
2023-11-10 08:21:54.647 T:26723   debug <CSettingsManager>: requested setting (label7) was not found.
2023-11-10 08:21:54.655 T:26680   debug <general>: CSMBFile::Close closing fd 10001
2023-11-10 08:21:54.707 T:26736   debug <general>: This query part contains a like, we will double backslash in the next field:  LIKE '
2023-11-10 08:21:54.776 T:26723    info <general>: Skipped 1 duplicate messages..
2023-11-10 08:21:54.776 T:26723 warning <general>: SMBFile::OpenForWrite() called with overwriting enabled! - smb://USERNAME:PASSWORD@192.168.1.10/Films/Kodi%20Backup/Android/data/org.xbmc.kodi/files/.kodi/userdata/addon_data/weather.gismeteo/settings.xml
2023-11-10 08:21:54.783 T:26723   debug <general>: CSMBFile::Close closing fd 10001
2023-11-10 08:21:54.784 T:26723   debug <CAddonSettings[0@weather.gismeteo]>: trying to load setting definitions from old format...
2023-11-10 08:21:54.788 T:26723   debug <general>: CSMBFile::Open - opened smb://USERNAME:PASSWORD@192.168.1.10/Films/Kodi Backup/Android/data/org.xbmc.kodi/files/.kodi/userdata/addon_data/weather.gismeteo/settings.xml, fd=10001
2023-11-10 08:21:54.797 T:26723   debug <general>: CSMBFile::Close closing fd 10001
2023-11-10 08:21:54.798 T:26723   debug <CSettingsManager>: requested setting (label1) was not found.
2023-11-10 08:21:54.798 T:26723   debug <CSettingsManager>: requested setting (label3) was not found.
2023-11-10 08:21:54.798 T:26723   debug <CSettingsManager>: requested setting (label7) was not found.
2023-11-10 08:21:54.805 T:26723 warning <general>: SMBFile::OpenForWrite() called with overwriting enabled! - smb://USERNAME:PASSWORD@192.168.1.10/Films/Kodi%20Backup/Android/data/org.xbmc.kodi/files/.kodi/userdata/addon_data/weather.gismeteo/settings.xml
2023-11-10 08:21:54.812 T:26723   debug <general>: CSMBFile::Close closing fd 10001
2023-11-10 08:21:54.814 T:26680   debug <general>: CSMBFile::Open - opened smb://USERNAME:PASSWORD@192.168.1.10/Films/Kodi Backup/Android/data/org.xbmc.kodi/files/.kodi/userdata/playlists/video/Films.xsp, fd=10000
2023-11-10 08:21:54.816 T:26723   debug <CAddonSettings[0@weather.gismeteo]>: trying to load setting definitions from old format...
2023-11-10 08:21:54.829 T:26680   debug <general>: CSMBFile::Close closing fd 10000
2023-11-10 08:21:54.830 T:26723   debug <general>: CSMBFile::Open - opened smb://USERNAME:PASSWORD@192.168.1.10/Films/Kodi Backup/Android/data/org.xbmc.kodi/files/.kodi/userdata/addon_data/weather.gismeteo/settings.xml, fd=10001
2023-11-10 08:21:54.839 T:26723   debug <general>: CSMBFile::Close closing fd 10001
2023-11-10 08:21:54.839 T:26723   debug <CSettingsManager>: requested setting (label1) was not found.
2023-11-10 08:21:54.840 T:26723   debug <CSettingsManager>: requested setting (label3) was not found.
2023-11-10 08:21:54.840 T:26723   debug <CSettingsManager>: requested setting (label5) was not found.
2023-11-10 08:21:54.996 T:26723 warning <general>: SMBFile::OpenForWrite() called with overwriting enabled! - smb://USERNAME:PASSWORD@192.168.1.10/Films/Kodi%20Backup/Android/data/org.xbmc.kodi/files/.kodi/userdata/addon_data/weather.gismeteo/settings.xml
2023-11-10 08:21:55.002 T:26736   debug <general>: connect replacing configured host 192.168.1.10 with resolved host 192.168.1.10
2023-11-10 08:21:55.004 T:26723   debug <general>: CSMBFile::Close closing fd 10001
2023-11-10 08:21:55.005 T:26723   debug <CAddonSettings[0@weather.gismeteo]>: trying to load setting definitions from old format...
2023-11-10 08:21:55.009 T:26680   debug <general>: CSMBFile::Open - opened smb://USERNAME:PASSWORD@192.168.1.10/Films/Kodi Backup/Android/data/org.xbmc.kodi/files/.kodi/userdata/playlists/video/Horror.xsp, fd=10001
2023-11-10 08:21:55.009 T:26723   debug <general>: CSMBFile::Open - opened smb://USERNAME:PASSWORD@192.168.1.10/Films/Kodi Backup/Android/data/org.xbmc.kodi/files/.kodi/userdata/addon_data/weather.gismeteo/settings.xml, fd=10000
2023-11-10 08:21:55.018 T:26680   debug <general>: CSMBFile::Close closing fd 10001
2023-11-10 08:21:55.024 T:26723   debug <general>: CSMBFile::Close closing fd 10000
2023-11-10 08:21:55.025 T:26723   debug <CSettingsManager>: requested setting (label1) was not found.
2023-11-10 08:21:55.025 T:26723   debug <CSettingsManager>: requested setting (label3) was not found.
2023-11-10 08:21:55.025 T:26723   debug <CSettingsManager>: requested setting (label5) was not found.
2023-11-10 08:21:55.025 T:26723   debug <CSettingsManager>: requested setting (label7) was not found.
2023-11-10 08:21:55.028 T:26680   debug <general>: CSMBFile::Open - opened smb://USERNAME:PASSWORD@192.168.1.10/Films/Kodi Backup/Android/data/org.xbmc.kodi/files/.kodi/userdata/playlists/video/Horror.xsp, fd=10000
2023-11-10 08:21:55.028 T:26723   debug <general>: CPythonInvoker(13, /storage/emulated/0/Android/data/org.xbmc.kodi/files/.kodi/addons/weather.gismeteo/default.py): script successfully run
2023-11-10 08:21:55.028 T:26723   debug <general>: onExecutionDone(13, /storage/emulated/0/Android/data/org.xbmc.kodi/files/.kodi/addons/weather.gismeteo/default.py)
2023-11-10 08:21:55.036 T:26680   debug <general>: CSMBFile::Close closing fd 10000
2023-11-10 08:21:55.041 T:26680   debug <general>: CSMBFile::Open - opened smb://USERNAME:PASSWORD@192.168.1.10/Films/Kodi Backup/Android/data/org.xbmc.kodi/files/.kodi/userdata/playlists/video/Horror.xsp, fd=10000
2023-11-10 08:21:55.049 T:26680   debug <general>: CSMBFile::Close closing fd 10000
2023-11-10 08:21:55.053 T:26680   debug <general>: CSMBFile::Open - opened smb://USERNAME:PASSWORD@192.168.1.10/Films/Kodi Backup/Android/data/org.xbmc.kodi/files/.kodi/userdata/playlists/video/Horror.xsp, fd=10000
2023-11-10 08:21:55.062 T:26680   debug <general>: CSMBFile::Close closing fd 10000
2023-11-10 08:21:55.067 T:26723   debug <general>: .
2023-11-10 08:21:55.069 T:26680   debug <general>: CSMBFile::Open - opened smb://USERNAME:PASSWORD@192.168.1.10/Films/Kodi Backup/Android/data/org.xbmc.kodi/files/.kodi/userdata/playlists/video/Romance.xsp, fd=10000
2023-11-10 08:21:55.078 T:26680   debug <general>: CSMBFile::Close closing fd 10000
2023-11-10 08:21:55.080 T:26680   debug <general>: CSMBFile::Open - opened smb://USERNAME:PASSWORD@192.168.1.10/Films/Kodi Backup/Android/data/org.xbmc.kodi/files/.kodi/userdata/playlists/video/Romance.xsp, fd=10000
2023-11-10 08:21:55.090 T:26680   debug <general>: CSMBFile::Close closing fd 10000
2023-11-10 08:21:55.090 T:26680   debug <general>: connect replacing configured host 192.168.1.10 with resolved host 192.168.1.10
2023-11-10 08:21:55.120 T:26680   debug <general>: This query part contains a like, we will double backslash in the next field:  LIKE '
2023-11-10 08:21:55.217 T:26723    info <general>: Skipped 1 duplicate messages..
2023-11-10 08:21:55.217 T:26723   debug <general>: Python interpreter stopped
2023-11-10 08:21:55.217 T:26723   debug <general>: Thread LanguageInvoker 159241915584 terminating
2023-11-10 08:21:55.242 T:26736   debug <general>: connect replacing configured host 192.168.1.10 with resolved host 192.168.1.10
2023-11-10 08:21:55.260 T:26662   debug <general>: POParser: loaded 131 weather tokens
2023-11-10 08:21:55.314 T:26736   debug <general>: connect replacing configured host 192.168.1.10 with resolved host 192.168.1.10
2023-11-10 08:21:55.357 T:26680   debug <general>: CSMBFile::Open - opened smb://USERNAME:PASSWORD@192.168.1.10/Films/Kodi Backup/Android/data/org.xbmc.kodi/files/.kodi/userdata/playlists/video/Romance.xsp, fd=10000
2023-11-10 08:21:55.364 T:26680   debug <general>: CSMBFile::Close closing fd 10000
2023-11-10 08:21:55.389 T:26680   debug <general>: CSMBFile::Open - opened smb://USERNAME:PASSWORD@192.168.1.10/Films/Kodi Backup/Android/data/org.xbmc.kodi/files/.kodi/userdata/playlists/video/Romance.xsp, fd=10000
2023-11-10 08:21:55.393 T:26736   debug <general>: connect replacing configured host 192.168.1.10 with resolved host 192.168.1.10
2023-11-10 08:21:55.397 T:26680   debug <general>: CSMBFile::Close closing fd 10000
2023-11-10 08:21:55.422 T:26680   debug <general>: CSMBFile::Open - opened smb://USERNAME:PASSWORD@192.168.1.10/Films/Kodi Backup/Android/data/org.xbmc.kodi/files/.kodi/userdata/playlists/video/Romance.xsp, fd=10000
2023-11-10 08:21:55.430 T:26680   debug <general>: CSMBFile::Close closing fd 10000
2023-11-10 08:21:55.461 T:26680   debug <general>: CSMBFile::Open - opened smb://USERNAME:PASSWORD@192.168.1.10/Films/Kodi Backup/Android/data/org.xbmc.kodi/files/.kodi/userdata/playlists/video/Ru.xsp, fd=10000
2023-11-10 08:21:55.463 T:26736   debug <general>: connect replacing configured host 192.168.1.10 with resolved host 192.168.1.10
2023-11-10 08:21:55.469 T:26680   debug <general>: CSMBFile::Close closing fd 10000
2023-11-10 08:21:55.471 T:26680   debug <general>: CSMBFile::Open - opened smb://USERNAME:PASSWORD@192.168.1.10/Films/Kodi Backup/Android/data/org.xbmc.kodi/files/.kodi/userdata/playlists/video/Ru.xsp, fd=10000
2023-11-10 08:21:55.481 T:26680   debug <general>: CSMBFile::Close closing fd 10000
2023-11-10 08:21:55.481 T:26680   debug <general>: connect replacing configured host 192.168.1.10 with resolved host 192.168.1.10
2023-11-10 08:21:55.516 T:26680   debug <general>: This query part contains a like, we will double backslash in the next field:  LIKE '
2023-11-10 08:21:55.537 T:26736    info <general>: Skipped 3 duplicate messages..
2023-11-10 08:21:55.537 T:26736   debug <general>: connect replacing configured host 192.168.1.10 with resolved host 192.168.1.10
2023-11-10 08:21:55.590 T:26680   debug <general>: CSMBFile::Open - opened smb://USERNAME:PASSWORD@192.168.1.10/Films/Kodi Backup/Android/data/org.xbmc.kodi/files/.kodi/userdata/playlists/video/Ru.xsp, fd=10000
2023-11-10 08:21:55.599 T:26680   debug <general>: CSMBFile::Close closing fd 10000
2023-11-10 08:21:55.603 T:26680   debug <general>: CSMBFile::Open - opened smb://USERNAME:PASSWORD@192.168.1.10/Films/Kodi Backup/Android/data/org.xbmc.kodi/files/.kodi/userdata/playlists/video/Ru.xsp, fd=10000
2023-11-10 08:21:55.610 T:26736   debug <general>: connect replacing configured host 192.168.1.10 with resolved host 192.168.1.10
2023-11-10 08:21:55.611 T:26680   debug <general>: CSMBFile::Close closing fd 10000
2023-11-10 08:21:55.614 T:26680   debug <general>: CSMBFile::Open - opened smb://USERNAME:PASSWORD@192.168.1.10/Films/Kodi Backup/Android/data/org.xbmc.kodi/files/.kodi/userdata/playlists/video/Ru.xsp, fd=10000
2023-11-10 08:21:55.622 T:26680   debug <general>: CSMBFile::Close closing fd 10000
2023-11-10 08:21:55.626 T:26680   debug <general>: CSMBFile::Open - opened smb://USERNAME:PASSWORD@192.168.1.10/Films/Kodi Backup/Android/data/org.xbmc.kodi/files/.kodi/userdata/playlists/video/Sci-Fi.xsp, fd=10000
2023-11-10 08:21:55.634 T:26680   debug <general>: CSMBFile::Close closing fd 10000
2023-11-10 08:21:55.658 T:26680   debug <general>: CSMBFile::Open - opened smb://USERNAME:PASSWORD@192.168.1.10/Films/Kodi Backup/Android/data/org.xbmc.kodi/files/.kodi/userdata/playlists/video/Sci-Fi.xsp, fd=10000
2023-11-10 08:21:55.668 T:26680   debug <general>: CSMBFile::Close closing fd 10000
2023-11-10 08:21:55.687 T:26736   debug <general>: connect replacing configured host 192.168.1.10 with resolved host 192.168.1.10
2023-11-10 08:21:55.692 T:26680   debug <general>: CSMBFile::Open - opened smb://USERNAME:PASSWORD@192.168.1.10/Films/Kodi Backup/Android/data/org.xbmc.kodi/files/.kodi/userdata/playlists/video/Sci-Fi.xsp, fd=10000
2023-11-10 08:21:55.700 T:26680   debug <general>: CSMBFile::Close closing fd 10000
2023-11-10 08:21:55.720 T:26680   debug <general>: CSMBFile::Open - opened smb://USERNAME:PASSWORD@192.168.1.10/Films/Kodi Backup/Android/data/org.xbmc.kodi/files/.kodi/userdata/playlists/video/Sci-Fi.xsp, fd=10000
2023-11-10 08:21:55.727 T:26680   debug <general>: CSMBFile::Close closing fd 10000
2023-11-10 08:21:55.749 T:26730 warning <general>: Setting most video properties through ListItem.setInfo() is deprecated and might be removed in future Kodi versions. Please use the respective setter in InfoTagVideo.
2023-11-10 08:21:55.751 T:26680   debug <general>: CSMBFile::Open - opened smb://USERNAME:PASSWORD@192.168.1.10/Films/Kodi Backup/Android/data/org.xbmc.kodi/files/.kodi/userdata/playlists/video/Sports.xsp, fd=10000
2023-11-10 08:21:55.758 T:26736   debug <general>: connect replacing configured host 192.168.1.10 with resolved host 192.168.1.10
2023-11-10 08:21:55.759 T:26680   debug <general>: CSMBFile::Close closing fd 10000
2023-11-10 08:21:55.761 T:26680   debug <general>: CSMBFile::Open - opened smb://USERNAME:PASSWORD@192.168.1.10/Films/Kodi Backup/Android/data/org.xbmc.kodi/files/.kodi/userdata/playlists/video/Sports.xsp, fd=10000
2023-11-10 08:21:55.766 T:26730 warning <general>: Setting most video properties through ListItem.setInfo() is deprecated and might be removed in future Kodi versions. Please use the respective setter in InfoTagVideo.
2023-11-10 08:21:55.769 T:26680   debug <general>: CSMBFile::Close closing fd 10000
2023-11-10 08:21:55.770 T:26680   debug <general>: connect replacing configured host 192.168.1.10 with resolved host 192.168.1.10
2023-11-10 08:21:55.784 T:26730 warning <general>: Setting most video properties through ListItem.setInfo() is deprecated and might be removed in future Kodi versions. Please use the respective setter in InfoTagVideo.
2023-11-10 08:21:55.798 T:26680   debug <general>: This query part contains a like, we will double backslash in the next field:  LIKE '
2023-11-10 08:21:55.799 T:26730 warning <general>: Setting most video properties through ListItem.setInfo() is deprecated and might be removed in future Kodi versions. Please use the respective setter in InfoTagVideo.
2023-11-10 08:21:55.801 T:26680   debug <general>: This query part contains a like, we will double backslash in the next field:  LIKE '
2023-11-10 08:21:55.816 T:26730 warning <general>: Setting most video properties through ListItem.setInfo() is deprecated and might be removed in future Kodi versions. Please use the respective setter in InfoTagVideo.
2023-11-10 08:21:55.831 T:26736    info <general>: Skipped 1 duplicate messages..
2023-11-10 08:21:55.831 T:26736   debug <general>: connect replacing configured host 192.168.1.10 with resolved host 192.168.1.10
2023-11-10 08:21:55.832 T:26730 warning <general>: Setting most video properties through ListItem.setInfo() is deprecated and might be removed in future Kodi versions. Please use the respective setter in InfoTagVideo.
2023-11-10 08:21:55.901 T:26736    info <general>: Skipped 9 duplicate messages..
2023-11-10 08:21:55.901 T:26736   debug <general>: connect replacing configured host 192.168.1.10 with resolved host 192.168.1.10
2023-11-10 08:21:55.916 T:26730 warning <general>: Setting most video properties through ListItem.setInfo() is deprecated and might be removed in future Kodi versions. Please use the respective setter in InfoTagVideo.
2023-11-10 08:21:55.919 T:26680    info <general>: Skipped 1 duplicate messages..
2023-11-10 08:21:55.919 T:26680   debug <general>: CSMBFile::Open - opened smb://USERNAME:PASSWORD@192.168.1.10/Films/Kodi Backup/Android/data/org.xbmc.kodi/files/.kodi/userdata/playlists/video/Sports.xsp, fd=10000
2023-11-10 08:21:55.922 T:26730 warning <general>: Setting most video properties through ListItem.setInfo() is deprecated and might be removed in future Kodi versions. Please use the respective setter in InfoTagVideo.
2023-11-10 08:21:55.928 T:26680    info <general>: Skipped 2 duplicate messages..
2023-11-10 08:21:55.928 T:26680   debug <general>: CSMBFile::Close closing fd 10000
2023-11-10 08:21:55.929 T:26730 warning <general>: Setting most video properties through ListItem.setInfo() is deprecated and might be removed in future Kodi versions. Please use the respective setter in InfoTagVideo.
2023-11-10 08:21:55.936 T:26680    info <general>: Skipped 1 duplicate messages..
2023-11-10 08:21:55.936 T:26680   debug <general>: CSMBFile::Open - opened smb://USERNAME:PASSWORD@192.168.1.10/Films/Kodi Backup/Android/data/org.xbmc.kodi/files/.kodi/userdata/playlists/video/Sports.xsp, fd=10000
2023-11-10 08:21:55.943 T:26730 warning <general>: Setting most video properties through ListItem.setInfo() is deprecated and might be removed in future Kodi versions. Please use the respective setter in InfoTagVideo.
2023-11-10 08:21:55.944 T:26680   debug <general>: CSMBFile::Close closing fd 10000
2023-11-10 08:21:55.946 T:26730 warning <general>: Setting most video properties through ListItem.setInfo() is deprecated and might be removed in future Kodi versions. Please use the respective setter in InfoTagVideo.
2023-11-10 08:21:55.956 T:26730    info <general>: Skipped 2 duplicate messages..
2023-11-10 08:21:55.956 T:26730   debug <general>: CPythonInvoker(15, /storage/emulated/0/Android/data/org.xbmc.kodi/files/.kodi/addons/plugin.video.sporthdme/default.py): script successfully run
2023-11-10 08:21:55.956 T:26730   debug <general>: onExecutionDone(15, /storage/emulated/0/Android/data/org.xbmc.kodi/files/.kodi/addons/plugin.video.sporthdme/default.py)
2023-11-10 08:21:55.964 T:26680   debug <general>: CSMBFile::Open - opened smb://USERNAME:PASSWORD@192.168.1.10/Films/Kodi Backup/Android/data/org.xbmc.kodi/files/.kodi/userdata/playlists/video/Sports.xsp, fd=10000
2023-11-10 08:21:55.972 T:26680   debug <general>: CSMBFile::Close closing fd 10000
2023-11-10 08:21:55.983 T:26729   debug <general>: Thread waiting 159261265088 terminating
2023-11-10 08:21:55.983 T:26624   debug <general>: ------ Window Deinit (DialogBusy.xml) ------
2023-11-10 08:21:55.983 T:26680   debug <general>: CSMBFile::Open - opened smb://USERNAME:PASSWORD@192.168.1.10/Films/Kodi Backup/Android/data/org.xbmc.kodi/files/.kodi/userdata/playlists/video/Thriller.xsp, fd=10000
2023-11-10 08:21:55.984 T:26624   debug <general>: Saving fileitems [plugin://plugin.video.sporthdme/?description&iconimage=%2fstorage%2femulated%2f0%2fAndroid%2fdata%2forg.xbmc.kodi%2ffiles%2f.kodi%2faddons%2fplugin.video.sporthdme%2ficon.png&mode=5&name=%5bB%5d%5bCOLOR%20white%5dLIVE%20EVENTS%5b%2fCOLOR%5d%5b%2fB%5d&url=https%3a%2f%2f1.livesoccer.sx%2f]
2023-11-10 08:21:55.985 T:26624   debug <general>:   -- items: 27, sort method: 0, ascending: false
2023-11-10 08:21:55.989 T:26736   debug <general>: connect replacing configured host 192.168.1.10 with resolved host 192.168.1.10
2023-11-10 08:21:55.991 T:26680   debug <general>: CSMBFile::Close closing fd 10000
2023-11-10 08:21:55.991 T:26738   debug <general>: Thread BackgroundLoader start, auto delete: false
2023-11-10 08:21:55.992 T:26738   debug <general>: connect replacing configured host 192.168.1.10 with resolved host 192.168.1.10
2023-11-10 08:21:55.993 T:26680   debug <general>: CSMBFile::Open - opened smb://USERNAME:PASSWORD@192.168.1.10/Films/Kodi Backup/Android/data/org.xbmc.kodi/files/.kodi/userdata/playlists/video/Thriller.xsp, fd=10000
2023-11-10 08:21:56.001 T:26680   debug <general>: CSMBFile::Close closing fd 10000
2023-11-10 08:21:56.001 T:26680   debug <general>: connect replacing configured host 192.168.1.10 with resolved host 192.168.1.10
2023-11-10 08:21:56.012 T:26624   debug <general>: ffmpeg[0x0]: [image2] Custom AVIOContext makes no sense and will be ignored with AVFMT_NOFILE format.
2023-11-10 08:21:56.026 T:26624   debug <general>: ffmpeg[0x0]: [swscaler] No accelerated colorspace conversion found from yuv420p to bgra.
2023-11-10 08:21:56.032 T:26680   debug <general>: This query part contains a like, we will double backslash in the next field:  LIKE '
2023-11-10 08:21:56.044 T:26662    info <general>: Skipped 1 duplicate messages..
2023-11-10 08:21:56.044 T:26662   debug <general>: CSMBFile::Open - opened smb://USERNAME:PASSWORD@192.168.1.10/Films/Kodi Backup/Android/data/org.xbmc.kodi/files/.kodi/userdata/Thumbnails/9/90d8f9d2.png, fd=10000
2023-11-10 08:21:56.045 T:26624   debug <general>: CDirectoryProvider[plugin://script.embuary.helper/?info=jumptoletter&showall=false&reload=27]: refreshing..
2023-11-10 08:21:56.045 T:26711   debug <general>: CScriptRunner: running add-on script Embuary Helper('plugin://script.embuary.helper/', '4', '?info=jumptoletter&showall=false&reload=27')
2023-11-10 08:21:56.046 T:26739   debug <general>: Thread LanguageInvoker start, auto delete: false
2023-11-10 08:21:56.046 T:26739   debug <general>: initializing python engine.
2023-11-10 08:21:56.046 T:26739   debug <general>: CPythonInvoker(16, /storage/emulated/0/Android/data/org.xbmc.kodi/files/.kodi/addons/script.embuary.helper/plugin.py): start processing
2023-11-10 08:21:56.053 T:26662   debug <general>: CSMBFile::Close closing fd 10000
2023-11-10 08:21:56.074 T:26736   debug <general>: connect replacing configured host 192.168.1.10 with resolved host 192.168.1.10
2023-11-10 08:21:56.075 T:26738   debug <general>: Thread BackgroundLoader 159242013888 terminating
2023-11-10 08:21:56.117 T:26730   debug <general>: Python interpreter stopped
2023-11-10 08:21:56.117 T:26730   debug <general>: Thread LanguageInvoker 159262928064 terminating
2023-11-10 08:21:56.139 T:26680   debug <general>: CSMBFile::Open - opened smb://USERNAME:PASSWORD@192.168.1.10/Films/Kodi Backup/Android/data/org.xbmc.kodi/files/.kodi/userdata/playlists/video/Thriller.xsp, fd=10000
2023-11-10 08:21:56.146 T:26736   debug <general>: connect replacing configured host 192.168.1.10 with resolved host 192.168.1.10
2023-11-10 08:21:56.147 T:26680   debug <general>: CSMBFile::Close closing fd 10000
2023-11-10 08:21:56.155 T:26739   debug <general>: -->Python Interpreter Initialized<--
2023-11-10 08:21:56.155 T:26680   debug <general>: CSMBFile::Open - opened smb://USERNAME:PASSWORD@192.168.1.10/Films/Kodi Backup/Android/data/org.xbmc.kodi/files/.kodi/userdata/playlists/video/Thriller.xsp, fd=10000
2023-11-10 08:21:56.155 T:26739   debug <general>: 
 
2023-11-10 08:21:56.155 T:26739   debug <general>: CPythonInvoker(16, /storage/emulated/0/Android/data/org.xbmc.kodi/files/.kodi/addons/script.embuary.helper/plugin.py): the source file to load is "/storage/emulated/0/Android/data/org.xbmc.kodi/files/.kodi/addons/script.embuary.helper/plugin.py"
2023-11-10 08:21:56.155 T:26739   debug <general>: CPythonInvoker(16): full python path:
2023-11-10 08:21:56.155 T:26739   debug <general>: CPythonInvoker(16):   custom python path:
2023-11-10 08:21:56.155 T:26739   debug <general>: CPythonInvoker(16):     /data/user/0/org.xbmc.kodi/cache/apk/assets/addons/script.module.pil/lib
2023-11-10 08:21:56.155 T:26739   debug <general>: CPythonInvoker(16):     /storage/emulated/0/Android/data/org.xbmc.kodi/files/.kodi/addons/script.embuary.helper
2023-11-10 08:21:56.155 T:26739   debug <general>: CPythonInvoker(16):   default python path:
2023-11-10 08:21:56.155 T:26739   debug <general>: CPythonInvoker(16):     /data/user/0/org.xbmc.kodi/cache/apk/assets/python3.11/lib/python311.zip
2023-11-10 08:21:56.156 T:26739   debug <general>: CPythonInvoker(16):     /data/user/0/org.xbmc.kodi/cache/apk/assets/python3.11
2023-11-10 08:21:56.156 T:26739   debug <general>: CPythonInvoker(16):     /data/user/0/org.xbmc.kodi/cache/apk/assets/python3.11/site-packages
2023-11-10 08:21:56.156 T:26739   debug <general>: CPythonInvoker(16):     /data/user/0/org.xbmc.kodi/cache/apk/assets/python3.11/lib/python3.11
2023-11-10 08:21:56.156 T:26739   debug <general>: CPythonInvoker(16):     /data/user/0/org.xbmc.kodi/cache/apk/assets/python3.11/lib/python3.11/lib-dynload
2023-11-10 08:21:56.156 T:26739   debug <general>: CPythonInvoker(16):     /data/user/0/org.xbmc.kodi/cache/apk/assets/python3.11/lib/python3.11/site-packages
2023-11-10 08:21:56.156 T:26739   debug <general>: CPythonInvoker(16):     /data/user/0/org.xbmc.kodi/cache/apk/assets/python3.11/lib/python3.11/site-packages/setuptools-65.5.0.post20230629-py3.11.egg
2023-11-10 08:21:56.156 T:26739   debug <general>: CPythonInvoker(16): adding args:
2023-11-10 08:21:56.156 T:26739   debug <general>: CPythonInvoker(16):  plugin://script.embuary.helper/
2023-11-10 08:21:56.156 T:26739   debug <general>: CPythonInvoker(16):  4
2023-11-10 08:21:56.156 T:26739   debug <general>: CPythonInvoker(16):  ?info=jumptoletter&showall=false&reload=27
2023-11-10 08:21:56.156 T:26739   debug <general>: CPythonInvoker(16):  resume:false
2023-11-10 08:21:56.156 T:26739   debug <general>: CPythonInvoker(16, /storage/emulated/0/Android/data/org.xbmc.kodi/files/.kodi/addons/script.embuary.helper/plugin.py): entering source directory /storage/emulated/0/Android/data/org.xbmc.kodi/files/.kodi/addons/script.embuary.helper
2023-11-10 08:21:56.156 T:26739   debug <general>: CPythonInvoker(16, /storage/emulated/0/Android/data/org.xbmc.kodi/files/.kodi/addons/script.embuary.helper/plugin.py): instantiating addon using automatically obtained id of "script.embuary.helper" dependent on version 3.0.0 of the xbmc.python api
2023-11-10 08:21:56.162 T:26680   debug <general>: CSMBFile::Close closing fd 10000
2023-11-10 08:21:56.170 T:26680   debug <general>: CSMBFile::Open - opened smb://USERNAME:PASSWORD@192.168.1.10/Films/Kodi Backup/Android/data/org.xbmc.kodi/files/.kodi/userdata/playlists/video/Thriller.xsp, fd=10000
2023-11-10 08:21:56.177 T:26680   debug <general>: CSMBFile::Close closing fd 10000
2023-11-10 08:21:56.186 T:26680   debug <general>: CSMBFile::Open - opened smb://USERNAME:PASSWORD@192.168.1.10/Films/Kodi Backup/Android/data/org.xbmc.kodi/files/.kodi/userdata/playlists/video/War.xsp, fd=10000
2023-11-10 08:21:56.195 T:26680   debug <general>: CSMBFile::Close closing fd 10000
2023-11-10 08:21:56.196 T:26680   debug <general>: CSMBFile::Open - opened smb://USERNAME:PASSWORD@192.168.1.10/Films/Kodi Backup/Android/data/org.xbmc.kodi/files/.kodi/userdata/playlists/video/War.xsp, fd=10000
2023-11-10 08:21:56.206 T:26680   debug <general>: CSMBFile::Close closing fd 10000
2023-11-10 08:21:56.206 T:26680   debug <general>: connect replacing configured host 192.168.1.10 with resolved host 192.168.1.10
2023-11-10 08:21:56.238 T:26680    info <general>: Skipped 1 duplicate messages..
2023-11-10 08:21:56.238 T:26680   debug <general>: This query part contains a like, we will double backslash in the next field:  LIKE '
2023-11-10 08:21:56.289 T:26736    info <general>: Skipped 1 duplicate messages..
2023-11-10 08:21:56.289 T:26736   debug <general>: connect replacing configured host 192.168.1.10 with resolved host 192.168.1.10
2023-11-10 08:21:56.334 T:26680   debug <general>: CSMBFile::Open - opened smb://USERNAME:PASSWORD@192.168.1.10/Films/Kodi Backup/Android/data/org.xbmc.kodi/files/.kodi/userdata/playlists/video/War.xsp, fd=10000
2023-11-10 08:21:56.342 T:26680   debug <general>: CSMBFile::Close closing fd 10000
2023-11-10 08:21:56.348 T:26680   debug <general>: CSMBFile::Open - opened smb://USERNAME:PASSWORD@192.168.1.10/Films/Kodi Backup/Android/data/org.xbmc.kodi/files/.kodi/userdata/playlists/video/War.xsp, fd=10000
2023-11-10 08:21:56.357 T:26680   debug <general>: CSMBFile::Close closing fd 10000
2023-11-10 08:21:56.360 T:26736   debug <general>: connect replacing configured host 192.168.1.10 with resolved host 192.168.1.10
2023-11-10 08:21:56.363 T:26680   debug <general>: CSMBFile::Open - opened smb://USERNAME:PASSWORD@192.168.1.10/Films/Kodi Backup/Android/data/org.xbmc.kodi/files/.kodi/userdata/playlists/video/War.xsp, fd=10000
2023-11-10 08:21:56.372 T:26680   debug <general>: CSMBFile::Close closing fd 10000
2023-11-10 08:21:56.437 T:26736   debug <general>: connect replacing configured host 192.168.1.10 with resolved host 192.168.1.10
2023-11-10 08:21:56.476 T:26739   debug <CAddonSettings[0@script.embuary.helper]>: trying to load setting definitions from old format...
2023-11-10 08:21:56.482 T:26739   debug <general>: CPythonInvoker(16, /storage/emulated/0/Android/data/org.xbmc.kodi/files/.kodi/addons/script.embuary.helper/plugin.py): script successfully run
2023-11-10 08:21:56.482 T:26739   debug <general>: onExecutionDone(16, /storage/emulated/0/Android/data/org.xbmc.kodi/files/.kodi/addons/script.embuary.helper/plugin.py)
2023-11-10 08:21:56.503 T:26736   debug <general>: connect replacing configured host 192.168.1.10 with resolved host 192.168.1.10
2023-11-10 08:21:56.508 T:26739   debug <general>: .
2023-11-10 08:21:56.573 T:26736   debug <general>: connect replacing configured host 192.168.1.10 with resolved host 192.168.1.10
2023-11-10 08:21:56.586 T:26739   debug <general>: Python interpreter stopped
2023-11-10 08:21:56.586 T:26739   debug <general>: Thread LanguageInvoker 159248043200 terminating
2023-11-10 08:21:56.644 T:26736   debug <general>: connect replacing configured host 192.168.1.10 with resolved host 192.168.1.10
2023-11-10 08:21:57.099 T:26624    info <general>: Skipped 6 duplicate messages..
2023-11-10 08:21:57.099 T:26624   debug <general>: Keyboard: scancode: 0x17, sym: 0x0d, unicode: 0x00, modifier: 0x0
2023-11-10 08:21:57.099 T:26736   debug <general>: connect replacing configured host 192.168.1.10 with resolved host 192.168.1.10
2023-11-10 08:21:57.269 T:26624    info <general>: Skipped 2 duplicate messages..
2023-11-10 08:21:57.269 T:26624   debug <general>: Keyboard: scancode: 0x17, sym: 0x0d, unicode: 0x00, modifier: 0x0
2023-11-10 08:21:57.269 T:26624   debug <general>: HandleKey: return (0xf00d) pressed, window 10025, action is Select
2023-11-10 08:21:57.270 T:26624   debug <general>: connect replacing configured host 192.168.1.10 with resolved host 192.168.1.10
2023-11-10 08:21:57.302 T:26624    info <general>: Skipped 1 duplicate messages..
2023-11-10 08:21:57.302 T:26624   debug <general>: CScriptRunner: running add-on script SportHD('plugin://plugin.video.sporthdme/', '-1', '?url=PGRpdiBzdHlsZT0ibWFyZ2luLXRvcDo1cHg7ZGlzcGxheTpmbGV4O2FsaWduLWl0ZW1zOmNlbnRlciI%252BIDxkaXYgc3R5bGU9Im1hcmdpbi1yaWdodDogOHB4O2NvbG9yOiAjZWNiMTUyOyI%252BIDxpIGNsYXNzPSJmYSBmYS1leHRlcm5hbC1saW5rIiBhcmlhLWhpZGRlbj0idHJ1ZSI%252BPC9pPiA8L2Rpdj4gPGRpdiBzdHlsZT0ibWFyZ2luLXRvcDotMTBweCI%252BIDxkaXYgY2xhc3M9Im15dG9vbHRpcCB0b29sdGlwLWVmZmVjdC0xIiBzdHlsZT0id2hpdGUtc3BhY2U6IG5vd3JhcDtkaXNwbGF5OmlubGluZS1ibG9jazttYXJnaW4tdG9wOjEwcHgiPiA8c3BhbiBjbGFzcz0idG9vbHRpcC1pdGVtIj4gPGEgIGhyZWY9Imh0dHBzOi8vaXN0b3JtLmxpdmUvZmxhc2gyIiBjbGFzcz0iaG92ZXItdGhpcyIgb25jbGljaz0id2luZG93Lm9wZW4oJ2h0dHBzOi8vaXN0b3JtLmxpdmUvZmxhc2gyJywgJ25ld3dpbmRvdycsICd3aWR0aD04MDAsaGVpZ2h0PTYwMCcpOyByZXR1cm4gZmFsc2U7IiBzdHlsZT0icGFkZGluZzozcHg7YmFja2dyb3VuZC1jb2xvcjojMDtmb250LXNpemU6MTEuNXB4O2JvcmRlci1yYWRpdXM6MHB4O2NvbG9yOiNkNWQ5ZGI7IGJhY2tncm91bmQtY29sb3I6ICMzYjQyNGE7Ij4gTGluayAjMSAoRU4pIDwvYT4gPC9zcGFuPiA8c3BhbiBjbGFzcz0idG9vbHRpcC1jb250ZW50IGNsZWFyZml4Ij4gPGltZyBzcmM9Ii9mbGFncy1yb3VuZC9lbi5wbmciPiA8L3NwYW4%252BIDwvZGl2PiA8ZGl2IGNsYXNzPSJteXRvb2x0aXAgdG9vbHRpcC1lZmZlY3QtMSIgc3R5bGU9IndoaXRlLXNwYWNlOiBub3dyYXA7ZGlzcGxheTppbmxpbmUtYmxvY2s7bWFyZ2luLXRvcDoxMHB4Ij4gPHNwYW4gY2xhc3M9InRvb2x0aXAtaXRlbSI%252BIDxhICBocmVmPSJodHRwczovL2Nvb2xyZWEubGluay9mbGFzaDIiIGNsYXNzPSJob3Zlci10aGlzIiBvbmNsaWNrPSJ3aW5kb3cub3BlbignaHR0cHM6Ly9jb29scmVhLmxpbmsvZmxhc2gyJywgJ25ld3dpbmRvdycsICd3aWR0aD04MDAsaGVpZ2h0PTYwMCcpOyByZXR1cm4gZmFsc2U7IiBzdHlsZT0icGFkZGluZzozcHg7YmFja2dyb3VuZC1jb2xvcjojMDtmb250LXNpemU6MTEuNXB4O2JvcmRlci1yYWRpdXM6MHB4O2NvbG9yOiNkNWQ5ZGI7IGJhY2tncm91bmQtY29sb3I6ICMzYjQyNGE7Ij4gTGluayAjMiAoRU4pIDwvYT4gPC9zcGFuPiA8c3BhbiBjbGFzcz0idG9vbHRpcC1jb250ZW50IGNsZWFyZml4Ij4gPGltZyBzcmM9Ii9mbGFncy1yb3VuZC9lbi5wbmciPiA8L3NwYW4%252BIDwvZGl2PiA8ZGl2IGNsYXNzPSJteXRvb2x0aXAgdG9vbHRpcC1lZmZlY3QtMSIgc3R5bGU9IndoaXRlLXNwYWNlOiBub3dyYXA7ZGlzcGxheTppbmxpbmUtYmxvY2s7bWFyZ2luLXRvcDoxMHB4Ij4gPHNwYW4gY2xhc3M9InRvb2x0aXAtaXRlbSI%252BIDxhICBocmVmPSJodHRwczovL2lzdG9ybS5saXZlL2ZsYXNoMTAiIGNsYXNzPSJob3Zlci10aGlzIiBvbmNsaWNrPSJ3aW5kb3cub3BlbignaHR0cHM6Ly9pc3Rvcm0ubGl2ZS9mbGFzaDEwJywgJ25ld3dpbmRvdycsICd3aWR0aD04MDAsaGVpZ2h0PTYwMCcpOyByZXR1cm4gZmFsc2U7IiBzdHlsZT0icGFkZGluZzozcHg7YmFja2dyb3VuZC1jb2xvcjojMDtmb250LXNpemU6MTEuNXB4O2JvcmRlci1yYWRpdXM6MHB4O2NvbG9yOiNkNWQ5ZGI7IGJhY2tncm91bmQtY29sb3I6ICMzYjQyNGE7Ij4gTGluayAjMyAoRVMpIDwvYT4gPC9zcGFuPiA8c3BhbiBjbGFzcz0idG9vbHRpcC1jb250ZW50IGNsZWFyZml4Ij4gPGltZyBzcmM9Ii9mbGFncy1yb3VuZC9lcy5wbmciPiA8L3NwYW4%252BIDwvZGl2PiA8ZGl2IGNsYXNzPSJteXRvb2x0aXAgdG9vbHRpcC1lZmZlY3QtMSIgc3R5bGU9IndoaXRlLXNwYWNlOiBub3dyYXA7ZGlzcGxheTppbmxpbmUtYmxvY2s7bWFyZ2luLXRvcDoxMHB4Ij4gPHNwYW4gY2xhc3M9InRvb2x0aXAtaXRlbSI%252BIDxhICBocmVmPSJodHRwczovL2Nvb2xyZWEubGluay9mbGFzaDEwIiBjbGFzcz0iaG92ZXItdGhpcyIgb25jbGljaz0id2luZG93Lm9wZW4oJ2h0dHBzOi8vY29vbHJlYS5saW5rL2ZsYXNoMTAnLCAnbmV3d2luZG93JywgJ3dpZHRoPTgwMCxoZWlnaHQ9NjAwJyk7IHJldHVybiBmYWxzZTsiIHN0eWxlPSJwYWRkaW5nOjNweDtiYWNrZ3JvdW5kLWNvbG9yOiMwO2ZvbnQtc2l6ZToxMS41cHg7Ym9yZGVyLXJhZGl1czowcHg7Y29sb3I6I2Q1ZDlkYjsgYmFja2dyb3VuZC1jb2xvcjogIzNiNDI0YTsiPiBMaW5rICM0IChFUykgPC9hPiA8L3NwYW4%252BIDxzcGFuIGNsYXNzPSJ0b29sdGlwLWNvbnRlbnQgY2xlYXJmaXgiPiA8aW1nIHNyYz0iL2ZsYWdzLXJvdW5kL2VzLnBuZyI%252BIDwvc3Bhbj4gPC9kaXY%252BIDwvZGl2PiA8L2Rpdj4%253D&mode=4&name=%5BCOLORlime%5D%2A%5B%2FCOLOR%5D%5BCOLORcyan%5D03%3A00%5B%2FCOLOR%5D+%5BCOLORgold%5D%5BB%5D+Malaysian+Grand+Prix++%C2%A0+Moto+GP%5B%2FB%5D%5B%2FCOLOR%5D+-+%5BI%5DMoto+GP%5B%2FI%5D&iconimage=https%3A%2F%2Fmy.livesoccer.sx%2Fimages%2Fmotorsport.png&description=%5BCOLORlime%5D%2A%5B%2FCOLOR%5D%5BCOLORcyan%5D03%3A00%5B%2FCOLOR%5D+%5BCOLORgold%5D%5BB%5D+Malaysian+Grand+Prix++%C2%A0+Moto+GP%5B%2FB%5D%5B%2FCOLOR%5D+-+%5BI%5DMoto+GP%5B%2FI%5D')
2023-11-10 08:21:57.304 T:26740   debug <general>: Thread LanguageInvoker start, auto delete: false
2023-11-10 08:21:57.304 T:26740   debug <general>: initializing python engine.
2023-11-10 08:21:57.306 T:26740   debug <general>: CPythonInvoker(17, /storage/emulated/0/Android/data/org.xbmc.kodi/files/.kodi/addons/plugin.video.sporthdme/default.py): start processing
2023-11-10 08:21:57.335 T:26740   debug <general>: -->Python Interpreter Initialized<--
2023-11-10 08:21:57.335 T:26740   debug <general>: 
 
2023-11-10 08:21:57.335 T:26740   debug <general>: CPythonInvoker(17, /storage/emulated/0/Android/data/org.xbmc.kodi/files/.kodi/addons/plugin.video.sporthdme/default.py): the source file to load is "/storage/emulated/0/Android/data/org.xbmc.kodi/files/.kodi/addons/plugin.video.sporthdme/default.py"
2023-11-10 08:21:57.335 T:26740   debug <general>: CPythonInvoker(17): full python path:
2023-11-10 08:21:57.336 T:26740   debug <general>: CPythonInvoker(17):   custom python path:
2023-11-10 08:21:57.336 T:26740   debug <general>: CPythonInvoker(17):     /storage/emulated/0/Android/data/org.xbmc.kodi/files/.kodi/addons/plugin.video.sporthdme
2023-11-10 08:21:57.336 T:26740   debug <general>: CPythonInvoker(17):     /storage/emulated/0/Android/data/org.xbmc.kodi/files/.kodi/addons/script.module.dateutil/lib
2023-11-10 08:21:57.336 T:26740   debug <general>: CPythonInvoker(17):     /storage/emulated/0/Android/data/org.xbmc.kodi/files/.kodi/addons/script.module.six/lib
2023-11-10 08:21:57.336 T:26740   debug <general>: CPythonInvoker(17):   default python path:
2023-11-10 08:21:57.336 T:26740   debug <general>: CPythonInvoker(17):     /data/user/0/org.xbmc.kodi/cache/apk/assets/python3.11/lib/python311.zip
2023-11-10 08:21:57.336 T:26740   debug <general>: CPythonInvoker(17):     /data/user/0/org.xbmc.kodi/cache/apk/assets/python3.11
2023-11-10 08:21:57.336 T:26740   debug <general>: CPythonInvoker(17):     /data/user/0/org.xbmc.kodi/cache/apk/assets/python3.11/site-packages
2023-11-10 08:21:57.336 T:26740   debug <general>: CPythonInvoker(17):     /data/user/0/org.xbmc.kodi/cache/apk/assets/python3.11/lib/python3.11
2023-11-10 08:21:57.336 T:26740   debug <general>: CPythonInvoker(17):     /data/user/0/org.xbmc.kodi/cache/apk/assets/python3.11/lib/python3.11/lib-dynload
2023-11-10 08:21:57.336 T:26740   debug <general>: CPythonInvoker(17):     /data/user/0/org.xbmc.kodi/cache/apk/assets/python3.11/lib/python3.11/site-packages
